I0322 21:40:18.818953 17504 processor.cc:898] Processor: complete processing batch f5af66b6-d059-43d2-8636-1ab2105e4881 into model nwt
I0322 21:40:18.818953 17504 cuckoo_watch.h:45] 9ms in ProcessBatch(habrahabr\aaaaag.batch) [including 1ms in LoadMessage; 0ms in InitializeSparseNdw; 4ms in InferThetaAndUpdateNwtSparse; 3ms in CalculateScore(^^^ItemsProcessedScore^^^); ]
I0322 21:40:18.819952 20172 processor.cc:898] Processor: complete processing batch 9bfe6bf2-3eac-4bd0-bcd2-024d866e5b74 into model nwt
I0322 21:40:18.820953 20172 cuckoo_watch.h:45] 11ms in ProcessBatch(habrahabr\aaaaaf.batch) [including 1ms in LoadMessage; 0ms in InitializeSparseNdw; 5ms in InferThetaAndUpdateNwtSparse; 3ms in CalculateScore(^^^ItemsProcessedScore^^^); ]
I0322 21:40:18.824965 16304 master_component.cc:1391] NormalizeModelArgs: pwt_target_name=pwt, nwt_source_name=nwt, rwt_source_name=
I0322 21:40:18.824965 16304 master_component.cc:952] MasterComponent: start normalizing model nwt
I0322 21:40:18.833973 16304 master_component.cc:980] MasterComponent: complete normalizing model nwt
I0322 21:40:18.837976 16304 master_component.cc:1415] DisposeModel rwt
I0322 21:40:18.837976 16304 master_component.cc:1005] FitOffline: ItemsProcessed, num_items=45, num_batches=8, token_weight=264846, token_weight_in_effect=264846
I0322 21:40:18.838977 16752 c_interface.cc:559] Pass GetScoreValueArgs, score_name=^^^ItemsProcessedScore^^^ to MasterComponent::Request
I0322 21:40:18.838977 16752 c_interface.cc:230] ArtmCopyRequestedMessage is copying 45 bytes...
I0322 21:40:18.839978 16304 c_interface.cc:386] Pass FitOfflineMasterModelArgs, batch_filename_size=8, batch_weight_size=8, num_collection_passes=1 to void (__cdecl artm::core::MasterComponent::*)(class artm::FitOfflineMasterModelArgs const & __ptr64) __ptr64
I0322 21:40:18.839978 16304 master_component.cc:1340] ProcessBatchesArgs: nwt_target_name=nwt, batch_filename_size=8, batch_size=0, batch_weight_size=8, pwt_source_name=pwt, num_document_passes=10, reuse_theta=no, opt_for_avx=yes, predict_class_id=
I0322 21:40:18.846985  5464 processor.cc:717] No data in processing queue, waiting...
I0322 21:40:18.850989 10140 processor.cc:724] Processing queue has data, processing started
I0322 21:40:18.850989  5464 processor.cc:724] Processing queue has data, processing started
I0322 21:40:18.850989 17940 processor.cc:802] Processor: start processing batch 89a4094b-d803-4a30-a075-c1acd0c80e0b into model nwt
I0322 21:40:18.850989 10140 processor.cc:802] Processor: start processing batch cabe2728-4981-4997-92c8-2e49f4e48dfa into model nwt
I0322 21:40:18.851991 20172 processor.cc:802] Processor: start processing batch d448d8b4-90bc-4f3b-81a0-ed95698a5573 into model nwt
I0322 21:40:18.851991 11680 processor.cc:802] Processor: start processing batch 2fb45dcf-f7cf-4706-9ac9-5f8564d79017 into model nwt
I0322 21:40:18.851991 12408 processor.cc:802] Processor: start processing batch d6b90fad-7f88-462d-8845-c7b1a973dd0a into model nwt
I0322 21:40:18.851991 17504 processor.cc:802] Processor: start processing batch 9bfe6bf2-3eac-4bd0-bcd2-024d866e5b74 into model nwt
I0322 21:40:18.851991  5464 processor.cc:802] Processor: start processing batch f5af66b6-d059-43d2-8636-1ab2105e4881 into model nwt
I0322 21:40:18.851991  9156 processor.cc:802] Processor: start processing batch 8cfd5d96-4bb6-4921-b27a-73bf3b305605 into model nwt
I0322 21:40:18.853992 17940 processor.cc:898] Processor: complete processing batch 89a4094b-d803-4a30-a075-c1acd0c80e0b into model nwt
I0322 21:40:18.853992 17940 cuckoo_watch.h:45] 3ms in ProcessBatch(habrahabr\aaaaab.batch) [including 0ms in LoadMessage; 0ms in InitializeSparseNdw; 1ms in InferThetaAndUpdateNwtSparse; 0ms in CalculateScore(^^^ItemsProcessedScore^^^); ]
I0322 21:40:18.854993 10140 processor.cc:898] Processor: complete processing batch cabe2728-4981-4997-92c8-2e49f4e48dfa into model nwt
I0322 21:40:18.854993 10140 cuckoo_watch.h:45] 4ms in ProcessBatch(habrahabr\aaaaaa.batch) [including 0ms in LoadMessage; 0ms in InitializeSparseNdw; 1ms in InferThetaAndUpdateNwtSparse; 1ms in CalculateScore(^^^ItemsProcessedScore^^^); ]
I0322 21:40:18.854993 11680 processor.cc:898] Processor: complete processing batch 2fb45dcf-f7cf-4706-9ac9-5f8564d79017 into model nwt
I0322 21:40:18.854993 20172 processor.cc:898] Processor: complete processing batch d448d8b4-90bc-4f3b-81a0-ed95698a5573 into model nwt
I0322 21:40:18.855994 11680 cuckoo_watch.h:45] 5ms in ProcessBatch(habrahabr\aaaaac.batch) [including 0ms in LoadMessage; 0ms in InitializeSparseNdw; 2ms in InferThetaAndUpdateNwtSparse; 1ms in CalculateScore(^^^ItemsProcessedScore^^^); ]
I0322 21:40:18.855994 20172 cuckoo_watch.h:45] 5ms in ProcessBatch(habrahabr\aaaaah.batch) [including 0ms in LoadMessage; 0ms in InitializeSparseNdw; 2ms in InferThetaAndUpdateNwtSparse; 1ms in CalculateScore(^^^ItemsProcessedScore^^^); ]
I0322 21:40:18.855994 12408 processor.cc:898] Processor: complete processing batch d6b90fad-7f88-462d-8845-c7b1a973dd0a into model nwt
I0322 21:40:18.855994 12408 cuckoo_watch.h:45] 5ms in ProcessBatch(habrahabr\aaaaae.batch) [including 0ms in LoadMessage; 0ms in InitializeSparseNdw; 2ms in InferThetaAndUpdateNwtSparse; 1ms in CalculateScore(^^^ItemsProcessedScore^^^); ]
I0322 21:40:18.858997 17504 processor.cc:898] Processor: complete processing batch 9bfe6bf2-3eac-4bd0-bcd2-024d866e5b74 into model nwt
I0322 21:40:18.858997 17504 cuckoo_watch.h:45] 8ms in ProcessBatch(habrahabr\aaaaaf.batch) [including 1ms in LoadMessage; 0ms in InitializeSparseNdw; 3ms in InferThetaAndUpdateNwtSparse; 3ms in CalculateScore(^^^ItemsProcessedScore^^^); ]
I0322 21:40:18.859998  9156 processor.cc:898] Processor: complete processing batch 8cfd5d96-4bb6-4921-b27a-73bf3b305605 into model nwt
I0322 21:40:18.859998  5464 processor.cc:898] Processor: complete processing batch f5af66b6-d059-43d2-8636-1ab2105e4881 into model nwt
I0322 21:40:18.859998  9156 cuckoo_watch.h:45] 9ms in ProcessBatch(habrahabr\aaaaad.batch) [including 1ms in LoadMessage; 0ms in InitializeSparseNdw; 4ms in InferThetaAndUpdateNwtSparse; 3ms in CalculateScore(^^^ItemsProcessedScore^^^); ]
I0322 21:40:18.859998  5464 cuckoo_watch.h:45] 9ms in ProcessBatch(habrahabr\aaaaag.batch) [including 1ms in LoadMessage; 0ms in InitializeSparseNdw; 4ms in InferThetaAndUpdateNwtSparse; 3ms in CalculateScore(^^^ItemsProcessedScore^^^); ]
I0322 21:40:18.861999 16304 master_component.cc:1391] NormalizeModelArgs: pwt_target_name=pwt, nwt_source_name=nwt, rwt_source_name=
I0322 21:40:18.861999 16304 master_component.cc:952] MasterComponent: start normalizing model nwt
I0322 21:40:18.870007 16304 master_component.cc:980] MasterComponent: complete normalizing model nwt
I0322 21:40:18.874009 16304 master_component.cc:1415] DisposeModel rwt
I0322 21:40:18.874009 16304 master_component.cc:1005] FitOffline: ItemsProcessed, num_items=45, num_batches=8, token_weight=264846, token_weight_in_effect=264846
I0322 21:40:18.875012 16752 c_interface.cc:559] Pass GetScoreValueArgs, score_name=^^^ItemsProcessedScore^^^ to MasterComponent::Request
I0322 21:40:18.875012 16752 c_interface.cc:230] ArtmCopyRequestedMessage is copying 45 bytes...
I0322 21:40:18.876013 16304 c_interface.cc:386] Pass FitOfflineMasterModelArgs, batch_filename_size=8, batch_weight_size=8, num_collection_passes=1 to void (__cdecl artm::core::MasterComponent::*)(class artm::FitOfflineMasterModelArgs const & __ptr64) __ptr64
I0322 21:40:18.876013 16304 master_component.cc:1340] ProcessBatchesArgs: nwt_target_name=nwt, batch_filename_size=8, batch_size=0, batch_weight_size=8, pwt_source_name=pwt, num_document_passes=10, reuse_theta=no, opt_for_avx=yes, predict_class_id=
I0322 21:40:18.881016  6448 processor.cc:717] No data in processing queue, waiting...
I0322 21:40:18.881016 19856 processor.cc:717] No data in processing queue, waiting...
I0322 21:40:18.885020  2004 processor.cc:724] Processing queue has data, processing started
I0322 21:40:18.885020 20184 processor.cc:724] Processing queue has data, processing started
I0322 21:40:18.885020  2004 processor.cc:802] Processor: start processing batch 89a4094b-d803-4a30-a075-c1acd0c80e0b into model nwt
I0322 21:40:18.885020 20680 processor.cc:802] Processor: start processing batch cabe2728-4981-4997-92c8-2e49f4e48dfa into model nwt
I0322 21:40:18.886020 17504 processor.cc:802] Processor: start processing batch 2fb45dcf-f7cf-4706-9ac9-5f8564d79017 into model nwt
I0322 21:40:18.886020 11680 processor.cc:802] Processor: start processing batch d6b90fad-7f88-462d-8845-c7b1a973dd0a into model nwt
I0322 21:40:18.886020 20184 processor.cc:802] Processor: start processing batch 8cfd5d96-4bb6-4921-b27a-73bf3b305605 into model nwt
I0322 21:40:18.886020 10140 processor.cc:802] Processor: start processing batch f5af66b6-d059-43d2-8636-1ab2105e4881 into model nwt
I0322 21:40:18.886020 17940 processor.cc:802] Processor: start processing batch 9bfe6bf2-3eac-4bd0-bcd2-024d866e5b74 into model nwt
I0322 21:40:18.888022  2004 processor.cc:898] Processor: complete processing batch 89a4094b-d803-4a30-a075-c1acd0c80e0b into model nwt
I0322 21:40:18.888022  2004 cuckoo_watch.h:45] 3ms in ProcessBatch(habrahabr\aaaaab.batch) [including 0ms in LoadMessage; 0ms in InitializeSparseNdw; 1ms in InferThetaAndUpdateNwtSparse; 0ms in CalculateScore(^^^ItemsProcessedScore^^^); ]
I0322 21:40:18.888022  2004 processor.cc:802] Processor: start processing batch d448d8b4-90bc-4f3b-81a0-ed95698a5573 into model nwt
I0322 21:40:18.889024 20920 processor.cc:717] No data in processing queue, waiting...
I0322 21:40:18.889024 20680 processor.cc:898] Processor: complete processing batch cabe2728-4981-4997-92c8-2e49f4e48dfa into model nwt
I0322 21:40:18.889024 20680 cuckoo_watch.h:45] 4ms in ProcessBatch(habrahabr\aaaaaa.batch) [including 0ms in LoadMessage; 0ms in InitializeSparseNdw; 1ms in InferThetaAndUpdateNwtSparse; 1ms in CalculateScore(^^^ItemsProcessedScore^^^); ]
I0322 21:40:18.889024 17504 processor.cc:898] Processor: complete processing batch 2fb45dcf-f7cf-4706-9ac9-5f8564d79017 into model nwt
I0322 21:40:18.889024 17504 cuckoo_watch.h:45] 4ms in ProcessBatch(habrahabr\aaaaac.batch) [including 0ms in LoadMessage; 0ms in InitializeSparseNdw; 2ms in InferThetaAndUpdateNwtSparse; 1ms in CalculateScore(^^^ItemsProcessedScore^^^); ]
I0322 21:40:18.890024 11680 processor.cc:898] Processor: complete processing batch d6b90fad-7f88-462d-8845-c7b1a973dd0a into model nwt
I0322 21:40:18.890024 11680 cuckoo_watch.h:45] 5ms in ProcessBatch(habrahabr\aaaaae.batch) [including 0ms in LoadMessage; 0ms in InitializeSparseNdw; 2ms in InferThetaAndUpdateNwtSparse; 1ms in CalculateScore(^^^ItemsProcessedScore^^^); ]
I0322 21:40:18.892026  2004 processor.cc:898] Processor: complete processing batch d448d8b4-90bc-4f3b-81a0-ed95698a5573 into model nwt
I0322 21:40:18.892026  2004 cuckoo_watch.h:45] 4ms in ProcessBatch(habrahabr\aaaaah.batch) [including 0ms in LoadMessage; 0ms in InitializeSparseNdw; 2ms in InferThetaAndUpdateNwtSparse; 1ms in CalculateScore(^^^ItemsProcessedScore^^^); ]
I0322 21:40:18.893028 20184 processor.cc:898] Processor: complete processing batch 8cfd5d96-4bb6-4921-b27a-73bf3b305605 into model nwt
I0322 21:40:18.893028 17940 processor.cc:898] Processor: complete processing batch 9bfe6bf2-3eac-4bd0-bcd2-024d866e5b74 into model nwt
I0322 21:40:18.893028 20184 cuckoo_watch.h:45] 8ms in ProcessBatch(habrahabr\aaaaad.batch) [including 1ms in LoadMessage; 0ms in InitializeSparseNdw; 3ms in InferThetaAndUpdateNwtSparse; 3ms in CalculateScore(^^^ItemsProcessedScore^^^); ]
I0322 21:40:18.893028 17940 cuckoo_watch.h:45] 8ms in ProcessBatch(habrahabr\aaaaaf.batch) [including 1ms in LoadMessage; 0ms in InitializeSparseNdw; 3ms in InferThetaAndUpdateNwtSparse; 3ms in CalculateScore(^^^ItemsProcessedScore^^^); ]
I0322 21:40:18.894029 10140 processor.cc:898] Processor: complete processing batch f5af66b6-d059-43d2-8636-1ab2105e4881 into model nwt
I0322 21:40:18.894029 10140 cuckoo_watch.h:45] 9ms in ProcessBatch(habrahabr\aaaaag.batch) [including 1ms in LoadMessage; 0ms in InitializeSparseNdw; 4ms in InferThetaAndUpdateNwtSparse; 3ms in CalculateScore(^^^ItemsProcessedScore^^^); ]
I0322 21:40:18.897143 16304 master_component.cc:1391] NormalizeModelArgs: pwt_target_name=pwt, nwt_source_name=nwt, rwt_source_name=
I0322 21:40:18.897143 16304 master_component.cc:952] MasterComponent: start normalizing model nwt
I0322 21:40:18.905150 16304 master_component.cc:980] MasterComponent: complete normalizing model nwt
I0322 21:40:18.909154 16304 master_component.cc:1415] DisposeModel rwt
I0322 21:40:18.909154 16304 master_component.cc:1005] FitOffline: ItemsProcessed, num_items=45, num_batches=8, token_weight=264846, token_weight_in_effect=264846
I0322 21:40:18.910156 16752 c_interface.cc:559] Pass GetScoreValueArgs, score_name=^^^ItemsProcessedScore^^^ to MasterComponent::Request
I0322 21:40:18.910156 16752 c_interface.cc:230] ArtmCopyRequestedMessage is copying 45 bytes...
I0322 21:40:18.910156 16752 c_interface.cc:230] ArtmCopyRequestedMessage is copying 20400 bytes...
I0322 21:40:18.912158 16752 c_interface.cc:230] ArtmCopyRequestedMessage is copying 20400 bytes...
I0322 21:40:18.914160 16752 c_interface.cc:230] ArtmCopyRequestedMessage is copying 20400 bytes...
I0322 21:40:18.916162 16752 c_interface.cc:230] ArtmCopyRequestedMessage is copying 20400 bytes...
I0322 21:40:18.918162 16752 c_interface.cc:230] ArtmCopyRequestedMessage is copying 20400 bytes...
I0322 21:40:18.920164 16752 c_interface.cc:230] ArtmCopyRequestedMessage is copying 20400 bytes...
I0322 21:40:18.922166 16752 c_interface.cc:230] ArtmCopyRequestedMessage is copying 20400 bytes...
I0322 21:40:18.924168 16752 c_interface.cc:230] ArtmCopyRequestedMessage is copying 20400 bytes...
I0322 21:40:18.925168 16752 c_interface.cc:230] ArtmCopyRequestedMessage is copying 20400 bytes...
I0322 21:40:18.927170 16752 c_interface.cc:230] ArtmCopyRequestedMessage is copying 20400 bytes...
I0322 21:40:18.928171 12408 processor.cc:717] No data in processing queue, waiting...
I0322 21:40:18.928171 20172 processor.cc:717] No data in processing queue, waiting...
I0322 21:40:18.929172 16752 c_interface.cc:230] ArtmCopyRequestedMessage is copying 20400 bytes...
I0322 21:40:18.931174 16752 c_interface.cc:230] ArtmCopyRequestedMessage is copying 20400 bytes...
I0322 21:40:18.932174  9156 processor.cc:717] No data in processing queue, waiting...
I0322 21:40:18.932174  5464 processor.cc:717] No data in processing queue, waiting...
I0322 21:40:18.933176 16752 c_interface.cc:230] ArtmCopyRequestedMessage is copying 20400 bytes...
I0322 21:40:18.935178 16752 c_interface.cc:230] ArtmCopyRequestedMessage is copying 20400 bytes...
I0322 21:40:18.937180 16752 c_interface.cc:230] ArtmCopyRequestedMessage is copying 20400 bytes...
I0322 21:40:18.939182 16752 c_interface.cc:230] ArtmCopyRequestedMessage is copying 20400 bytes...
I0322 21:40:18.940182 16752 c_interface.cc:230] ArtmCopyRequestedMessage is copying 20400 bytes...
I0322 21:40:18.942184 16752 c_interface.cc:230] ArtmCopyRequestedMessage is copying 20400 bytes...
I0322 21:40:18.944185 16752 c_interface.cc:230] ArtmCopyRequestedMessage is copying 20400 bytes...
I0322 21:40:18.947188 16752 c_interface.cc:230] ArtmCopyRequestedMessage is copying 20400 bytes...
I0322 21:40:18.949190 16752 c_interface.cc:230] ArtmCopyRequestedMessage is copying 20400 bytes...
I0322 21:40:18.950191 16752 c_interface.cc:230] ArtmCopyRequestedMessage is copying 20400 bytes...
I0322 21:40:18.952193 16752 c_interface.cc:230] ArtmCopyRequestedMessage is copying 20400 bytes...
I0322 21:40:18.954195 16752 c_interface.cc:230] ArtmCopyRequestedMessage is copying 20400 bytes...
I0322 21:40:18.956197 16752 c_interface.cc:230] ArtmCopyRequestedMessage is copying 20400 bytes...
I0322 21:40:18.958199 16752 c_interface.cc:230] ArtmCopyRequestedMessage is copying 20400 bytes...
I0322 21:40:18.960201 16752 c_interface.cc:230] ArtmCopyRequestedMessage is copying 20400 bytes...
I0322 21:40:18.962203 16752 c_interface.cc:230] ArtmCopyRequestedMessage is copying 20400 bytes...
I0322 21:40:18.963204  2004 processor.cc:717] No data in processing queue, waiting...
I0322 21:40:18.963204 20680 processor.cc:717] No data in processing queue, waiting...
I0322 21:40:18.963204 17504 processor.cc:717] No data in processing queue, waiting...
I0322 21:40:18.963204 11680 processor.cc:717] No data in processing queue, waiting...
I0322 21:40:18.964205 16752 c_interface.cc:230] ArtmCopyRequestedMessage is copying 20400 bytes...
I0322 21:40:18.966207 16752 c_interface.cc:230] ArtmCopyRequestedMessage is copying 20400 bytes...
I0322 21:40:18.966207 20184 processor.cc:717] No data in processing queue, waiting...
I0322 21:40:18.966207 17940 processor.cc:717] No data in processing queue, waiting...
I0322 21:40:18.966207 10140 processor.cc:717] No data in processing queue, waiting...
I0322 21:40:18.967207 16752 c_interface.cc:230] ArtmCopyRequestedMessage is copying 20400 bytes...
I0322 21:40:18.969208 16752 c_interface.cc:230] ArtmCopyRequestedMessage is copying 20400 bytes...
I0322 21:40:18.971211 16752 c_interface.cc:230] ArtmCopyRequestedMessage is copying 20400 bytes...
I0322 21:40:18.973212 16752 c_interface.cc:230] ArtmCopyRequestedMessage is copying 20400 bytes...
I0322 21:40:18.975214 16752 c_interface.cc:230] ArtmCopyRequestedMessage is copying 20400 bytes...
I0322 21:40:18.977216 16752 c_interface.cc:230] ArtmCopyRequestedMessage is copying 20400 bytes...
I0322 21:40:18.979218 16752 c_interface.cc:230] ArtmCopyRequestedMessage is copying 20400 bytes...
I0322 21:40:18.981220 16752 c_interface.cc:230] ArtmCopyRequestedMessage is copying 20400 bytes...
I0322 21:40:18.982221 16752 c_interface.cc:230] ArtmCopyRequestedMessage is copying 20400 bytes...
I0322 21:40:18.984222 16752 c_interface.cc:230] ArtmCopyRequestedMessage is copying 20400 bytes...
I0322 21:40:18.986225 16752 c_interface.cc:230] ArtmCopyRequestedMessage is copying 20400 bytes...
I0322 21:40:18.988225 16752 c_interface.cc:230] ArtmCopyRequestedMessage is copying 20400 bytes...
I0322 21:40:18.990228 16752 c_interface.cc:230] ArtmCopyRequestedMessage is copying 20400 bytes...
I0322 21:40:18.992229 16752 c_interface.cc:230] ArtmCopyRequestedMessage is copying 20400 bytes...
I0322 21:40:18.994232 16752 c_interface.cc:230] ArtmCopyRequestedMessage is copying 20400 bytes...
I0322 21:40:18.995232 16752 c_interface.cc:230] ArtmCopyRequestedMessage is copying 20400 bytes...
I0322 21:40:18.997234 16752 c_interface.cc:230] ArtmCopyRequestedMessage is copying 20400 bytes...
I0322 21:40:18.999236 16752 c_interface.cc:230] ArtmCopyRequestedMessage is copying 20400 bytes...
I0322 21:40:19.001238 16752 c_interface.cc:230] ArtmCopyRequestedMessage is copying 20400 bytes...
I0322 21:40:19.003240 16752 c_interface.cc:230] ArtmCopyRequestedMessage is copying 20400 bytes...
I0322 21:40:19.005241 16752 c_interface.cc:230] ArtmCopyRequestedMessage is copying 20400 bytes...
I0322 21:40:19.007243 16752 c_interface.cc:230] ArtmCopyRequestedMessage is copying 20400 bytes...
I0322 21:40:19.009245 16752 c_interface.cc:230] ArtmCopyRequestedMessage is copying 20400 bytes...
I0322 21:40:19.010246 16752 c_interface.cc:230] ArtmCopyRequestedMessage is copying 20400 bytes...
I0322 21:40:19.012248 16752 c_interface.cc:230] ArtmCopyRequestedMessage is copying 20400 bytes...
I0322 21:40:19.014250 16752 c_interface.cc:230] ArtmCopyRequestedMessage is copying 20400 bytes...
I0322 21:40:19.016252 16752 c_interface.cc:230] ArtmCopyRequestedMessage is copying 20400 bytes...
I0322 21:40:19.018254 16752 c_interface.cc:230] ArtmCopyRequestedMessage is copying 20400 bytes...
I0322 21:40:19.020256 16752 c_interface.cc:230] ArtmCopyRequestedMessage is copying 20400 bytes...
I0322 21:40:19.022258 16752 c_interface.cc:230] ArtmCopyRequestedMessage is copying 20400 bytes...
I0322 21:40:19.023257 16752 c_interface.cc:230] ArtmCopyRequestedMessage is copying 20400 bytes...
I0322 21:40:19.025260 16752 c_interface.cc:230] ArtmCopyRequestedMessage is copying 20400 bytes...
I0322 21:40:19.027262 16752 c_interface.cc:230] ArtmCopyRequestedMessage is copying 20400 bytes...
I0322 21:40:19.029264 16752 c_interface.cc:230] ArtmCopyRequestedMessage is copying 20400 bytes...
I0322 21:40:19.031265 16752 c_interface.cc:230] ArtmCopyRequestedMessage is copying 20400 bytes...
I0322 21:40:19.033267 16752 c_interface.cc:230] ArtmCopyRequestedMessage is copying 20400 bytes...
I0322 21:40:19.035269 16752 c_interface.cc:230] ArtmCopyRequestedMessage is copying 20400 bytes...
I0322 21:40:19.037271 16752 c_interface.cc:230] ArtmCopyRequestedMessage is copying 20400 bytes...
I0322 21:40:19.038272 16752 c_interface.cc:230] ArtmCopyRequestedMessage is copying 20400 bytes...
I0322 21:40:19.040274 16752 c_interface.cc:230] ArtmCopyRequestedMessage is copying 20400 bytes...
I0322 21:40:19.042276 16752 c_interface.cc:230] ArtmCopyRequestedMessage is copying 20400 bytes...
I0322 21:40:19.044277 16752 c_interface.cc:230] ArtmCopyRequestedMessage is copying 20400 bytes...
I0322 21:40:19.046279 16752 c_interface.cc:230] ArtmCopyRequestedMessage is copying 20400 bytes...
I0322 21:40:19.048281 16752 c_interface.cc:230] ArtmCopyRequestedMessage is copying 20400 bytes...
I0322 21:40:19.050282 16752 c_interface.cc:230] ArtmCopyRequestedMessage is copying 20400 bytes...
I0322 21:40:19.052284 16752 c_interface.cc:230] ArtmCopyRequestedMessage is copying 20400 bytes...
I0322 21:40:19.054286 16752 c_interface.cc:230] ArtmCopyRequestedMessage is copying 20400 bytes...
I0322 21:40:19.056289 16752 c_interface.cc:230] ArtmCopyRequestedMessage is copying 20400 bytes...
I0322 21:40:19.058290 16752 c_interface.cc:230] ArtmCopyRequestedMessage is copying 20400 bytes...
I0322 21:40:19.060292 16752 c_interface.cc:230] ArtmCopyRequestedMessage is copying 20400 bytes...
I0322 21:40:19.062294 16752 c_interface.cc:230] ArtmCopyRequestedMessage is copying 20400 bytes...
I0322 21:40:19.064296 16752 c_interface.cc:230] ArtmCopyRequestedMessage is copying 20400 bytes...
I0322 21:40:19.066298 16752 c_interface.cc:230] ArtmCopyRequestedMessage is copying 20400 bytes...
I0322 21:40:19.068300 16752 c_interface.cc:230] ArtmCopyRequestedMessage is copying 20400 bytes...
I0322 21:40:19.069300 16752 c_interface.cc:230] ArtmCopyRequestedMessage is copying 20400 bytes...
I0322 21:40:19.071301 16752 c_interface.cc:230] ArtmCopyRequestedMessage is copying 20400 bytes...
I0322 21:40:19.073304 16752 c_interface.cc:230] ArtmCopyRequestedMessage is copying 20400 bytes...
I0322 21:40:19.075305 16752 c_interface.cc:230] ArtmCopyRequestedMessage is copying 20400 bytes...
I0322 21:40:19.077307 16752 c_interface.cc:230] ArtmCopyRequestedMessage is copying 20400 bytes...
I0322 21:40:19.079309 16752 c_interface.cc:230] ArtmCopyRequestedMessage is copying 20400 bytes...
I0322 21:40:19.081311 16752 c_interface.cc:230] ArtmCopyRequestedMessage is copying 20400 bytes...
I0322 21:40:19.083312 16752 c_interface.cc:230] ArtmCopyRequestedMessage is copying 20400 bytes...
I0322 21:40:19.084313 16752 c_interface.cc:230] ArtmCopyRequestedMessage is copying 20400 bytes...
I0322 21:40:19.086315 16752 c_interface.cc:230] ArtmCopyRequestedMessage is copying 20400 bytes...
I0322 21:40:19.088317 16752 c_interface.cc:230] ArtmCopyRequestedMessage is copying 20400 bytes...
I0322 21:40:19.090318 16752 c_interface.cc:230] ArtmCopyRequestedMessage is copying 20400 bytes...
I0322 21:40:19.092321 16752 c_interface.cc:230] ArtmCopyRequestedMessage is copying 20400 bytes...
I0322 21:40:19.094322 16752 c_interface.cc:230] ArtmCopyRequestedMessage is copying 20400 bytes...
I0322 21:40:19.096325 16752 c_interface.cc:230] ArtmCopyRequestedMessage is copying 20400 bytes...
I0322 21:40:19.098326 16752 c_interface.cc:230] ArtmCopyRequestedMessage is copying 20400 bytes...
I0322 21:40:19.100327 16752 c_interface.cc:230] ArtmCopyRequestedMessage is copying 20400 bytes...
I0322 21:40:19.101330 16752 c_interface.cc:230] ArtmCo