I0322 20:51:43.791967 17216 cuckoo_watch.h:45] 2ms in ProcessBatch(habrahabr\aaaaac.batch) [including 0ms in LoadMessage; 0ms in InitializeSparseNdw; 1ms in InferThetaAndUpdateNwtSparse; 0ms in CalculateScore(^^^ItemsProcessedScore^^^); ]
I0322 20:51:43.791967 18604 cuckoo_watch.h:45] 2ms in ProcessBatch(habrahabr\aaaaab.batch) [including 0ms in LoadMessage; 0ms in InitializeSparseNdw; 1ms in InferThetaAndUpdateNwtSparse; 0ms in CalculateScore(^^^ItemsProcessedScore^^^); ]
I0322 20:51:43.792968  1084 processor.cc:898] Processor: complete processing batch 560428c1-fba9-4359-92dd-cca4f6f9d2c7 into model nwt
I0322 20:51:43.792968  1084 cuckoo_watch.h:45] 3ms in ProcessBatch(habrahabr\aaaaaf.batch) [including 0ms in LoadMessage; 0ms in InitializeSparseNdw; 1ms in InferThetaAndUpdateNwtSparse; 1ms in CalculateScore(^^^ItemsProcessedScore^^^); ]
I0322 20:51:43.794970 17116 processor.cc:898] Processor: complete processing batch dd8ebf8c-1035-4fb8-a41d-1591150a1cca into model nwt
I0322 20:51:43.794970 17116 cuckoo_watch.h:45] 5ms in ProcessBatch(habrahabr\aaaaad.batch) [including 0ms in LoadMessage; 0ms in InitializeSparseNdw; 2ms in InferThetaAndUpdateNwtSparse; 1ms in CalculateScore(^^^ItemsProcessedScore^^^); ]
I0322 20:51:43.797972 15248 processor.cc:717] No data in processing queue, waiting...
I0322 20:51:43.797972  8216 processor.cc:898] Processor: complete processing batch 6cfd87b2-e23f-4fb2-ac95-bab2849324a5 into model nwt
I0322 20:51:43.797972  8216 cuckoo_watch.h:45] 8ms in ProcessBatch(habrahabr\aaaaag.batch) [including 1ms in LoadMessage; 0ms in InitializeSparseNdw; 3ms in InferThetaAndUpdateNwtSparse; 2ms in CalculateScore(^^^ItemsProcessedScore^^^); ]
I0322 20:51:43.797972 16464 processor.cc:898] Processor: complete processing batch 3bb8a5fd-fba8-47a5-9b34-4320d9167318 into model nwt
I0322 20:51:43.797972 16464 cuckoo_watch.h:45] 8ms in ProcessBatch(habrahabr\aaaaae.batch) [including 1ms in LoadMessage; 0ms in InitializeSparseNdw; 4ms in InferThetaAndUpdateNwtSparse; 3ms in CalculateScore(^^^ItemsProcessedScore^^^); ]
I0322 20:51:43.801882  3776 processor.cc:717] No data in processing queue, waiting...
I0322 20:51:43.801882 15724 master_component.cc:1391] NormalizeModelArgs: pwt_target_name=pwt, nwt_source_name=nwt, rwt_source_name=
I0322 20:51:43.801882 15724 master_component.cc:952] MasterComponent: start normalizing model nwt
I0322 20:51:43.809890 15724 master_component.cc:980] MasterComponent: complete normalizing model nwt
I0322 20:51:43.812892 15724 master_component.cc:1415] DisposeModel rwt
I0322 20:51:43.812892 15724 master_component.cc:1005] FitOffline: ItemsProcessed, num_items=35, num_batches=7, token_weight=125958, token_weight_in_effect=125958
I0322 20:51:43.812892 16040 c_interface.cc:559] Pass GetScoreValueArgs, score_name=^^^ItemsProcessedScore^^^ to MasterComponent::Request
I0322 20:51:43.812892 16040 c_interface.cc:230] ArtmCopyRequestedMessage is copying 45 bytes...
I0322 20:51:43.813894 15724 c_interface.cc:386] Pass FitOfflineMasterModelArgs, batch_filename_size=7, batch_weight_size=7, num_collection_passes=1 to void (__cdecl artm::core::MasterComponent::*)(class artm::FitOfflineMasterModelArgs const & __ptr64) __ptr64
I0322 20:51:43.813894 15724 master_component.cc:1340] ProcessBatchesArgs: nwt_target_name=nwt, batch_filename_size=7, batch_size=0, batch_weight_size=7, pwt_source_name=pwt, num_document_passes=10, reuse_theta=no, opt_for_avx=yes, predict_class_id=
I0322 20:51:43.823902 15248 processor.cc:724] Processing queue has data, processing started
I0322 20:51:43.823902 11636 processor.cc:724] Processing queue has data, processing started
I0322 20:51:43.823902 10804 processor.cc:724] Processing queue has data, processing started
I0322 20:51:43.823902 16464 processor.cc:802] Processor: start processing batch 55b9ec1d-9b22-4aa8-89dd-96185820c7fc into model nwt
I0322 20:51:43.823902 15248 processor.cc:802] Processor: start processing batch 959ee7da-cdae-4650-ba75-ff8c41277570 into model nwt
I0322 20:51:43.823902 18604 processor.cc:802] Processor: start processing batch 95be330a-427c-4787-b721-df3aca60f032 into model nwt
I0322 20:51:43.824904 11636 processor.cc:802] Processor: start processing batch dd8ebf8c-1035-4fb8-a41d-1591150a1cca into model nwt
I0322 20:51:43.824904 10804 processor.cc:802] Processor: start processing batch 560428c1-fba9-4359-92dd-cca4f6f9d2c7 into model nwt
I0322 20:51:43.824904 16464 processor.cc:898] Processor: complete processing batch 55b9ec1d-9b22-4aa8-89dd-96185820c7fc into model nwt
I0322 20:51:43.824904 16464 cuckoo_watch.h:45] 1ms in ProcessBatch(habrahabr\aaaaaa.batch) [including 0ms in LoadMessage; 0ms in InitializeSparseNdw; 0ms in InferThetaAndUpdateNwtSparse; 0ms in CalculateScore(^^^ItemsProcessedScore^^^); ]
I0322 20:51:43.824904 17056 processor.cc:802] Processor: start processing batch 6cfd87b2-e23f-4fb2-ac95-bab2849324a5 into model nwt
I0322 20:51:43.825904 16964 processor.cc:802] Processor: start processing batch 3bb8a5fd-fba8-47a5-9b34-4320d9167318 into model nwt
I0322 20:51:43.825904 15248 processor.cc:898] Processor: complete processing batch 959ee7da-cdae-4650-ba75-ff8c41277570 into model nwt
I0322 20:51:43.825904 15248 cuckoo_watch.h:45] 2ms in ProcessBatch(habrahabr\aaaaab.batch) [including 0ms in LoadMessage; 0ms in InitializeSparseNdw; 1ms in InferThetaAndUpdateNwtSparse; 0ms in CalculateScore(^^^ItemsProcessedScore^^^); ]
I0322 20:51:43.826905 18604 processor.cc:898] Processor: complete processing batch 95be330a-427c-4787-b721-df3aca60f032 into model nwt
I0322 20:51:43.826905 18604 cuckoo_watch.h:45] 3ms in ProcessBatch(habrahabr\aaaaac.batch) [including 0ms in LoadMessage; 0ms in InitializeSparseNdw; 2ms in InferThetaAndUpdateNwtSparse; 0ms in CalculateScore(^^^ItemsProcessedScore^^^); ]
I0322 20:51:43.827906 10804 processor.cc:898] Processor: complete processing batch 560428c1-fba9-4359-92dd-cca4f6f9d2c7 into model nwt
I0322 20:51:43.828907 10804 cuckoo_watch.h:45] 4ms in ProcessBatch(habrahabr\aaaaaf.batch) [including 0ms in LoadMessage; 0ms in InitializeSparseNdw; 1ms in InferThetaAndUpdateNwtSparse; 1ms in CalculateScore(^^^ItemsProcessedScore^^^); ]
I0322 20:51:43.828907 11636 processor.cc:898] Processor: complete processing batch dd8ebf8c-1035-4fb8-a41d-1591150a1cca into model nwt
I0322 20:51:43.828907 11636 cuckoo_watch.h:45] 5ms in ProcessBatch(habrahabr\aaaaad.batch) [including 0ms in LoadMessage; 0ms in InitializeSparseNdw; 2ms in InferThetaAndUpdateNwtSparse; 1ms in CalculateScore(^^^ItemsProcessedScore^^^); ]
I0322 20:51:43.830909 13824 processor.cc:717] No data in processing queue, waiting...
I0322 20:51:43.830909 17056 processor.cc:898] Processor: complete processing batch 6cfd87b2-e23f-4fb2-ac95-bab2849324a5 into model nwt
I0322 20:51:43.831910 17056 cuckoo_watch.h:45] 8ms in ProcessBatch(habrahabr\aaaaag.batch) [including 1ms in LoadMessage; 0ms in InitializeSparseNdw; 3ms in InferThetaAndUpdateNwtSparse; 2ms in CalculateScore(^^^ItemsProcessedScore^^^); ]
I0322 20:51:43.832911 16964 processor.cc:898] Processor: complete processing batch 3bb8a5fd-fba8-47a5-9b34-4320d9167318 into model nwt
I0322 20:51:43.832911 16964 cuckoo_watch.h:45] 9ms in ProcessBatch(habrahabr\aaaaae.batch) [including 1ms in LoadMessage; 0ms in InitializeSparseNdw; 4ms in InferThetaAndUpdateNwtSparse; 2ms in CalculateScore(^^^ItemsProcessedScore^^^); ]
I0322 20:51:43.834913 15724 master_component.cc:1391] NormalizeModelArgs: pwt_target_name=pwt, nwt_source_name=nwt, rwt_source_name=
I0322 20:51:43.834913 15724 master_component.cc:952] MasterComponent: start normalizing model nwt
I0322 20:51:43.842919 15724 master_component.cc:980] MasterComponent: complete normalizing model nwt
I0322 20:51:43.845922 15724 master_component.cc:1415] DisposeModel rwt
I0322 20:51:43.845922 15724 master_component.cc:1005] FitOffline: ItemsProcessed, num_items=35, num_batches=7, token_weight=125958, token_weight_in_effect=125958
I0322 20:51:43.845922 16040 c_interface.cc:559] Pass GetScoreValueArgs, score_name=^^^ItemsProcessedScore^^^ to MasterComponent::Request
I0322 20:51:43.845922 16040 c_interface.cc:230] ArtmCopyRequestedMessage is copying 45 bytes...
I0322 20:51:43.846923 16040 c_interface.cc:230] ArtmCopyRequestedMessage is copying 14615 bytes...
I0322 20:51:43.848925 16040 c_interface.cc:230] ArtmCopyRequestedMessage is copying 14615 bytes...
I0322 20:51:43.849925 16040 c_interface.cc:230] ArtmCopyRequestedMessage is copying 14615 bytes...
I0322 20:51:43.851928 16040 c_interface.cc:230] ArtmCopyRequestedMessage is copying 14615 bytes...
I0322 20:51:43.852928 16040 c_interface.cc:230] ArtmCopyRequestedMessage is copying 14615 bytes...
I0322 20:51:43.854930 16040 c_interface.cc:230] ArtmCopyRequestedMessage is copying 14615 bytes...
I0322 20:51:43.856932 16040 c_interface.cc:230] ArtmCopyRequestedMessage is copying 14615 bytes...
I0322 20:51:43.857934 16040 c_interface.cc:230] ArtmCopyRequestedMessage is copying 14615 bytes...
I0322 20:51:43.859935 16040 c_interface.cc:230] ArtmCopyRequestedMessage is copying 14615 bytes...
I0322 20:51:43.860936 16040 c_interface.cc:230] ArtmCopyRequestedMessage is copying 14615 bytes...
I0322 20:51:43.862937 17216 processor.cc:717] No data in processing queue, waiting...
I0322 20:51:43.862937  1084 processor.cc:717] No data in processing queue, waiting...
I0322 20:51:43.866943 17116 processor.cc:717] No data in processing queue, waiting...
I0322 20:51:43.869946  8216 processor.cc:717] No data in processing queue, waiting...
I0322 20:51:43.893107 15248 processor.cc:717] No data in processing queue, waiting...
I0322 20:51:43.893107 18604 processor.cc:717] No data in processing queue, waiting...
I0322 20:51:43.893107 16464 processor.cc:717] No data in processing queue, waiting...
I0322 20:51:43.897114 10804 processor.cc:717] No data in processing queue, waiting...
I0322 20:51:43.897114 11636 processor.cc:717] No data in processing queue, waiting...
I0322 20:51:43.900883 16964 processor.cc:717] No data in processing queue, waiting...
I0322 20:51:43.900883 17056 processor.cc:717] No data in processing queue, waiting...
I0322 20:51:44.460574 16040 c_interface.cc:372] Pass 51008ae7-eb2b-4655-a267-3282c85421e8 to void (__cdecl artm::core::MasterComponent::*)(class std::basic_string<char,struct std::char_traits<char>,class std::allocator<char> > const & __ptr64) __ptr64
I0322 20:51:44.461575 16040 c_interface.cc:336] Disposing MasterComponent (id=1)...
I0322 20:51:44.461575 16040 c_interface.cc:372] Pass 3c4b6cab-9adb-418a-ab71-2d27d8dc5e30 to void (__cdecl artm::core::MasterComponent::*)(class std::basic_string<char,struct std::char_traits<char>,class std::allocator<char> > const & __ptr64) __ptr64
I0322 20:51:44.462576 16040 c_interface.cc:336] Disposing MasterComponent (id=2)...
I0322 20:51:44.464577 16964 processor.cc:709] Processor thread stopped
I0322 20:51:44.464577 16964 processor.cc:710] Total number of processed batches: 10
I0322 20:51:44.468020  8216 processor.cc:709] Processor thread stopped
I0322 20:51:44.468020  8216 processor.cc:710] Total number of processed batches: 6
I0322 20:51:44.472118 17056 processor.cc:709] Processor thread stopped
I0322 20:51:44.472118 17056 processor.cc:710] Total number of processed batches: 2
I0322 20:51:44.476418 18604 processor.cc:709] Processor thread stopped
I0322 20:51:44.476418 18604 processor.cc:710] Total number of processed batches: 5
I0322 20:51:44.480027 13472 processor.cc:709] Processor thread stopped
I0322 20:51:44.480027 13472 processor.cc:710] Total number of processed batches: 0
I0322 20:51:44.484205 13824 processor.cc:709] Processor thread stopped
I0322 20:51:44.484205 13824 processor.cc:710] Total number of processed batches: 6
I0322 20:51:44.488207  4608 processor.cc:709] Processor thread stopped
I0322 20:51:44.488207  4608 processor.cc:710] Total number of processed batches: 4
I0322 20:51:44.492100  1084 processor.cc:709] Processor thread stopped
I0322 20:51:44.492100  1084 processor.cc:710] Total number of processed batches: 7
I0322 20:51:44.496203 10804 processor.cc:709] Processor thread stopped
I0322 20:51:44.496203 10804 processor.cc:710] Total number of processed batches: 2
I0322 20:51:44.500208  3776 processor.cc:709] Processor thread stopped
I0322 20:51:44.500208  3776 processor.cc:710] Total number of processed batches: 7
I0322 20:51:44.504216 16464 processor.cc:709] Processor thread stopped
I0322 20:51:44.504216 16464 processor.cc:710] Total number of processed batches: 3
I0322 20:51:44.508219 11636 processor.cc:709] Processor thread stopped
I0322 20:51:44.508219 11636 processor.cc:710] Total number of processed batches: 3
I0322 20:51:44.512223 17576 processor.cc:709] Processor thread stopped
I0322 20:51:44.512223 17576 processor.cc:710] Total number of processed batches: 3
I0322 20:51:44.516227 15248 processor.cc:709] Processor thread stopped
I0322 20:51:44.516227 15248 processor.cc:710] Total number of processed batches: 4
I0322 20:51:44.520226 17216 processor.cc:709] Processor thread stopped
I0322 20:51:44.520226 17216 processor.cc:710] Total number of processed batches: 6
I0322 20:51:44.523229 17116 processor.cc:709] Processor thread stopped
I0322 20:51:44.523229 17116 processor.cc:710] Total number of processed batches: 2
I0322 20:51:44.526232 16040 c_interface.cc:336] Disposing MasterComponent (id=3)...
