I0322 21:42:31.118240  1812 cuckoo_watch.h:45] 5ms in ProcessBatch(habrahabr\aaaaae.batch) [including 0ms in LoadMessage; 0ms in InitializeSparseNdw; 2ms in InferThetaAndUpdateNwtSparse; 1ms in CalculateScore(^^^ItemsProcessedScore^^^); ]
I0322 21:42:31.118240 14924 processor.cc:898] Processor: complete processing batch d448d8b4-90bc-4f3b-81a0-ed95698a5573 into model nwt
I0322 21:42:31.118240 14924 cuckoo_watch.h:45] 4ms in ProcessBatch(habrahabr\aaaaah.batch) [including 0ms in LoadMessage; 0ms in InitializeSparseNdw; 2ms in InferThetaAndUpdateNwtSparse; 1ms in CalculateScore(^^^ItemsProcessedScore^^^); ]
I0322 21:42:31.118240 11512 processor.cc:898] Processor: complete processing batch 8cfd5d96-4bb6-4921-b27a-73bf3b305605 into model nwt
I0322 21:42:31.119241 11512 cuckoo_watch.h:45] 9ms in ProcessBatch(habrahabr\aaaaad.batch) [including 1ms in LoadMessage; 0ms in InitializeSparseNdw; 4ms in InferThetaAndUpdateNwtSparse; 3ms in CalculateScore(^^^ItemsProcessedScore^^^); ]
I0322 21:42:31.121243 12956 processor.cc:898] Processor: complete processing batch 9bfe6bf2-3eac-4bd0-bcd2-024d866e5b74 into model nwt
I0322 21:42:31.122243 12956 cuckoo_watch.h:45] 8ms in ProcessBatch(habrahabr\aaaaaf.batch) [including 1ms in LoadMessage; 0ms in InitializeSparseNdw; 3ms in InferThetaAndUpdateNwtSparse; 3ms in CalculateScore(^^^ItemsProcessedScore^^^); ]
I0322 21:42:31.123245 18216 processor.cc:898] Processor: complete processing batch f5af66b6-d059-43d2-8636-1ab2105e4881 into model nwt
I0322 21:42:31.124244 18216 cuckoo_watch.h:45] 10ms in ProcessBatch(habrahabr\aaaaag.batch) [including 1ms in LoadMessage; 0ms in InitializeSparseNdw; 3ms in InferThetaAndUpdateNwtSparse; 3ms in CalculateScore(^^^ItemsProcessedScore^^^); ]
I0322 21:42:31.125245  2020 master_component.cc:1391] NormalizeModelArgs: pwt_target_name=pwt, nwt_source_name=nwt, rwt_source_name=
I0322 21:42:31.125245  2020 master_component.cc:952] MasterComponent: start normalizing model nwt
I0322 21:42:31.134254  2020 master_component.cc:980] MasterComponent: complete normalizing model nwt
I0322 21:42:31.138257  2020 master_component.cc:1415] DisposeModel rwt
I0322 21:42:31.138257  2020 master_component.cc:1005] FitOffline: ItemsProcessed, num_items=45, num_batches=8, token_weight=264839, token_weight_in_effect=264839
I0322 21:42:31.138257 17716 c_interface.cc:559] Pass GetScoreValueArgs, score_name=^^^ItemsProcessedScore^^^ to MasterComponent::Request
I0322 21:42:31.138257 17716 c_interface.cc:230] ArtmCopyRequestedMessage is copying 45 bytes...
I0322 21:42:31.139258  2020 c_interface.cc:386] Pass FitOfflineMasterModelArgs, batch_filename_size=8, batch_weight_size=8, num_collection_passes=1 to void (__cdecl artm::core::MasterComponent::*)(class artm::FitOfflineMasterModelArgs const & __ptr64) __ptr64
I0322 21:42:31.139258  2020 master_component.cc:1340] ProcessBatchesArgs: nwt_target_name=nwt, batch_filename_size=8, batch_size=0, batch_weight_size=8, pwt_source_name=pwt, num_document_passes=10, reuse_theta=no, opt_for_avx=yes, predict_class_id=
I0322 21:42:31.149267 16944 processor.cc:724] Processing queue has data, processing started
I0322 21:42:31.149267 13908 processor.cc:724] Processing queue has data, processing started
I0322 21:42:31.149267 16136 processor.cc:724] Processing queue has data, processing started
I0322 21:42:31.149267 12956 processor.cc:802] Processor: start processing batch 89a4094b-d803-4a30-a075-c1acd0c80e0b into model nwt
I0322 21:42:31.149267 18216 processor.cc:802] Processor: start processing batch 01b2ddcc-5d9d-4108-af72-583504b3fcf5 into model nwt
I0322 21:42:31.150270  1812 processor.cc:802] Processor: start processing batch d448d8b4-90bc-4f3b-81a0-ed95698a5573 into model nwt
I0322 21:42:31.150270 13908 processor.cc:802] Processor: start processing batch 2fb45dcf-f7cf-4706-9ac9-5f8564d79017 into model nwt
I0322 21:42:31.150270 21340 processor.cc:802] Processor: start processing batch d6b90fad-7f88-462d-8845-c7b1a973dd0a into model nwt
I0322 21:42:31.150270 16136 processor.cc:802] Processor: start processing batch 9bfe6bf2-3eac-4bd0-bcd2-024d866e5b74 into model nwt
I0322 21:42:31.150270 11512 processor.cc:802] Processor: start processing batch f5af66b6-d059-43d2-8636-1ab2105e4881 into model nwt
I0322 21:42:31.150270 16944 processor.cc:802] Processor: start processing batch 8cfd5d96-4bb6-4921-b27a-73bf3b305605 into model nwt
I0322 21:42:31.152271  3296 processor.cc:717] No data in processing queue, waiting...
I0322 21:42:31.152271  3352 processor.cc:717] No data in processing queue, waiting...
I0322 21:42:31.152271 12956 processor.cc:898] Processor: complete processing batch 89a4094b-d803-4a30-a075-c1acd0c80e0b into model nwt
I0322 21:42:31.152271 12956 cuckoo_watch.h:45] 3ms in ProcessBatch(habrahabr\aaaaab.batch) [including 0ms in LoadMessage; 0ms in InitializeSparseNdw; 1ms in InferThetaAndUpdateNwtSparse; 0ms in CalculateScore(^^^ItemsProcessedScore^^^); ]
I0322 21:42:31.152271 18216 processor.cc:898] Processor: complete processing batch 01b2ddcc-5d9d-4108-af72-583504b3fcf5 into model nwt
I0322 21:42:31.152271 18216 cuckoo_watch.h:45] 3ms in ProcessBatch(habrahabr\aaaaaa.batch) [including 0ms in LoadMessage; 0ms in InitializeSparseNdw; 1ms in InferThetaAndUpdateNwtSparse; 1ms in CalculateScore(^^^ItemsProcessedScore^^^); ]
I0322 21:42:31.154273 13908 processor.cc:898] Processor: complete processing batch 2fb45dcf-f7cf-4706-9ac9-5f8564d79017 into model nwt
I0322 21:42:31.154273  1812 processor.cc:898] Processor: complete processing batch d448d8b4-90bc-4f3b-81a0-ed95698a5573 into model nwt
I0322 21:42:31.154273 13908 cuckoo_watch.h:45] 5ms in ProcessBatch(habrahabr\aaaaac.batch) [including 0ms in LoadMessage; 0ms in InitializeSparseNdw; 2ms in InferThetaAndUpdateNwtSparse; 1ms in CalculateScore(^^^ItemsProcessedScore^^^); ]
I0322 21:42:31.154273  1812 cuckoo_watch.h:45] 5ms in ProcessBatch(habrahabr\aaaaah.batch) [including 0ms in LoadMessage; 0ms in InitializeSparseNdw; 2ms in InferThetaAndUpdateNwtSparse; 1ms in CalculateScore(^^^ItemsProcessedScore^^^); ]
I0322 21:42:31.154273 21340 processor.cc:898] Processor: complete processing batch d6b90fad-7f88-462d-8845-c7b1a973dd0a into model nwt
I0322 21:42:31.154273 21340 cuckoo_watch.h:45] 5ms in ProcessBatch(habrahabr\aaaaae.batch) [including 1ms in LoadMessage; 0ms in InitializeSparseNdw; 2ms in InferThetaAndUpdateNwtSparse; 1ms in CalculateScore(^^^ItemsProcessedScore^^^); ]
I0322 21:42:31.156273  8416 processor.cc:717] No data in processing queue, waiting...
I0322 21:42:31.156273 21464 processor.cc:717] No data in processing queue, waiting...
I0322 21:42:31.157275 16136 processor.cc:898] Processor: complete processing batch 9bfe6bf2-3eac-4bd0-bcd2-024d866e5b74 into model nwt
I0322 21:42:31.157275 16944 processor.cc:898] Processor: complete processing batch 8cfd5d96-4bb6-4921-b27a-73bf3b305605 into model nwt
I0322 21:42:31.157275 16136 cuckoo_watch.h:45] 8ms in ProcessBatch(habrahabr\aaaaaf.batch) [including 1ms in LoadMessage; 0ms in InitializeSparseNdw; 3ms in InferThetaAndUpdateNwtSparse; 3ms in CalculateScore(^^^ItemsProcessedScore^^^); ]
I0322 21:42:31.158275 11512 processor.cc:898] Processor: complete processing batch f5af66b6-d059-43d2-8636-1ab2105e4881 into model nwt
I0322 21:42:31.158275 16944 cuckoo_watch.h:45] 9ms in ProcessBatch(habrahabr\aaaaad.batch) [including 1ms in LoadMessage; 0ms in InitializeSparseNdw; 4ms in InferThetaAndUpdateNwtSparse; 3ms in CalculateScore(^^^ItemsProcessedScore^^^); ]
I0322 21:42:31.158275 11512 cuckoo_watch.h:45] 9ms in ProcessBatch(habrahabr\aaaaag.batch) [including 1ms in LoadMessage; 0ms in InitializeSparseNdw; 4ms in InferThetaAndUpdateNwtSparse; 3ms in CalculateScore(^^^ItemsProcessedScore^^^); ]
I0322 21:42:31.160277  2020 master_component.cc:1391] NormalizeModelArgs: pwt_target_name=pwt, nwt_source_name=nwt, rwt_source_name=
I0322 21:42:31.160277  2020 master_component.cc:952] MasterComponent: start normalizing model nwt
I0322 21:42:31.168284  2020 master_component.cc:980] MasterComponent: complete normalizing model nwt
I0322 21:42:31.172288  2020 master_component.cc:1415] DisposeModel rwt
I0322 21:42:31.172288  2020 master_component.cc:1005] FitOffline: ItemsProcessed, num_items=45, num_batches=8, token_weight=264839, token_weight_in_effect=264839
I0322 21:42:31.173290 17716 c_interface.cc:559] Pass GetScoreValueArgs, score_name=^^^ItemsProcessedScore^^^ to MasterComponent::Request
I0322 21:42:31.173290 17716 c_interface.cc:230] ArtmCopyRequestedMessage is copying 45 bytes...
I0322 21:42:31.173290  2020 c_interface.cc:386] Pass FitOfflineMasterModelArgs, batch_filename_size=8, batch_weight_size=8, num_collection_passes=1 to void (__cdecl artm::core::MasterComponent::*)(class artm::FitOfflineMasterModelArgs const & __ptr64) __ptr64
I0322 21:42:31.173290  2020 master_component.cc:1340] ProcessBatchesArgs: nwt_target_name=nwt, batch_filename_size=8, batch_size=0, batch_weight_size=8, pwt_source_name=pwt, num_document_passes=10, reuse_theta=no, opt_for_avx=yes, predict_class_id=
I0322 21:42:31.183298  8416 processor.cc:724] Processing queue has data, processing started
I0322 21:42:31.183298  3352 processor.cc:724] Processing queue has data, processing started
I0322 21:42:31.183298  3296 processor.cc:724] Processing queue has data, processing started
I0322 21:42:31.184300  8416 processor.cc:802] Processor: start processing batch 2fb45dcf-f7cf-4706-9ac9-5f8564d79017 into model nwt
I0322 21:42:31.184300  3352 processor.cc:802] Processor: start processing batch 89a4094b-d803-4a30-a075-c1acd0c80e0b into model nwt
I0322 21:42:31.184300 16944 processor.cc:802] Processor: start processing batch 01b2ddcc-5d9d-4108-af72-583504b3fcf5 into model nwt
I0322 21:42:31.184300 21340 processor.cc:802] Processor: start processing batch 8cfd5d96-4bb6-4921-b27a-73bf3b305605 into model nwt
I0322 21:42:31.184300 18216 processor.cc:802] Processor: start processing batch f5af66b6-d059-43d2-8636-1ab2105e4881 into model nwt
I0322 21:42:31.184300 16136 processor.cc:802] Processor: start processing batch d6b90fad-7f88-462d-8845-c7b1a973dd0a into model nwt
I0322 21:42:31.185300  3296 processor.cc:802] Processor: start processing batch 9bfe6bf2-3eac-4bd0-bcd2-024d866e5b74 into model nwt
I0322 21:42:31.187302  3352 processor.cc:898] Processor: complete processing batch 89a4094b-d803-4a30-a075-c1acd0c80e0b into model nwt
I0322 21:42:31.187302 14924 processor.cc:802] Processor: start processing batch d448d8b4-90bc-4f3b-81a0-ed95698a5573 into model nwt
I0322 21:42:31.187302  3352 cuckoo_watch.h:45] 4ms in ProcessBatch(habrahabr\aaaaab.batch) [including 0ms in LoadMessage; 0ms in InitializeSparseNdw; 1ms in InferThetaAndUpdateNwtSparse; 1ms in CalculateScore(^^^ItemsProcessedScore^^^); ]
I0322 21:42:31.188303  8416 processor.cc:898] Processor: complete processing batch 2fb45dcf-f7cf-4706-9ac9-5f8564d79017 into model nwt
I0322 21:42:31.188303 16944 processor.cc:898] Processor: complete processing batch 01b2ddcc-5d9d-4108-af72-583504b3fcf5 into model nwt
I0322 21:42:31.188303 16944 cuckoo_watch.h:45] 5ms in ProcessBatch(habrahabr\aaaaaa.batch) [including 0ms in LoadMessage; 0ms in InitializeSparseNdw; 2ms in InferThetaAndUpdateNwtSparse; 1ms in CalculateScore(^^^ItemsProcessedScore^^^); ]
I0322 21:42:31.188303  8416 cuckoo_watch.h:45] 5ms in ProcessBatch(habrahabr\aaaaac.batch) [including 0ms in LoadMessage; 0ms in InitializeSparseNdw; 2ms in InferThetaAndUpdateNwtSparse; 1ms in CalculateScore(^^^ItemsProcessedScore^^^); ]
I0322 21:42:31.189304 16136 processor.cc:898] Processor: complete processing batch d6b90fad-7f88-462d-8845-c7b1a973dd0a into model nwt
I0322 21:42:31.189304 16136 cuckoo_watch.h:45] 6ms in ProcessBatch(habrahabr\aaaaae.batch) [including 1ms in LoadMessage; 0ms in InitializeSparseNdw; 2ms in InferThetaAndUpdateNwtSparse; 1ms in CalculateScore(^^^ItemsProcessedScore^^^); ]
I0322 21:42:31.191306 21340 processor.cc:898] Processor: complete processing batch 8cfd5d96-4bb6-4921-b27a-73bf3b305605 into model nwt
I0322 21:42:31.191306 21340 cuckoo_watch.h:45] 8ms in ProcessBatch(habrahabr\aaaaad.batch) [including 1ms in LoadMessage; 0ms in InitializeSparseNdw; 3ms in InferThetaAndUpdateNwtSparse; 2ms in CalculateScore(^^^ItemsProcessedScore^^^); ]
I0322 21:42:31.192307 14924 processor.cc:898] Processor: complete processing batch d448d8b4-90bc-4f3b-81a0-ed95698a5573 into model nwt
I0322 21:42:31.192307  3296 processor.cc:898] Processor: complete processing batch 9bfe6bf2-3eac-4bd0-bcd2-024d866e5b74 into model nwt
I0322 21:42:31.192307 14924 cuckoo_watch.h:45] 6ms in ProcessBatch(habrahabr\aaaaah.batch) [including 0ms in LoadMessage; 0ms in InitializeSparseNdw; 3ms in InferThetaAndUpdateNwtSparse; 2ms in CalculateScore(^^^ItemsProcessedScore^^^); ]
I0322 21:42:31.192307  3296 cuckoo_watch.h:45] 9ms in ProcessBatch(habrahabr\aaaaaf.batch) [including 1ms in LoadMessage; 0ms in InitializeSparseNdw; 4ms in InferThetaAndUpdateNwtSparse; 3ms in CalculateScore(^^^ItemsProcessedScore^^^); ]
I0322 21:42:31.194308 18216 processor.cc:898] Processor: complete processing batch f5af66b6-d059-43d2-8636-1ab2105e4881 into model nwt
I0322 21:42:31.194308 18216 cuckoo_watch.h:45] 11ms in ProcessBatch(habrahabr\aaaaag.batch) [including 1ms in LoadMessage; 0ms in InitializeSparseNdw; 5ms in InferThetaAndUpdateNwtSparse; 4ms in CalculateScore(^^^ItemsProcessedScore^^^); ]
I0322 21:42:31.198123  2020 master_component.cc:1391] NormalizeModelArgs: pwt_target_name=pwt, nwt_source_name=nwt, rwt_source_name=
I0322 21:42:31.198123  2020 master_component.cc:952] MasterComponent: start normalizing model nwt
I0322 21:42:31.206130  2020 master_component.cc:980] MasterComponent: complete normalizing model nwt
I0322 21:42:31.210135  2020 master_component.cc:1415] DisposeModel rwt
I0322 21:42:31.210135  2020 master_component.cc:1005] FitOffline: ItemsProcessed, num_items=45, num_batches=8, token_weight=264839, token_weight_in_effect=264839
I0322 21:42:31.211135 17716 c_interface.cc:559] Pass GetScoreValueArgs, score_name=^^^ItemsProcessedScore^^^ to MasterComponent::Request
I0322 21:42:31.211135 17716 c_interface.cc:230] ArtmCopyRequestedMessage is copying 45 bytes...
I0322 21:42:31.211135 17716 c_interface.cc:230] ArtmCopyRequestedMessage is copying 20406 bytes...
I0322 21:42:31.213138 17716 c_interface.cc:230] ArtmCopyRequestedMessage is copying 20406 bytes...
I0322 21:42:31.215139 17716 c_interface.cc:230] ArtmCopyRequestedMessage is copying 20406 bytes...
I0322 21:42:31.217141 17716 c_interface.cc:230] ArtmCopyRequestedMessage is copying 20406 bytes...
I0322 21:42:31.219143 17716 c_interface.cc:230] ArtmCopyRequestedMessage is copying 20406 bytes...
I0322 21:42:31.221145 17716 c_interface.cc:230] ArtmCopyRequestedMessage is copying 20406 bytes...
I0322 21:42:31.223146 17716 c_interface.cc:230] ArtmCopyRequestedMessage is copying 20406 bytes...
I0322 21:42:31.224148 12956 processor.cc:717] No data in processing queue, waiting...
I0322 21:42:31.224148 13908 processor.cc:717] No data in processing queue, waiting...
I0322 21:42:31.224148  1812 processor.cc:717] No data in processing queue, waiting...
I0322 21:42:31.225147 17716 c_interface.cc:230] ArtmCopyRequestedMessage is copying 20406 bytes...
I0322 21:42:31.227150 11512 processor.cc:717] No data in processing queue, waiting...
I0322 21:42:31.227150 17716 c_interface.cc:230] ArtmCopyRequestedMessage is copying 20406 bytes...
I0322 21:42:31.229152 17716 c_interface.cc:230] ArtmCopyRequestedMessage is copying 20406 bytes...
I0322 21:42:31.231155 17716 c_interface.cc:230] ArtmCopyRequestedMessage is copying 20406 bytes...
I0322 21:42:31.233156 17716 c_interface.cc:230] ArtmCopyRequestedMessage is copying 20406 bytes...
I0322 21:42:31.234156 17716 c_interface.cc:230] ArtmCopyRequestedMessage is copying 20406 bytes...
I0322 21:42:31.236158 17716 c_interface.cc:230] ArtmCopyRequestedMessage is copying 20406 bytes...
I0322 21:42:31.238160 17716 c_interface.cc:230] ArtmCopyRequestedMessage is copying 20406 bytes...
I0322 21:42:31.240164 17716 c_interface.cc:230] ArtmCopyRequestedMessage is copying 20406 bytes...
I0322 21:42:31.242163 17716 c_interface.cc:230] ArtmCopyRequestedMessage is copying 20406 bytes...
I0322 21:42:31.244165 17716 c_interface.cc:230] ArtmCopyRequestedMessage is copying 20406 bytes...
I0322 21:42:31.246167 17716 c_interface.cc:230] ArtmCopyRequestedMessage is copying 20406 bytes...
I0322 21:42:31.248168 17716 c_interface.cc:230] ArtmCopyRequestedMessage is copying 20406 bytes...
I0322 21:42:31.250171 17716 c_interface.cc:230] ArtmCopyRequestedMessage is copying 20406 bytes...
I0322 21:42:31.252172 17716 c_interface.cc:230] ArtmCopyRequestedMessage is copying 20406 bytes...
I0322 21:42:31.254174 17716 c_interface.cc:230] ArtmCopyRequestedMessage is copying 20406 bytes...
I0322 21:42:31.256176  8416 processor.cc:717] No data in processing queue, waiting...
I0322 21:42:31.256176 16944 processor.cc:717] No data in processing queue, waiting...
I0322 21:42:31.256176 16136 processor.cc:717] No data in processing queue, waiting...
I0322 21:42:31.256176  3352 processor.cc:717] No data in processing queue, waiting...
I0322 21:42:31.256176 17716 c_interface.cc:230] ArtmCopyRequestedMessage is copying 20406 bytes...
I0322 21:42:31.258178 17716 c_interface.cc:230] ArtmCopyRequestedMessage is copying 20406 bytes...
I0322 21:42:31.260180 21340 processor.cc:717] No data in processing queue, waiting...
I0322 21:42:31.260180  3296 processor.cc:717] No data in processing queue, waiting...
I0322 21:42:31.260180 14924 processor.cc:717] No data in processing queue, waiting...
I0322 21:42:31.261181 17716 c_interface.cc:230] ArtmCopyRequestedMessage is copying 20406 bytes...
I0322 21:42:31.262181 17716 c_interface.cc:230] ArtmCopyRequestedMessage is copying 20406 bytes...
I0322 21:42:31.264183 18216 processor.cc:717] No data in processing queue, waiting...
I0322 21:42:31.264183 17716 c_interface.cc:230] ArtmCopyRequestedMessage is copying 20406 bytes...
I0322 21:42:31.266185 17716 c_interface.cc:230] ArtmCopyRequestedMessage is copying 20406 bytes...
I0322 21:42:31.268187 17716 c_interface.cc:230] ArtmCopyRequestedMessage is copying 20406 bytes...
I0322 21:42:31.270190 17716 c_interface.cc:230] ArtmCopyRequestedMessage is copying 20406 bytes...
I0322 21:42:31.272192 17716 c_interface.cc:230] ArtmCopyRequestedMessage is copying 20406 bytes...
I0322 21:42:31.274192 17716 c_interface.cc:230] ArtmCopyRequestedMessage is copying 20406 bytes...
I0322 21:42:31.276194 17716 c_interface.cc:230] ArtmCopyRequestedMessage is copying 20406 bytes...
I0322 21:42:31.278196 17716 c_interface.cc:230] ArtmCopyRequestedMessage is copying 20406 bytes...
I0322 21:42:31.280198 17716 c_interface.cc:230] ArtmCopyRequestedMessage is copying 20406 bytes...
I0322 21:42:31.281198 17716 c_interface.cc:230] ArtmCopyRequestedMessage is copying 20406 bytes...
I0322 21:42:31.283201 17716 c_interface.cc:230] ArtmCopyRequestedMessage is copying 20406 bytes...
I0322 21:42:31.285202 17716 c_interface.cc:230] ArtmCopyRequestedMessage is copying 20406 bytes...
I0322 21:42:31.287205 17716 c_interface.cc:230] ArtmCopyRequestedMessage is copying 20406 bytes...
I0322 21:42:31.289207 17716 c_interface.cc:230] ArtmCopyRequestedMessage is copying 20406 bytes...
I0322 21:42:31.291208 17716 c_interface.cc:230] ArtmCopyRequestedMessage is copying 20406 bytes...
I0322 21:42:31.293210 17716 c_interface.cc:230] ArtmCopyRequestedMessage is copying 20406 bytes...
I0322 21:42:31.294210 17716 c_interface.cc:230] ArtmCopyRequestedMessage is copying 20406 bytes...
I0322 21:42:31.296212 17716 c_interface.cc:230] ArtmCopyRequestedMessage is copying 20406 bytes...
I0322 21:42:31.298214 17716 c_interface.cc:230] ArtmCopyRequestedMessage is copying 20406 bytes...
I0322 21:42:31.300217 17716 c_interface.cc:230] ArtmCopyRequestedMessage is copying 20406 bytes...
I0322 21:42:31.302218 17716 c_interface.cc:230] ArtmCopyRequestedMessage is copying 20406 bytes...
I0322 21:42:31.304220 17716 c_interface.cc:230] ArtmCopyRequestedMessage is copying 20406 bytes...
I0322 21:42:31.306222 17716 c_interface.cc:230] ArtmCopyRequestedMessage is copying 20406 bytes...
I0322 21:42:31.307222 17716 c_interface.cc:230] ArtmCopyRequestedMessage is copying 20406 bytes...
I0322 21:42:31.309224 17716 c_interface.cc:230] ArtmCopyRequestedMessage is copying 20406 bytes...
I0322 21:42:31.311226 17716 c_interface.cc:230] ArtmCopyRequestedMessage is copying 20406 bytes...
I0322 21:42:31.313228 17716 c_interface.cc:230] ArtmCopyRequestedMessage is copying 20406 bytes...
I0322 21:42:31.315229 17716 c_interface.cc:230] ArtmCopyRequestedMessage is copying 20406 bytes...
I0322 21:42:31.317231 17716 c_interface.cc:230] ArtmCopyRequestedMessage is copying 20406 bytes...
I0322 21:42:31.319233 17716 c_interface.cc:230] ArtmCopyRequestedMessage is copying 20406 bytes...
I0322 21:42:31.321235 17716 c_interface.cc:230] ArtmCopyRequestedMessage is copying 20406 bytes...
I0322 21:42:31.322237 17716 c_interface.cc:230] ArtmCopyRequestedMessage is copying 20406 bytes...
I0322 21:42:31.324239 17716 c_interface.cc:230] ArtmCopyRequestedMessage is copying 20406 bytes...
I0322 21:42:31.326241 17716 c_interface.cc:230] ArtmCopyRequestedMessage is copying 20406 bytes...
I0322 21:42:31.328241 17716 c_interface.cc:230] ArtmCopyRequestedMessage is copying 20406 bytes...
I0322 21:42:31.330245 17716 c_interface.cc:230] ArtmCopyRequestedMessage is copying 20406 bytes...
I0322 21:42:31.332245 17716 c_interface.cc:230] ArtmCopyRequestedMessage is copying 20406 bytes...
I0322 21:42:31.333246 17716 c_interface.cc:230] ArtmCopyRequestedMessage is copying 20406 bytes...
I0322 21:42:31.335248 17716 c_interface.cc:230] ArtmCopyRequestedMessage is copying 20406 bytes...
I0322 21:42:31.337250 17716 c_interface.cc:230] ArtmCopyRequestedMessage is copying 20406 bytes...
I0322 21:42:31.339251 17716 c_interface.cc:230] ArtmCopyRequestedMessage is copying 20406 bytes...
I0322 21:42:31.341254 17716 c_interface.cc:230] ArtmCopyRequestedMessage is copying 20406 bytes...
I0322 21:42:31.343255 17716 c_interface.cc:230] ArtmCopyRequestedMessage is copying 20406 bytes...
I0322 21:42:31.344256 17716 c_interface.cc:230] ArtmCopyRequestedMessage is copying 20406 bytes...
I0322 21:42:31.346258 17716 c_interface.cc:230] ArtmCopyRequestedMessage is copying 20406 bytes...
I0322 21:42:31.348260 17716 c_interface.cc:230] ArtmCopyRequestedMessage is copying 20406 bytes...
I0322 21:42:31.350262 17716 c_interface.cc:230] ArtmCopyRequestedMessage is copying 20406 bytes...
I0322 21:42:31.352263 17716 c_interface.cc:230] ArtmCopyRequestedMessage is copying 20406 bytes...
I0322 21:42:31.354265 17716 c_interface.cc:230] ArtmCopyRequestedMessage is copying 20406 bytes...
I0322 21:42:31.355266 17716 c_interface.cc:230] ArtmCopyRequestedMessage is copying 20406 bytes...
I0322 21:42:31.357268 17716 c_interface.cc:230] ArtmCopyRequestedMessage is copying 20406 bytes...
I0322 21:42:31.359270 17716 c_interface.cc:230] ArtmCopyRequestedMessage is copying 20406 bytes...
I0322 21:42:31.361272 17716 c_interface.cc:230] ArtmCopyRequestedMessage is copying 20406 bytes...
I0322 21:42:31.363274 17716 c_interface.cc:230] ArtmCopyRequestedMessage is copying 20406 bytes...
I0322 21:42:31.365276 17716 c_interface.cc:230] ArtmCopyRequestedMessage is copying 20406 bytes...
I0322 21:42:31.366276 17716 c_interface.cc:230] ArtmCopyRequestedMessage is copying 20406 bytes...
I0322 21:42:31.368278 17716 c_interface.cc:230] ArtmCopyRequestedMessage is copying 20406 bytes...
I0322 21:42:31.370280 17716 c_interface.cc:230] ArtmCopyRequestedMessage is copying 20406 bytes...
I0322 21:42:31.372282 17716 c_interface.cc:230] ArtmCopyRequestedMessage is copying 20406 bytes...
I0322 21:42:31.374284 17716 c_interface.cc:230] ArtmCopyRequestedMessage is copying 20406 bytes...
I0322 21:42:31.376286 17716 c_interface.cc:230] ArtmCopyRequestedMessage is copying 20406 bytes...
I0322 21:42:31.377286 17716 c_interface.cc:230] ArtmCopyRequestedMessage is copying 20406 bytes...
I0322 21:42:31.379288 17716 c_interface.cc:230] ArtmCopyRequestedMessage is copying 20406 bytes...
I0322 21:42:31.381289 17716 c_interface.cc:230] ArtmCopyRequestedMessage is c