I0322 20:46:49.549556  3776 c_interface.cc:386] Pass FitOfflineMasterModelArgs, batch_filename_size=6, batch_weight_size=6, num_collection_passes=1 to void (__cdecl artm::core::MasterComponent::*)(class artm::FitOfflineMasterModelArgs const & __ptr64) __ptr64
I0322 20:46:49.549556  3776 master_component.cc:1340] ProcessBatchesArgs: nwt_target_name=nwt, batch_filename_size=6, batch_size=0, batch_weight_size=6, pwt_source_name=pwt, num_document_passes=10, reuse_theta=no, opt_for_avx=yes, predict_class_id=
I0322 20:46:49.558564 15524 processor.cc:724] Processing queue has data, processing started
I0322 20:46:49.558564 13204 processor.cc:724] Processing queue has data, processing started
I0322 20:46:49.558564 12008 processor.cc:724] Processing queue has data, processing started
I0322 20:46:49.558564 18092 processor.cc:724] Processing queue has data, processing started
I0322 20:46:49.558564  4068 processor.cc:802] Processor: start processing batch fde48927-820f-4f4f-8b6d-e7753abe285f into model nwt
I0322 20:46:49.558564 13204 processor.cc:802] Processor: start processing batch c413a04d-ae5a-450b-8f22-5da7f97fa58c into model nwt
I0322 20:46:49.558564 15524 processor.cc:802] Processor: start processing batch c9e39b01-3c60-4f24-94a5-a16a94d84d08 into model nwt
I0322 20:46:49.558564  8952 processor.cc:802] Processor: start processing batch 49f59b15-f733-4cc1-83b7-4714c7e7b316 into model nwt
I0322 20:46:49.559566 12008 processor.cc:802] Processor: start processing batch 2454a722-3b9e-44b5-ab75-051371a42f68 into model nwt
I0322 20:46:49.559566  4068 processor.cc:898] Processor: complete processing batch fde48927-820f-4f4f-8b6d-e7753abe285f into model nwt
I0322 20:46:49.559566  4068 cuckoo_watch.h:45] 1ms in ProcessBatch(habrahabr\aaaaaa.batch) [including 0ms in LoadMessage; 0ms in InitializeSparseNdw; 0ms in InferThetaAndUpdateNwtSparse; 0ms in CalculateScore(^^^ItemsProcessedScore^^^); ]
I0322 20:46:49.559566 18092 processor.cc:802] Processor: start processing batch e4bb3be5-4ca6-46ed-ab52-e445276019a3 into model nwt
I0322 20:46:49.560567 15524 processor.cc:898] Processor: complete processing batch c9e39b01-3c60-4f24-94a5-a16a94d84d08 into model nwt
I0322 20:46:49.560567 15524 cuckoo_watch.h:45] 2ms in ProcessBatch(habrahabr\aaaaac.batch) [including 0ms in LoadMessage; 0ms in InitializeSparseNdw; 1ms in InferThetaAndUpdateNwtSparse; 0ms in CalculateScore(^^^ItemsProcessedScore^^^); ]
I0322 20:46:49.561568 13204 processor.cc:898] Processor: complete processing batch c413a04d-ae5a-450b-8f22-5da7f97fa58c into model nwt
I0322 20:46:49.561568  8952 processor.cc:898] Processor: complete processing batch 49f59b15-f733-4cc1-83b7-4714c7e7b316 into model nwt
I0322 20:46:49.562569  3396 processor.cc:717] No data in processing queue, waiting...
I0322 20:46:49.562569 13204 cuckoo_watch.h:45] 4ms in ProcessBatch(habrahabr\aaaaab.batch) [including 0ms in LoadMessage; 0ms in InitializeSparseNdw; 2ms in InferThetaAndUpdateNwtSparse; 0ms in CalculateScore(^^^ItemsProcessedScore^^^); ]
I0322 20:46:49.562569  8952 cuckoo_watch.h:45] 4ms in ProcessBatch(habrahabr\aaaaaf.batch) [including 0ms in LoadMessage; 0ms in InitializeSparseNdw; 1ms in InferThetaAndUpdateNwtSparse; 1ms in CalculateScore(^^^ItemsProcessedScore^^^); ]
I0322 20:46:49.563570 12008 processor.cc:898] Processor: complete processing batch 2454a722-3b9e-44b5-ab75-051371a42f68 into model nwt
I0322 20:46:49.563570 12008 cuckoo_watch.h:45] 5ms in ProcessBatch(habrahabr\aaaaad.batch) [including 0ms in LoadMessage; 0ms in InitializeSparseNdw; 2ms in InferThetaAndUpdateNwtSparse; 1ms in CalculateScore(^^^ItemsProcessedScore^^^); ]
I0322 20:46:49.566571 18092 processor.cc:898] Processor: complete processing batch e4bb3be5-4ca6-46ed-ab52-e445276019a3 into model nwt
I0322 20:46:49.566571 18092 cuckoo_watch.h:45] 8ms in ProcessBatch(habrahabr\aaaaae.batch) [including 1ms in LoadMessage; 0ms in InitializeSparseNdw; 3ms in InferThetaAndUpdateNwtSparse; 2ms in CalculateScore(^^^ItemsProcessedScore^^^); ]
I0322 20:46:49.570730  3776 master_component.cc:1391] NormalizeModelArgs: pwt_target_name=pwt, nwt_source_name=nwt, rwt_source_name=
I0322 20:46:49.570730  3776 master_component.cc:952] MasterComponent: start normalizing model nwt
I0322 20:46:49.578737  3776 master_component.cc:980] MasterComponent: complete normalizing model nwt
I0322 20:46:49.581740  3776 master_component.cc:1415] DisposeModel rwt
I0322 20:46:49.581740  3776 master_component.cc:1005] FitOffline: ItemsProcessed, num_items=30, num_batches=6, token_weight=91890, token_weight_in_effect=91890
I0322 20:46:49.582741 17616 c_interface.cc:559] Pass GetScoreValueArgs, score_name=^^^ItemsProcessedScore^^^ to MasterComponent::Request
I0322 20:46:49.582741 17616 c_interface.cc:230] ArtmCopyRequestedMessage is copying 45 bytes...
I0322 20:46:49.582741 17616 c_interface.cc:230] ArtmCopyRequestedMessage is copying 14620 bytes...
I0322 20:46:49.584743 17616 c_interface.cc:230] ArtmCopyRequestedMessage is copying 14620 bytes...
I0322 20:46:49.586745 17616 c_interface.cc:230] ArtmCopyRequestedMessage is copying 14620 bytes...
I0322 20:46:49.587746 17616 c_interface.cc:230] ArtmCopyRequestedMessage is copying 14620 bytes...
I0322 20:46:49.589748 17616 c_interface.cc:230] ArtmCopyRequestedMessage is copying 14620 bytes...
I0322 20:46:49.591750 17616 c_interface.cc:230] ArtmCopyRequestedMessage is copying 14620 bytes...
I0322 20:46:49.592751 17616 c_interface.cc:230] ArtmCopyRequestedMessage is copying 14620 bytes...
I0322 20:46:49.594753 17616 c_interface.cc:230] ArtmCopyRequestedMessage is copying 14620 bytes...
I0322 20:46:49.596755 17616 c_interface.cc:230] ArtmCopyRequestedMessage is copying 14620 bytes...
I0322 20:46:49.597755 17100 processor.cc:717] No data in processing queue, waiting...
I0322 20:46:49.597755 17616 c_interface.cc:230] ArtmCopyRequestedMessage is copying 14620 bytes...
I0322 20:46:49.601759 15420 processor.cc:717] No data in processing queue, waiting...
I0322 20:46:49.601759 20128 processor.cc:717] No data in processing queue, waiting...
I0322 20:46:49.605554 20912 processor.cc:717] No data in processing queue, waiting...
I0322 20:46:49.631559  4068 processor.cc:717] No data in processing queue, waiting...
I0322 20:46:49.631559 15524 processor.cc:717] No data in processing queue, waiting...
I0322 20:46:49.635558 13204 processor.cc:717] No data in processing queue, waiting...
I0322 20:46:49.635558  8952 processor.cc:717] No data in processing queue, waiting...
I0322 20:46:49.635558 12008 processor.cc:717] No data in processing queue, waiting...
I0322 20:46:49.639919 18092 processor.cc:717] No data in processing queue, waiting...
I0322 20:46:50.197151 17616 c_interface.cc:372] Pass f66fc46c-8cfd-42b0-9b1f-40785f2ffc30 to void (__cdecl artm::core::MasterComponent::*)(class std::basic_string<char,struct std::char_traits<char>,class std::allocator<char> > const & __ptr64) __ptr64
I0322 20:46:50.198153 17616 c_interface.cc:336] Disposing MasterComponent (id=1)...
I0322 20:46:50.198153 17616 c_interface.cc:372] Pass 6a94e6cb-8b06-4a68-bd74-fa1a9c56f830 to void (__cdecl artm::core::MasterComponent::*)(class std::basic_string<char,struct std::char_traits<char>,class std::allocator<char> > const & __ptr64) __ptr64
I0322 20:46:50.198153 17616 c_interface.cc:336] Disposing MasterComponent (id=2)...
I0322 20:46:50.200625 15524 processor.cc:709] Processor thread stopped
I0322 20:46:50.200625 15524 processor.cc:710] Total number of processed batches: 3
I0322 20:46:50.203626 16256 processor.cc:709] Processor thread stopped
I0322 20:46:50.203626 16256 processor.cc:710] Total number of processed batches: 1
I0322 20:46:50.207628 15440 processor.cc:709] Processor thread stopped
I0322 20:46:50.207628 15440 processor.cc:710] Total number of processed batches: 1
I0322 20:46:50.211627 15396 processor.cc:709] Processor thread stopped
I0322 20:46:50.211627 15396 processor.cc:710] Total number of processed batches: 3
I0322 20:46:50.214627  4068 processor.cc:709] Processor thread stopped
I0322 20:46:50.214627  4068 processor.cc:710] Total number of processed batches: 3
I0322 20:46:50.218632 18092 processor.cc:709] Processor thread stopped
I0322 20:46:50.218632 18092 processor.cc:710] Total number of processed batches: 8
I0322 20:46:50.221627 13204 processor.cc:709] Processor thread stopped
I0322 20:46:50.221627 13204 processor.cc:710] Total number of processed batches: 6
I0322 20:46:50.224627 12008 processor.cc:709] Processor thread stopped
I0322 20:46:50.224627 12008 processor.cc:710] Total number of processed batches: 2
I0322 20:46:50.228637 20912 processor.cc:709] Processor thread stopped
I0322 20:46:50.228637 20912 processor.cc:710] Total number of processed batches: 2
I0322 20:46:50.232628 17100 processor.cc:709] Processor thread stopped
I0322 20:46:50.232628 17100 processor.cc:710] Total number of processed batches: 7
I0322 20:46:50.235630  3396 processor.cc:709] Processor thread stopped
I0322 20:46:50.235630  3396 processor.cc:710] Total number of processed batches: 8
I0322 20:46:50.239643 15420 processor.cc:709] Processor thread stopped
I0322 20:46:50.239643 15420 processor.cc:710] Total number of processed batches: 4
I0322 20:46:50.243629  3008 processor.cc:709] Processor thread stopped
I0322 20:46:50.243629  3008 processor.cc:710] Total number of processed batches: 4
I0322 20:46:50.247630 13008 processor.cc:709] Processor thread stopped
I0322 20:46:50.247630 13008 processor.cc:710] Total number of processed batches: 2
I0322 20:46:50.251631  8952 processor.cc:709] Processor thread stopped
I0322 20:46:50.251631  8952 processor.cc:710] Total number of processed batches: 4
I0322 20:46:50.254631 20128 processor.cc:709] Processor thread stopped
I0322 20:46:50.254631 20128 processor.cc:710] Total number of processed batches: 2
I0322 20:46:50.257634 17616 c_interface.cc:336] Disposing MasterComponent (id=3)...
