I0623 01:56:34.837097 17100 cuckoo_watch.h:45] 1ms in ProcessBatch(modelsOfBA\aaaaah.batch) [including 0ms in LoadMessage; 0ms in InitializeSparseNdw; 0ms in InferThetaAndUpdateNwtSparse; 0ms in CalculateScore(^^^ItemsProcessedScore^^^); ]
I0623 01:56:34.837097 15008 processor.cc:802] Processor: start processing batch 5e8b9fc7-6a8a-42e0-abe3-3c7432777cdb into model nwt
I0623 01:56:34.837097 15008 processor.cc:898] Processor: complete processing batch 5e8b9fc7-6a8a-42e0-abe3-3c7432777cdb into model nwt
I0623 01:56:34.837097 15008 cuckoo_watch.h:45] 0ms in ProcessBatch(modelsOfBA\aaaaam.batch) [including 0ms in LoadMessage; 0ms in InitializeSparseNdw; 0ms in InferThetaAndUpdateNwtSparse; 0ms in CalculateScore(^^^ItemsProcessedScore^^^); ]
I0623 01:56:34.837097 12048 processor.cc:898] Processor: complete processing batch 9ede6664-f412-4e38-af96-a0de7feb9a97 into model nwt
I0623 01:56:34.837097 17100 processor.cc:802] Processor: start processing batch 4b826b71-f723-49f7-8570-18d521c76bb8 into model nwt
I0623 01:56:34.837097 12048 cuckoo_watch.h:45] 0ms in ProcessBatch(modelsOfBA\aaaaal.batch) [including 0ms in LoadMessage; 0ms in InitializeSparseNdw; 0ms in InferThetaAndUpdateNwtSparse; 0ms in CalculateScore(^^^ItemsProcessedScore^^^); ]
I0623 01:56:34.837765 12048 processor.cc:802] Processor: start processing batch 354953cb-8176-40b5-80c5-c073ade3acf4 into model nwt
I0623 01:56:34.837765 17100 processor.cc:898] Processor: complete processing batch 4b826b71-f723-49f7-8570-18d521c76bb8 into model nwt
I0623 01:56:34.837765 17100 cuckoo_watch.h:45] 0ms in ProcessBatch(modelsOfBA\aaaaan.batch) [including 0ms in LoadMessage; 0ms in InitializeSparseNdw; 0ms in InferThetaAndUpdateNwtSparse; 0ms in CalculateScore(^^^ItemsProcessedScore^^^); ]
I0623 01:56:34.837765 12048 processor.cc:898] Processor: complete processing batch 354953cb-8176-40b5-80c5-c073ade3acf4 into model nwt
I0623 01:56:34.837765 12048 cuckoo_watch.h:45] 0ms in ProcessBatch(modelsOfBA\aaaaao.batch) [including 0ms in LoadMessage; 0ms in InitializeSparseNdw; 0ms in InferThetaAndUpdateNwtSparse; 0ms in CalculateScore(^^^ItemsProcessedScore^^^); ]
I0623 01:56:34.838430 19212 master_component.cc:1391] NormalizeModelArgs: pwt_target_name=pwt, nwt_source_name=nwt, rwt_source_name=
I0623 01:56:34.838430 19212 master_component.cc:952] MasterComponent: start normalizing model nwt
I0623 01:56:34.843099 19212 master_component.cc:980] MasterComponent: complete normalizing model nwt
I0623 01:56:34.844432 19212 master_component.cc:1415] DisposeModel rwt
I0623 01:56:34.844432 19212 master_component.cc:1005] FitOffline: ItemsProcessed, num_items=15, num_batches=15, token_weight=20124, token_weight_in_effect=20124
I0623 01:56:34.844432 12676 c_interface.cc:559] Pass GetScoreValueArgs, score_name=^^^ItemsProcessedScore^^^ to MasterComponent::Request
I0623 01:56:34.844432 12676 c_interface.cc:230] ArtmCopyRequestedMessage is copying 45 bytes...
I0623 01:56:34.845099  8652 processor.cc:717] No data in processing queue, waiting...
I0623 01:56:34.845767 19212 c_interface.cc:386] Pass FitOfflineMasterModelArgs, batch_filename_size=15, batch_weight_size=15, num_collection_passes=1 to void (__cdecl artm::core::MasterComponent::*)(class artm::FitOfflineMasterModelArgs const & __ptr64) __ptr64
I0623 01:56:34.845767 19212 master_component.cc:1340] ProcessBatchesArgs: nwt_target_name=nwt, batch_filename_size=15, batch_size=0, batch_weight_size=15, pwt_source_name=pwt, num_document_passes=10, reuse_theta=no, opt_for_avx=yes, predict_class_id=
I0623 01:56:34.850433 16276 processor.cc:802] Processor: start processing batch 767ed1e0-8004-40de-8587-72dc5f5cb4c3 into model nwt
I0623 01:56:34.850433 16276 processor.cc:898] Processor: complete processing batch 767ed1e0-8004-40de-8587-72dc5f5cb4c3 into model nwt
I0623 01:56:34.850433 16276 cuckoo_watch.h:45] 0ms in ProcessBatch(modelsOfBA\aaaaaa.batch) [including 0ms in LoadMessage; 0ms in InitializeSparseNdw; 0ms in InferThetaAndUpdateNwtSparse; 0ms in CalculateScore(^^^ItemsProcessedScore^^^); ]
I0623 01:56:34.851100 16276 processor.cc:802] Processor: start processing batch 9eacf609-9863-4d19-a87a-976373f9c6ab into model nwt
I0623 01:56:34.851100 16276 processor.cc:898] Processor: complete processing batch 9eacf609-9863-4d19-a87a-976373f9c6ab into model nwt
I0623 01:56:34.851100 16276 cuckoo_watch.h:45] 0ms in ProcessBatch(modelsOfBA\aaaaab.batch) [including 0ms in LoadMessage; 0ms in InitializeSparseNdw; 0ms in InferThetaAndUpdateNwtSparse; 0ms in CalculateScore(^^^ItemsProcessedScore^^^); ]
I0623 01:56:34.851768 17592 processor.cc:724] Processing queue has data, processing started
I0623 01:56:34.851768 16276 processor.cc:802] Processor: start processing batch 4fae714e-72a2-49d1-abbd-0a8aa06059b8 into model nwt
I0623 01:56:34.851768 17592 processor.cc:802] Processor: start processing batch 8b69008b-3a50-4688-914d-c3529566f023 into model nwt
I0623 01:56:34.851768 12936 processor.cc:802] Processor: start processing batch 84b2bbb3-f03d-45e4-a233-09b2710e09da into model nwt
I0623 01:56:34.852434 12936 processor.cc:898] Processor: complete processing batch 84b2bbb3-f03d-45e4-a233-09b2710e09da into model nwt
I0623 01:56:34.852434 12936 cuckoo_watch.h:45] 0ms in ProcessBatch(modelsOfBA\aaaaae.batch) [including 0ms in LoadMessage; 0ms in InitializeSparseNdw; 0ms in InferThetaAndUpdateNwtSparse; 0ms in CalculateScore(^^^ItemsProcessedScore^^^); ]
I0623 01:56:34.852434 17592 processor.cc:898] Processor: complete processing batch 8b69008b-3a50-4688-914d-c3529566f023 into model nwt
I0623 01:56:34.852434 17592 cuckoo_watch.h:45] 1ms in ProcessBatch(modelsOfBA\aaaaad.batch) [including 0ms in LoadMessage; 0ms in InitializeSparseNdw; 0ms in InferThetaAndUpdateNwtSparse; 0ms in CalculateScore(^^^ItemsProcessedScore^^^); ]
I0623 01:56:34.852434 12936 processor.cc:802] Processor: start processing batch 8bfb2576-c9e6-41ee-8c10-bd888b951365 into model nwt
I0623 01:56:34.853101 15172 processor.cc:724] Processing queue has data, processing started
I0623 01:56:34.853101 17592 processor.cc:802] Processor: start processing batch e210276c-0a83-4eff-a751-e7d204a3e32c into model nwt
I0623 01:56:34.853101 15172 processor.cc:802] Processor: start processing batch 18ba30ca-4694-4c0e-a74d-9717410add4f into model nwt
I0623 01:56:34.853101 17592 processor.cc:898] Processor: complete processing batch e210276c-0a83-4eff-a751-e7d204a3e32c into model nwt
I0623 01:56:34.853101 17592 cuckoo_watch.h:45] 0ms in ProcessBatch(modelsOfBA\aaaaag.batch) [including 0ms in LoadMessage; 0ms in InitializeSparseNdw; 0ms in InferThetaAndUpdateNwtSparse; 0ms in CalculateScore(^^^ItemsProcessedScore^^^); ]
I0623 01:56:34.853101 12936 processor.cc:898] Processor: complete processing batch 8bfb2576-c9e6-41ee-8c10-bd888b951365 into model nwt
I0623 01:56:34.853101 12936 cuckoo_watch.h:45] 0ms in ProcessBatch(modelsOfBA\aaaaaf.batch) [including 0ms in LoadMessage; 0ms in InitializeSparseNdw; 0ms in InferThetaAndUpdateNwtSparse; 0ms in CalculateScore(^^^ItemsProcessedScore^^^); ]
I0623 01:56:34.853101 17592 processor.cc:802] Processor: start processing batch 329c1f36-e25f-451a-8967-a9fb9a8858ee into model nwt
I0623 01:56:34.853768 16276 processor.cc:898] Processor: complete processing batch 4fae714e-72a2-49d1-abbd-0a8aa06059b8 into model nwt
I0623 01:56:34.853768 16276 cuckoo_watch.h:45] 2ms in ProcessBatch(modelsOfBA\aaaaac.batch) [including 0ms in LoadMessage; 0ms in InitializeSparseNdw; 1ms in InferThetaAndUpdateNwtSparse; 0ms in CalculateScore(^^^ItemsProcessedScore^^^); ]
I0623 01:56:34.853768 12936 processor.cc:802] Processor: start processing batch 22ad4f32-e277-412d-ab8a-833104cdcba2 into model nwt
I0623 01:56:34.853768 12936 processor.cc:898] Processor: complete processing batch 22ad4f32-e277-412d-ab8a-833104cdcba2 into model nwt
I0623 01:56:34.853768 12936 cuckoo_watch.h:45] 0ms in ProcessBatch(modelsOfBA\aaaaaj.batch) [including 0ms in LoadMessage; 0ms in InitializeSparseNdw; 0ms in InferThetaAndUpdateNwtSparse; 0ms in CalculateScore(^^^ItemsProcessedScore^^^); ]
I0623 01:56:34.853768 17592 processor.cc:898] Processor: complete processing batch 329c1f36-e25f-451a-8967-a9fb9a8858ee into model nwt
I0623 01:56:34.853768 17592 cuckoo_watch.h:45] 0ms in ProcessBatch(modelsOfBA\aaaaai.batch) [including 0ms in LoadMessage; 0ms in InitializeSparseNdw; 0ms in InferThetaAndUpdateNwtSparse; 0ms in CalculateScore(^^^ItemsProcessedScore^^^); ]
I0623 01:56:34.853768 15172 processor.cc:898] Processor: complete processing batch 18ba30ca-4694-4c0e-a74d-9717410add4f into model nwt
I0623 01:56:34.853768 15172 cuckoo_watch.h:45] 1ms in ProcessBatch(modelsOfBA\aaaaah.batch) [including 0ms in LoadMessage; 0ms in InitializeSparseNdw; 0ms in InferThetaAndUpdateNwtSparse; 0ms in CalculateScore(^^^ItemsProcessedScore^^^); ]
I0623 01:56:34.853768 17592 processor.cc:802] Processor: start processing batch a5e3d4de-04d1-433e-b722-18574415e45a into model nwt
I0623 01:56:34.853768 17592 processor.cc:898] Processor: complete processing batch a5e3d4de-04d1-433e-b722-18574415e45a into model nwt
I0623 01:56:34.853768 17592 cuckoo_watch.h:45] 0ms in ProcessBatch(modelsOfBA\aaaaak.batch) [including 0ms in LoadMessage; 0ms in InitializeSparseNdw; 0ms in InferThetaAndUpdateNwtSparse; 0ms in CalculateScore(^^^ItemsProcessedScore^^^); ]
I0623 01:56:34.854435 17592 processor.cc:802] Processor: start processing batch 9ede6664-f412-4e38-af96-a0de7feb9a97 into model nwt
I0623 01:56:34.854435 17592 processor.cc:898] Processor: complete processing batch 9ede6664-f412-4e38-af96-a0de7feb9a97 into model nwt
I0623 01:56:34.854435 17592 cuckoo_watch.h:45] 0ms in ProcessBatch(modelsOfBA\aaaaal.batch) [including 0ms in LoadMessage; 0ms in InitializeSparseNdw; 0ms in InferThetaAndUpdateNwtSparse; 0ms in CalculateScore(^^^ItemsProcessedScore^^^); ]
I0623 01:56:34.855101 17592 processor.cc:802] Processor: start processing batch 5e8b9fc7-6a8a-42e0-abe3-3c7432777cdb into model nwt
I0623 01:56:34.855101 17592 processor.cc:898] Processor: complete processing batch 5e8b9fc7-6a8a-42e0-abe3-3c7432777cdb into model nwt
I0623 01:56:34.855101 12936 processor.cc:802] Processor: start processing batch 4b826b71-f723-49f7-8570-18d521c76bb8 into model nwt
I0623 01:56:34.855101 17592 cuckoo_watch.h:45] 0ms in ProcessBatch(modelsOfBA\aaaaam.batch) [including 0ms in LoadMessage; 0ms in InitializeSparseNdw; 0ms in InferThetaAndUpdateNwtSparse; 0ms in CalculateScore(^^^ItemsProcessedScore^^^); ]
I0623 01:56:34.855101 17592 processor.cc:802] Processor: start processing batch 354953cb-8176-40b5-80c5-c073ade3acf4 into model nwt
I0623 01:56:34.855101 12936 processor.cc:898] Processor: complete processing batch 4b826b71-f723-49f7-8570-18d521c76bb8 into model nwt
I0623 01:56:34.855101 12936 cuckoo_watch.h:45] 0ms in ProcessBatch(modelsOfBA\aaaaan.batch) [including 0ms in LoadMessage; 0ms in InitializeSparseNdw; 0ms in InferThetaAndUpdateNwtSparse; 0ms in CalculateScore(^^^ItemsProcessedScore^^^); ]
I0623 01:56:34.855768 17592 processor.cc:898] Processor: complete processing batch 354953cb-8176-40b5-80c5-c073ade3acf4 into model nwt
I0623 01:56:34.855768 17592 cuckoo_watch.h:45] 0ms in ProcessBatch(modelsOfBA\aaaaao.batch) [including 0ms in LoadMessage; 0ms in InitializeSparseNdw; 0ms in InferThetaAndUpdateNwtSparse; 0ms in CalculateScore(^^^ItemsProcessedScore^^^); ]
I0623 01:56:34.857101 19212 master_component.cc:1391] NormalizeModelArgs: pwt_target_name=pwt, nwt_source_name=nwt, rwt_source_name=
I0623 01:56:34.857101 19212 master_component.cc:952] MasterComponent: start normalizing model nwt
I0623 01:56:34.861102  6700 processor.cc:717] No data in processing queue, waiting...
I0623 01:56:34.861770 19212 master_component.cc:980] MasterComponent: complete normalizing model nwt
I0623 01:56:34.862437 15008 processor.cc:717] No data in processing queue, waiting...
I0623 01:56:34.862437 13636 processor.cc:717] No data in processing queue, waiting...
I0623 01:56:34.863103 19212 master_component.cc:1415] DisposeModel rwt
I0623 01:56:34.863103 19212 master_component.cc:1005] FitOffline: ItemsProcessed, num_items=15, num_batches=15, token_weight=20124, token_weight_in_effect=20124
I0623 01:56:34.863103 12676 c_interface.cc:559] Pass GetScoreValueArgs, score_name=^^^ItemsProcessedScore^^^ to MasterComponent::Request
I0623 01:56:34.863103 12676 c_interface.cc:230] ArtmCopyRequestedMessage is copying 45 bytes...
I0623 01:56:34.863770 17100 processor.cc:717] No data in processing queue, waiting...
I0623 01:56:34.863770 12048 processor.cc:717] No data in processing queue, waiting...
I0623 01:56:34.864437 19212 c_interface.cc:386] Pass FitOfflineMasterModelArgs, batch_filename_size=15, batch_weight_size=15, num_collection_passes=1 to void (__cdecl artm::core::MasterComponent::*)(class artm::FitOfflineMasterModelArgs const & __ptr64) __ptr64
I0623 01:56:34.864437 19212 master_component.cc:1340] ProcessBatchesArgs: nwt_target_name=nwt, batch_filename_size=15, batch_size=0, batch_weight_size=15, pwt_source_name=pwt, num_document_passes=10, reuse_theta=no, opt_for_avx=yes, predict_class_id=
I0623 01:56:34.869105 16520 processor.cc:724] Processing queue has data, processing started
I0623 01:56:34.869105 16520 processor.cc:802] Processor: start processing batch 767ed1e0-8004-40de-8587-72dc5f5cb4c3 into model nwt
I0623 01:56:34.869105 16520 processor.cc:898] Processor: complete processing batch 767ed1e0-8004-40de-8587-72dc5f5cb4c3 into model nwt
I0623 01:56:34.869105 16520 cuckoo_watch.h:45] 0ms in ProcessBatch(modelsOfBA\aaaaaa.batch) [including 0ms in LoadMessage; 0ms in InitializeSparseNdw; 0ms in InferThetaAndUpdateNwtSparse; 0ms in CalculateScore(^^^ItemsProcessedScore^^^); ]
I0623 01:56:34.869772 16520 processor.cc:802] Processor: start processing batch 9eacf609-9863-4d19-a87a-976373f9c6ab into model nwt
I0623 01:56:34.869772 16520 processor.cc:898] Processor: complete processing batch 9eacf609-9863-4d19-a87a-976373f9c6ab into model nwt
I0623 01:56:34.869772 16520 cuckoo_watch.h:45] 0ms in ProcessBatch(modelsOfBA\aaaaab.batch) [including 0ms in LoadMessage; 0ms in InitializeSparseNdw; 0ms in InferThetaAndUpdateNwtSparse; 0ms in CalculateScore(^^^ItemsProcessedScore^^^); ]
I0623 01:56:34.870438 17100 processor.cc:724] Processing queue has data, processing started
I0623 01:56:34.870438 15928 processor.cc:724] Processing queue has data, processing started
I0623 01:56:34.870438 17100 processor.cc:802] Processor: start processing batch 8b69008b-3a50-4688-914d-c3529566f023 into model nwt
I0623 01:56:34.870438 15928 processor.cc:802] Processor: start processing batch 84b2bbb3-f03d-45e4-a233-09b2710e09da into model nwt
I0623 01:56:34.870438 16520 processor.cc:802] Processor: start processing batch 4fae714e-72a2-49d1-abbd-0a8aa06059b8 into model nwt
I0623 01:56:34.871106 17100 processor.cc:898] Processor: complete processing batch 8b69008b-3a50-4688-914d-c3529566f023 into model nwt
I0623 01:56:34.871106 17100 cuckoo_watch.h:45] 0ms in ProcessBatch(modelsOfBA\aaaaad.batch) [including 0ms in LoadMessage; 0ms in InitializeSparseNdw; 0ms in InferThetaAndUpdateNwtSparse; 0ms in CalculateScore(^^^ItemsProcessedScore^^^); ]
I0623 01:56:34.871106 15928 processor.cc:898] Processor: complete processing batch 84b2bbb3-f03d-45e4-a233-09b2710e09da into model nwt
I0623 01:56:34.871106 15928 cuckoo_watch.h:45] 0ms in ProcessBatch(modelsOfBA\aaaaae.batch) [including 0ms in LoadMessage; 0ms in InitializeSparseNdw; 0ms in InferThetaAndUpdateNwtSparse; 0ms in CalculateScore(^^^ItemsProcessedScore^^^); ]
I0623 01:56:34.871106 17100 processor.cc:802] Processor: start processing batch 8bfb2576-c9e6-41ee-8c10-bd888b951365 into model nwt
I0623 01:56:34.871106 15928 processor.cc:802] Processor: start processing batch e210276c-0a83-4eff-a751-e7d204a3e32c into model nwt
I0623 01:56:34.871106 15928 processor.cc:898] Processor: complete processing batch e210276c-0a83-4eff-a751-e7d204a3e32c into model nwt
I0623 01:56:34.871106 15928 cuckoo_watch.h:45] 0ms in ProcessBatch(modelsOfBA\aaaaag.batch) [including 0ms in LoadMessage; 0ms in InitializeSparseNdw; 0ms in InferThetaAndUpdateNwtSparse; 0ms in CalculateScore(^^^ItemsProcessedScore^^^); ]
I0623 01:56:34.871773 21076 processor.cc:724] Processing queue has data, processing started
I0623 01:56:34.871773 17100 processor.cc:898] Processor: complete processing batch 8bfb2576-c9e6-41ee-8c10-bd888b951365 into model nwt
I0623 01:56:34.871773 21076 processor.cc:802] Processor: start processing batch 329c1f36-e25f-451a-8967-a9fb9a8858ee into model nwt
I0623 01:56:34.871773 15928 processor.cc:802] Processor: start processing batch 18ba30ca-4694-4c0e-a74d-9717410add4f into model nwt
I0623 01:56:34.871773 17100 cuckoo_watch.h:45] 0ms in ProcessBatch(modelsOfBA\aaaaaf.batch) [including 0ms in LoadMessage; 0ms in InitializeSparseNdw; 0ms in InferThetaAndUpdateNwtSparse; 0ms in CalculateScore(^^^ItemsProcessedScore^^^); ]
I0623 01:56:34.871773 21076 processor.cc:898] Processor: complete processing batch 329c1f36-e25f-451a-8967-a9fb9a8858ee into model nwt
I0623 01:56:34.871773 21076 cuckoo_watch.h:45] 0ms in ProcessBatch(modelsOfBA\aaaaai.batch) [including 0ms in LoadMessage; 0ms in InitializeSparseNdw; 0ms in InferThetaAndUpdateNwtSparse; 0ms in CalculateScore(^^^ItemsProcessedScore^^^); ]
I0623 01:56:34.871773 17100 processor.cc:802] Processor: start processing batch 22ad4f32-e277-412d-ab8a-833104cdcba2 into model nwt
I0623 01:56:34.871773 17100 processor.cc:898] Processor: complete processing batch 22ad4f32-e277-412d-ab8a-833104cdcba2 into model nwt
I0623 01:56:34.871773 17100 cuckoo_watch.h:45] 0ms in ProcessBatch(modelsOfBA\aaaaaj.batch) [including 0ms in LoadMessage; 0ms in InitializeSparseNdw; 0ms in InferThetaAndUpdateNwtSparse; 0ms in CalculateScore(^^^ItemsProcessedScore^^^); ]
I0623 01:56:34.872439 21076 processor.cc:802] Processor: start processing batch a5e3d4de-04d1-433e-b722-18574415e45a into model nwt
I0623 01:56:34.872439 15928 processor.cc:898] Processor: complete processing batch 18ba30ca-4694-4c0e-a74d-9717410add4f into model nwt
I0623 01:56:34.872439 21076 processor.cc:898] Processor: complete processing batch a5e3d4de-04d1-433e-b722-18574415e45a into model nwt
I0623 01:56:34.872439 16520 processor.cc:898] Processor: complete processing batch 4fae714e-72a2-49d1-abbd-0a8aa06059b8 into model nwt
I0623 01:56:34.872439 21076 cuckoo_watch.h:45] 0ms in ProcessBatch(modelsOfBA\aaaaak.batch) [including 0ms in LoadMessage; 0ms in InitializeSparseNdw; 0ms in InferThetaAndUpdateNwtSparse; 0ms in CalculateScore(^^^ItemsProcessedScore^^^); ]
I0623 01:56:34.872439 15928 cuckoo_watch.h:45] 0ms in ProcessBatch(modelsOfBA\aaaaah.batch) [including 0ms in LoadMessage; 0ms in InitializeSparseNdw; 0ms in InferThetaAndUpdateNwtSparse; 0ms in CalculateScore(^^^ItemsProcessedScore^^^); ]
I0623 01:56:34.872439 16520 cuckoo_watch.h:45] 2ms in ProcessBatch(modelsOfBA\aaaaac.batch) [including 0ms in LoadMessage; 0ms in InitializeSparseNdw; 0ms in InferThetaAndUpdateNwtSparse; 0ms in CalculateScore(^^^ItemsProcessedScore^^^); ]
I0623 01:56:34.872439 21076 processor.cc:802] Processor: start processing batch 9ede6664-f412-4e38-af96-a0de7feb9a97 into model nwt
I0623 01:56:34.873106 13636 processor.cc:724] Processing queue has data, processing started
I0623 01:56:34.873106 21076 processor.cc:898] Processor: complete processing batch 9ede6664-f412-4e38-af96-a0de7feb9a97 into model nwt
I0623 01:56:34.873106 13636 processor.cc:802] Processor: start processing batch 5e8b9fc7-6a8a-42e0-abe3-3c7432777cdb into model nwt
I0623 01:56:34.873106 15172 processor.cc:802] Processor: start processing batch 4b826b71-f723-49f7-8570-18d521c76bb8 into model nwt
I0623 01:56:34.873106 21076 cuckoo_watch.h:45] 0ms in ProcessBatch(modelsOfBA\aaaaal.batch) [including 0ms in LoadMessage; 0ms in InitializeSparseNdw; 0ms in InferThetaAndUpdateNwtSparse; 0ms in CalculateScore(^^^ItemsProcessedScore^^^); ]
I0623 01:56:34.873106 13636 processor.cc:898] Processor: complete processing batch 5e8b9fc7-6a8a-42e0-abe3-3c7432777cdb into model nwt
I0623 01:56:34.873106 13636 cuckoo_watch.h:45] 0ms in ProcessBatch(modelsOfBA\aaaaam.batch) [including 0ms in LoadMessage; 0ms in InitializeSparseNdw; 0ms in InferThetaAndUpdateNwtSparse; 0ms in CalculateScore(^^^ItemsProcessedScore^^^); ]
I0623 01:56:34.873106 15172 processor.cc:898] Processor: complete processing batch 4b826b71-f723-49f7-8570-18d521c76bb8 into model nwt
I0623 01:56:34.873106 15172 cuckoo_watch.h:45] 0ms in ProcessBatch(modelsOfBA\aaaaan.batch) [including 0ms in LoadMessage; 0ms in InitializeSparseNdw; 0ms in InferThetaAndUpdateNwtSparse; 0ms in CalculateScore(^^^ItemsProcessedScore^^^); ]
I0623 01:56:34.873106 13636 processor.cc:802] Processor: start processing batch 354953cb-8176-40b5-80c5-c073ade3acf4 into model nwt
I0623 01:56:34.873773 13636 processor.cc:898] Processor: complete processing batch 354953cb-8176-40b5-80c5-c073ade3acf4 into model nwt
I0623 01:56:34.873773 13636 cuckoo_watch.h:45] 0ms in ProcessBatch(modelsOfBA\aaaaao.batch) [including 0ms in LoadMessage; 0ms in InitializeSparseNdw; 0ms in InferThetaAndUpdateNwtSparse; 0ms in CalculateScore(^^^ItemsProcessedScore^^^); ]
I0623 01:56:34.874439 19212 master_component.cc:1391] NormalizeModelArgs: pwt_target_name=pwt, nwt_source_name=nwt, rwt_source_name=
I0623 01:56:34.874439 19212 master_component.cc:952] MasterComponent: start normalizing model nwt
I0623 01:56:34.879108 19212 master_component.cc:980] MasterComponent: complete normalizing model nwt
I0623 01:56:34.879774 16276 processor.cc:717] No data in processing queue, waiting...
I0623 01:56:34.880441 19212 master_component.cc:1415] DisposeModel rwt
I0623 01:56:34.880441 19212 master_component.cc:1005] FitOffline: ItemsProcessed, num_items=15, num_batches=15, token_weight=20124, token_weight_in_effect=20124
I0623 01:56:34.880441 12676 c_interface.cc:559] Pass GetScoreValueArgs, score_name=^^^ItemsProcessedScore^^^ to MasterComponent::Request
I0623 01:56:34.881108 12936 processor.cc:717] No data in processing queue, waiting...
I0623 01:56:34.881108 17592 processor.cc:717] No data in processing queue, waiting...
I0623 01:56:34.881108 12676 c_interface.cc:230] ArtmCopyRequestedMessage is copying 45 bytes...
I0623 01:56:34.881774 19212 c_interface.cc:386] Pass FitOfflineMasterModelArgs, batch_filename_size=15, batch_weight_size=15, num_collection_passes=1 to void (__cdecl artm::core::MasterComponent::*)(class artm::FitOfflineMasterModelArgs const & __ptr64) __ptr64
I0623 01:56:34.881774 19212 master_component.cc:1340] ProcessBatchesArgs: nwt_target_name=nwt, batch_filename_size=15, batch_size=0, batch_weight_size=15, pwt_source_name=pwt, num_document_passes=10, reuse_theta=no, opt_for_avx=yes, predict_class_id=
I0623 01:56:34.887109 13636 processor.cc:802] Processor: start processing batch 767ed1e0-8004-40de-8587-72dc5f5cb4c3 into model nwt
I0623 01:56:34.887109 16520 processor.cc:802] Processor: start processing batch 9eacf609-9863-4d19-a87a-976373f9c6ab into model nwt
I0623 01:56:34.887109 13636 processor.cc:898] Processor: complete processing batch 767ed1e0-8004-40de-8587-72dc5f5cb4c3 into model nwt
I0623 01:56:34.887109 13636 cuckoo_watch.h:45] 0ms in ProcessBatch(modelsOfBA\aaaaaa.batch) [including 0ms in LoadMessage; 0ms in InitializeSparseNdw; 0ms in InferThetaAndUpdateNwtSparse; 0ms in CalculateScore(^^^ItemsProcessedScore^^^); ]
I0623 01:56:34.887109 15928 processor.cc:802] Processor: start processing batch 4fae714e-72a2-49d1-abbd-0a8aa06059b8 into model nwt
I0623 01:56:34.887778 16524 processor.cc:724] Processing queue has data, processing started
I0623 01:56:34.887778 16520 processor.cc:898] Processor: complete processing batch 9eacf609-9863-4d19-a87a-976373f9c6ab into model nwt
I0623 01:56:34.887778 13636 processor.cc:802] Processor: start processing batch 8b69008b-3a50-4688-914d-c3529566f023 into model nwt
I0623 01:56:34.887778 16520 cuckoo_watch.h:45] 0ms in ProcessBatch(modelsOfBA\aaaaab.batch) [including 0ms in LoadMessage; 0ms in InitializeSparseNdw; 0ms in InferThetaAndUpdateNwtSparse; 0ms in CalculateScore(^^^ItemsProcessedScore^^^); ]
I0623 01:56:34.887778 16524 processor.cc:802] Processor: start processing batch 84b2bbb3-f03d-45e4-a233-09b2710e09da into model nwt
I0623 01:56:34.887778 13636 processor.cc:898] Processor: complete processing batch 8b69008b-3a50-4688-914d-c3529566f023 into model nwt
I0623 01:56:34.887778 13636 cuckoo_watch.h:45] 0ms in ProcessBatch(modelsOfBA\aaaaad.batch) [including 0ms in LoadMessage; 0ms in InitializeSparseNdw; 0ms in InferThetaAndUpdateNwtSparse; 0ms in CalculateScore(^^^ItemsProcessedScore^^^); ]
I0623 01:56:34.888444 13636 processor.cc:802] Processor: start processing batch 8bfb2576-c9e6-41ee-8c10-bd888b951365 into model nwt
I0623 01:56:34.888444 16524 processor.cc:898] Processor: complete processing batch 84b2bbb3-f03d-45e4-a233-09b2710e09da into model nwt
I0623 01:56:34.888444 16524 cuckoo_watch.h:45] 1ms in ProcessBatch(modelsOfBA\aaaaae.batch) [including 0ms in LoadMessage; 0ms in InitializeSparseNdw; 0ms in InferThetaAndUpdateNwtSparse; 0ms in CalculateScore(^^^ItemsProcessedScore^^^); ]
I0623 01:56:34.888444 13636 processor.cc:898] Processor: complete processing batch 8bfb2576-c9e6-41ee-8c10-bd888b951365 into model nwt
I0623 01:56:34.888444 13636 cuckoo_watch.h:45] 0ms in ProcessBatch(modelsOfBA\aaaaaf.batch) [including 0ms in LoadMessage; 0ms in InitializeSparseNdw; 0ms in InferThetaAndUpdateNwtSparse; 0ms in CalculateScore(^^^ItemsProcessedScore^^^); ]
I0623 01:56:34.889109 16524 processor.cc:802] Processor: start processing batch e210276c-0a83-4eff-a751-e7d204a3e32c into model nwt
I0623 01:56:34.889109 16524 processor.cc:898] Processor: complete processing batch e210276c-0a83-4eff-a751-e7d204a3e32c into model nwt
I0623 01:56:34.889109 16524 cuckoo_watch.h:45] 0ms in ProcessBatch(modelsOfBA\aaaaag.batch) [including 0ms in LoadMessage; 0ms in InitializeSparseNdw; 0ms in InferThetaAndUpdateNwtSparse; 0ms in CalculateScore(^^^ItemsProcessedScore^^^); ]
I0623 01:56:34.889109 17100 processor.cc:802] Processor: start processing batch 18ba30ca-4694-4c0e-a74d-9717410add4f into model nwt
I0623 01:56:34.889109 15928 processor.cc:898] Processor: complete processing batch 4fae714e-72a2-49d1-abbd-0a8aa06059b8 into model nwt
I0623 01:56:34.889109 15928 cuckoo_watch.h:45] 2ms in ProcessBatch(modelsOfBA\aaaaac.batch) [including 0ms in LoadMessage; 0ms in InitializeSparseNdw; 1ms in InferThetaAndUpdateNwtSparse; 0ms in CalculateScore(^^^ItemsProcessedScore^^^); ]
I0623 01:56:34.889777 15928 processor.cc:802] Processor: start processing batch 329c1f36-e25f-451a-8967-a9fb9a8858ee into model nwt
I0623 01:56:34.889777 17100 processor.cc:898] Processor: complete processing batch 18ba30ca-4694-4c0e-a74d-9717410add4f into model nwt
I0623 01:56:34.889777 15928 processor.cc:898] Processor: complete processing batch 329c1f36-e25f-451a-8967-a9fb9a8858ee into model nwt
I0623 01:56:34.889777 15928 cuckoo_watch.h:45] 0ms in ProcessBatch(modelsOfBA\aaaaai.batch) [including 0ms in LoadMessage; 0ms in InitializeSparseNdw; 0ms in InferThetaAndUpdateNwtSparse; 0ms in CalculateScore(^^^ItemsProcessedScore^^^); ]
I0623 01:56:34.889777 17100 cuckoo_watch.h:45] 1ms in ProcessBatch(modelsOfBA\aaaaah.batch) [including 0ms in LoadMessage; 0ms in InitializeSparseNdw; 0ms in InferThetaAndUpdateNwtSparse; 0ms in CalculateScore(^^^ItemsProcessedScore^^^); ]
I0623 01:56:34.889777 15928 processor.cc:802] Processor: start processing batch 22ad4f32-e277-412d-ab8a-833104cdcba2 into model nwt
I0623 01:56:34.890445  8652 processor.cc:724] Processing queue has data, processing started
I0623 01:56:34.890445 15928 processor.cc:898] Processor: complete processing batch 22ad4f32-e277-412d-ab8a-833104cdcba2 into model nwt
I0623 01:56:34.890445 15928 cuckoo_watch.h:45] 0ms in ProcessBatch(modelsOfBA\aaaaaj.batch) [including 0ms in LoadMessage; 0ms in InitializeSparseNdw; 0ms in InferThetaAndUpdateNwtSparse; 0ms in CalculateScore(^^^ItemsProcessedScore^^^); ]
I0623 01:56:34.890445 17100 processor.cc:802] Processor: start processing batch a5e3d4de-04d1-433e-b722-18574415e45a into model nwt
I0623 01:56:34.890445 17100 processor.cc:898] Processor: complete processing batch a5e3d4de-04d1-433e-b722-18574415e45a into model nwt
I0623 01:56:34.890445 17100 cuckoo_watch.h:45] 0ms in ProcessBatch(modelsOfBA\aaaaak.batch) [including 0ms in LoadMessage; 0ms in InitializeSparseNdw; 0ms in InferThetaAndUpdateNwtSparse; 0ms in CalculateScore(^^^ItemsProcessedScore^^^); ]
I0623 01:56:34.890445  8652 processor.cc:802] Processor: start processing batch 9ede6664-f412-4e38-af96-a0de7feb9a97 into model nwt
I0623 01:56:34.891110  8652 processor.cc:898] Processor: complete processing batch 9ede6664-f412-4e38-af96-a0de7feb9a97 into model nwt
I0623 01:56:34.891110  8652 cuckoo_watch.h:45] 0ms in ProcessBatch(modelsOfBA\aaaaal.batch) [including 0ms in LoadMessage; 0ms in InitializeSparseNdw; 0ms in InferThetaAndUpdateNwtSparse; 0ms in CalculateScore(^^^ItemsProcessedScore^^^); ]
I0623 01:56:34.891110 13636 processor.cc:802] Processor: start processing batch 5e8b9fc7-6a8a-42e0-abe3-3c7432777cdb into model nwt
I0623 01:56:34.891110  8652 processor.cc:802] Processor: start processing batch 4b826b71-f723-49f7-8570-18d521c76bb8 into model nwt
I0623 01:56:34.891110 13636 processor.cc:898] Processor: complete processing batch 5e8b9fc7-6a8a-42e0-abe3-3c7432777cdb into model nwt
I0623 01:56:34.891110 13636 cuckoo_watch.h:45] 0ms in ProcessBatch(modelsOfBA\aaaaam.batch) [including 0ms in LoadMessage; 0ms in InitializeSparseNdw; 0ms in InferThetaAndUpdateNwtSparse; 0ms in CalculateScore(^^^ItemsProcessedScore^^^); ]
I0623 01:56:34.891110 13636 processor.cc:802] Processor: start processing batch 354953cb-8176-40b5-80c5-c073ade3acf4 into model nwt
I0623 01:56:34.891110  8652 processor.cc:898] Processor: complete processing batch 4b826b71-f723-49f7-8570-18d521c76bb8 into model nwt
I0623 01:56:34.891110  8652 cuckoo_watch.h:45] 0ms in ProcessBatch(modelsOfBA\aaaaan.batch) [including 0ms in LoadMessage; 0ms in InitializeSparseNdw; 0ms in InferThetaAndUpdateNwtSparse; 0ms in CalculateScore(^^^ItemsProcessedScore^^^); ]
I0623 01:56:34.891777 13636 processor.cc:898] Processor: complete processing batch 354953cb-8176-40b5-80c5-c073ade3acf4 into model nwt
I0623 01:56:34.891777 13636 cuckoo_watch.h:45] 0ms in ProcessBatch(modelsOfBA\aaaaao.batch) [including 0ms in LoadMessage; 0ms in InitializeSparseNdw; 0ms in InferThetaAndUpdateNwtSparse; 0ms in CalculateScore(^^^ItemsProcessedScore^^^); ]
I0623 01:56:34.892444 19212 master_component.cc:1391] NormalizeModelArgs: pwt_target_name=pwt, nwt_source_name=nwt, rwt_source_name=
I0623 01:56:34.892444 19212 master_component.cc:952] MasterComponent: start normalizing model nwt
I0623 01:56:34.897112 19212 master_component.cc:980] MasterComponent: complete normalizing model nwt
I0623 01:56:34.898447 19212 master_component.cc:1415] DisposeModel rwt
I0623 01:56:34.898447 19212 master_component.cc:1005] FitOffline: ItemsProcessed, num_items=15, num_batches=15, token_weight=20124, token_weight_in_effect=20124
I0623 01:56:34.898447 12676 c_interface.cc:559] Pass GetScoreValueArgs, score_name=^^^ItemsProcessedScore^^^ to MasterComponent::Request
I0623 01:56:34.898447 12676 c_interface.cc:230] ArtmCopyRequestedMessage is copying 45 bytes...
I0623 01:56:34.899113 21076 processor.cc:717] No data in processing queue, waiting...
I0623 01:56:34.899113 15172 processor.cc:717] No data in processing queue, waiting...
I0623 01:56:34.913782 16520 processor.cc:717] No data in processing queue, waiting...
I0623 01:56:34.915117 16524 processor.cc:717] No data in processing queue, waiting...
I0623 01:56:34.916455  8652 processor.cc:717] No data in processing queue, waiting...
I0623 01:56:34.916455 15928 processor.cc:717] No data in processing queue, waiting...
I0623 01:56:34.916455 17100 processor.cc:717] No data in processing queue, waiting...
I0623 01:56:34.917788 13636 processor.cc:717] No data in processing queue, waiting...
I0623 01:56:35.022068 12676 c_interface.cc:230] ArtmCopyRequestedMessage is copying 3280 bytes...
I0623 01:56:40.364437 12676 c_interface.cc:230] ArtmCopyRequestedMessage is copying 2950 bytes...
I0623 01:56:40.365103 12676 c_interface.cc:230] ArtmCopyRequestedMessage is copying 3280 bytes...
I0623 01:56:40.366437 12676 c_interface.cc:230] ArtmCopyRequestedMessage is copying 2950 bytes...
I0623 01:56:43.857383 12676 c_interface.cc:230] ArtmCopyRequestedMessage is copying 511 bytes...
I0623 01:56:44.037426 12676 c_interface.cc:230] ArtmCopyRequestedMessage is copying 511 bytes...
I0623 01:56:44.227759 12676 c_interface.cc:230] ArtmCopyRequestedMessage is copying 511 bytes...
I0623 01:56:44.960767 12676 c_interface.cc:230] ArtmCopyRequestedMessage is copying 511 bytes...
I0623 01:56:55.204071 12676 c_interface.cc:230] ArtmCopyRequestedMessage is copying 2950 bytes...
I0623 01:56:55.224743 12676 c_interface.cc:230] ArtmCopyRequestedMessage is copying 2950 bytes...
I0623 01:56:55.235412 12676 c_interface.cc:230] ArtmCopyRequestedMessage is copying 3280 bytes...
I0623 01:56:58.864744 12676 c_interface.cc:230] ArtmCopyRequestedMessage is copying 2950 bytes...
I0623 01:56:58.885416 12676 c_interface.cc:230] ArtmCopyRequestedMessage is copying 2950 bytes...
I0623 01:56:58.896085 12676 c_interface.cc:230] ArtmCopyRequestedMessage is copying 3280 bytes...
I0623 01:57:02.572069 12676 c_interface.cc:230] ArtmCopyRequestedMessage is copying 298 bytes...
I0623 01:57:10.360075 12676 c_interface.cc:230] ArtmCopyRequestedMessage is copying 2950 bytes...
I0623 01:57:10.370745 12676 c_interface.cc:230] ArtmCopyRequestedMessage is copying 3280 bytes...
I0623 01:57:10.431705 12676 c_interface.cc:230] ArtmCopyRequestedMessage is copying 2950 bytes...
I0623 01:57:12.244064 12676 c_interface.cc:230] ArtmCopyRequestedMessage is copying 3280 bytes...
I0623 01:57:12.244064 12676 c_interface.cc:230] ArtmCopyRequestedMessage is copying 3280 bytes...
I0623 01:57:12.244732 12676 c_interface.cc:230] ArtmCopyRequestedMessage is copying 3280 bytes...
I0623 01:57:12.244732 12676 c_interface.cc:230] ArtmCopyRequestedMessage is copying 3280 bytes...
I0623 01:57:12.244732 12676 c_interface.cc:230] ArtmCopyRequestedMessage is copying 3280 bytes...
I0623 01:57:12.245399 12676 c_interface.cc:230] ArtmCopyRequestedMessage is copying 3280 bytes...
I0623 01:57:12.245399 12676 c_interface.cc:230] ArtmCopyRequestedMessage is copying 3280 bytes...
I0623 01:57:12.245399 12676 c_interface.cc:230] ArtmCopyRequestedMessage is copying 3280 bytes...
I0623 01:57:12.246066 12676 c_interface.cc:230] ArtmCopyRequestedMessage is copying 3280 bytes...
I0623 01:57:12.246066 12676 c_interface.cc:230] ArtmCopyRequestedMessage is copying 3280 bytes...
I0623 01:57:29.302750 12676 c_interface.cc:230] ArtmCopyRequestedMessage is copying 2950 bytes...
I0623 01:57:29.313419 12676 c_interface.cc:230] ArtmCopyRequestedMessage is copying 3280 bytes...
I0623 01:57:29.374099 12676 c_interface.cc:230] ArtmCopyRequestedMessage is copying 2950 bytes...
I0623 01:57:30.096393 12676 c_interface.cc:230] ArtmCopyRequestedMessage is copying 2950 bytes...
I0623 01:57:30.096393 12676 c_interface.cc:230] ArtmCopyRequestedMessage is copying 2950 bytes...
I0623 01:57:30.097061 12676 c_interface.cc:230] ArtmCopyRequestedMessage is copying 2950 bytes...
I0623 01:57:30.097061 12676 c_interface.cc:230] ArtmCopyRequestedMessage is copying 2950 bytes...
I0623 01:57:30.097061 12676 c_interface.cc:230] ArtmCopyRequestedMessage is copying 2950 bytes...
I0623 01:57:30.097061 12676 c_interface.cc:230] ArtmCopyRequestedMessage is copying 2950 bytes...
I0623 01:57:30.097728 12676 c_interface.cc:230] ArtmCopyRequestedMessage is copying 2950 bytes...
I0623 01:57:30.097728 12676 c_interface.cc:230] ArtmCopyRequestedMessage is copying 2950 bytes...
I0623 01:57:30.098394 12676 c_interface.cc:230] ArtmCopyRequestedMessage is copying 2950 bytes...
I0623 01:57:30.098394 12676 c_interface.cc:230] ArtmCopyRequestedMessage is copying 2950 bytes...
I0623 01:57:35.961405 12676 c_interface.cc:230] ArtmCopyRequestedMessage is copying 511 bytes...
I0623 01:57:35.981408 12676 c_interface.cc:230] ArtmCopyRequestedMessage is copying 2950 bytes...
I0623 01:57:35.992077 12676 c_interface.cc:230] ArtmCopyRequestedMessage is copying 3280 bytes...
I0623 01:57:36.053016 12676 c_interface.cc:230] ArtmCopyRequestedMessage is copying 2950 bytes...
I0623 01:57:37.105015 12676 c_interface.cc:230] ArtmCopyRequestedMessage is copying 511 bytes...
I0623 01:57:37.105015 12676 phi_matrix_operations.cc:84] RetrieveExternalTopicModel() with 1 topics, 2506 tokens
I0623 01:57:37.106349 12676 c_interface.cc:230] ArtmCopyRequestedMessage is copying 88285 bytes...
I0623 01:57:37.108350 12676 phi_matrix_operations.cc:84] RetrieveExternalTopicModel() with 1 topics, 2506 tokens
I0623 01:57:37.109683 12676 c_interface.cc:230] ArtmCopyRequestedMessage is copying 78261 bytes...
I0623 01:57:37.110350 12676 c_interface.cc:235] ArtmCopyRequestedObject is copying 10024 bytes...
I0623 01:57:37.113684 12676 c_interface.cc:230] ArtmCopyRequestedMessage is copying 511 bytes...
I0623 01:57:37.113684 12676 c_interface.cc:230] ArtmCopyRequestedMessage is copying 511 bytes...
I0623 01:57:37.113684 12676 c_interface.cc:230] ArtmCopyRequestedMessage is copying 511 bytes...
I0623 01:57:37.113684 12676 c_interface.cc:230] ArtmCopyRequestedMessage is copying 511 bytes...
I0623 01:57:37.113684 12676 c_interface.cc:230] ArtmCopyRequestedMessage is copying 511 bytes...
I0623 01:57:37.113684 12676 c_interface.cc:230] ArtmCopyRequestedMessage is copying 511 bytes...
I0623 01:57:37.114351 12676 c_interface.cc:230] ArtmCopyRequestedMessage is copying 511 bytes...
I0623 01:57:37.114351 12676 c_interface.cc:230] ArtmCopyRequestedMessage is copying 511 bytes...
I0623 01:57:37.114351 12676 c_interface.cc:230] ArtmCopyRequestedMessage is copying 511 bytes...
I0623 01:57:37.114351 12676 c_interface.cc:230] ArtmCopyRequestedMessage is copying 511 bytes...
I0623 01:57:37.114351 12676 c_interface.cc:230] ArtmCopyRequestedMessage is copying 511 bytes...
I0623 01:57:37.115017 12676 c_interface.cc:230] ArtmCopyRequestedMessage is copying 511 bytes...
I0623 01:57:37.115017 12676 c_interface.cc:230] ArtmCopyRequestedMessage is copying 511 bytes...
I0623 01:57:37.120352 12676 c_interface.cc:230] ArtmCopyRequestedMessage is copying 511 bytes...
I0623 01:57:37.121019 12676 c_interface.cc:230] ArtmCopyRequestedMessage is copying 511 bytes...
I0623 01:57:37.121019 12676 c_interface.cc:230] ArtmCopyRequestedMessage is copying 511 bytes...
I0623 01:57:37.121019 12676 c_interface.cc:230] ArtmCopyRequestedMessage is copying 511 bytes...
I0623 01:57:37.121019 12676 c_interface.cc:230] ArtmCopyRequestedMessage is copying 511 bytes...
I0623 01:57:37.121686 12676 c_interface.cc:230] ArtmCopyRequestedMessage is copying 511 bytes...
I0623 01:57:37.121686 12676 c_interface.cc:230] ArtmCopyRequestedMessage is copying 511 bytes...
I0623 01:57:37.127020 12676 c_interface.cc:230] ArtmCopyRequestedMessage is copying 511 bytes...
I0623 01:57:37.127689 12676 c_interface.cc:230] ArtmCopyRequestedMessage is copying 511 bytes...
I0623 01:57:37.127689 12676 c_interface.cc:230] ArtmCopyRequestedMessage is copying 511 bytes...
I0623 01:57:37.128355 12676 c_interface.cc:230] ArtmCopyRequestedMessage is copying 511 bytes...
I0623 01:57:43.951756 12676 c_interface.cc:559] Pass GetScoreValueArgs, score_name=^^^ItemsProcessedScore^^^ to MasterComponent::Request
