I0322 21:30:22.771736  9948 processor.cc:898] Processor: complete processing batch f5af66b6-d059-43d2-8636-1ab2105e4881 into model nwt
I0322 21:30:22.772737  9948 cuckoo_watch.h:45] 10ms in ProcessBatch(habrahabr\aaaaag.batch) [including 1ms in LoadMessage; 0ms in InitializeSparseNdw; 4ms in InferThetaAndUpdateNwtSparse; 3ms in CalculateScore(^^^ItemsProcessedScore^^^); ]
I0322 21:30:22.772737 11600 processor.cc:898] Processor: complete processing batch 9bfe6bf2-3eac-4bd0-bcd2-024d866e5b74 into model nwt
I0322 21:30:22.773738 11600 cuckoo_watch.h:45] 10ms in ProcessBatch(habrahabr\aaaaaf.batch) [including 2ms in LoadMessage; 0ms in InitializeSparseNdw; 5ms in InferThetaAndUpdateNwtSparse; 3ms in CalculateScore(^^^ItemsProcessedScore^^^); ]
I0322 21:30:22.773738 16456 master_component.cc:1391] NormalizeModelArgs: pwt_target_name=pwt, nwt_source_name=nwt, rwt_source_name=
I0322 21:30:22.773738 16456 master_component.cc:952] MasterComponent: start normalizing model nwt
I0322 21:30:22.781745 16456 master_component.cc:980] MasterComponent: complete normalizing model nwt
I0322 21:30:22.785749 16456 master_component.cc:1415] DisposeModel rwt
I0322 21:30:22.785749 16456 master_component.cc:1005] FitOffline: ItemsProcessed, num_items=45, num_batches=8, token_weight=264805, token_weight_in_effect=264805
I0322 21:30:22.785749  1476 c_interface.cc:559] Pass GetScoreValueArgs, score_name=^^^ItemsProcessedScore^^^ to MasterComponent::Request
I0322 21:30:22.785749  1476 c_interface.cc:230] ArtmCopyRequestedMessage is copying 45 bytes...
I0322 21:30:22.786751 16456 c_interface.cc:386] Pass FitOfflineMasterModelArgs, batch_filename_size=8, batch_weight_size=8, num_collection_passes=1 to void (__cdecl artm::core::MasterComponent::*)(class artm::FitOfflineMasterModelArgs const & __ptr64) __ptr64
I0322 21:30:22.786751 16456 master_component.cc:1340] ProcessBatchesArgs: nwt_target_name=nwt, batch_filename_size=8, batch_size=0, batch_weight_size=8, pwt_source_name=pwt, num_document_passes=10, reuse_theta=no, opt_for_avx=yes, predict_class_id=
I0322 21:30:22.795758  1772 processor.cc:724] Processing queue has data, processing started
I0322 21:30:22.795758 18376 processor.cc:802] Processor: start processing batch 89a4094b-d803-4a30-a075-c1acd0c80e0b into model nwt
I0322 21:30:22.795758  1772 processor.cc:802] Processor: start processing batch 9c14840e-99cf-455b-886d-54596f83f41a into model nwt
I0322 21:30:22.796761  7068 processor.cc:802] Processor: start processing batch 2fb45dcf-f7cf-4706-9ac9-5f8564d79017 into model nwt
I0322 21:30:22.797760 18376 processor.cc:898] Processor: complete processing batch 89a4094b-d803-4a30-a075-c1acd0c80e0b into model nwt
I0322 21:30:22.798763 18376 cuckoo_watch.h:45] 3ms in ProcessBatch(habrahabr\aaaaab.batch) [including 0ms in LoadMessage; 0ms in InitializeSparseNdw; 1ms in InferThetaAndUpdateNwtSparse; 0ms in CalculateScore(^^^ItemsProcessedScore^^^); ]
I0322 21:30:22.798763  1772 processor.cc:898] Processor: complete processing batch 9c14840e-99cf-455b-886d-54596f83f41a into model nwt
I0322 21:30:22.798763  1772 cuckoo_watch.h:45] 3ms in ProcessBatch(habrahabr\aaaaaa.batch) [including 0ms in LoadMessage; 0ms in InitializeSparseNdw; 1ms in InferThetaAndUpdateNwtSparse; 1ms in CalculateScore(^^^ItemsProcessedScore^^^); ]
I0322 21:30:22.799762  2468 processor.cc:717] No data in processing queue, waiting...
I0322 21:30:22.799762 18376 processor.cc:802] Processor: start processing batch 8cfd5d96-4bb6-4921-b27a-73bf3b305605 into model nwt
I0322 21:30:22.799762  1772 processor.cc:802] Processor: start processing batch d6b90fad-7f88-462d-8845-c7b1a973dd0a into model nwt
I0322 21:30:22.799762 12136 processor.cc:802] Processor: start processing batch d448d8b4-90bc-4f3b-81a0-ed95698a5573 into model nwt
I0322 21:30:22.800765  7068 processor.cc:898] Processor: complete processing batch 2fb45dcf-f7cf-4706-9ac9-5f8564d79017 into model nwt
I0322 21:30:22.800765  7068 cuckoo_watch.h:45] 5ms in ProcessBatch(habrahabr\aaaaac.batch) [including 0ms in LoadMessage; 0ms in InitializeSparseNdw; 2ms in InferThetaAndUpdateNwtSparse; 1ms in CalculateScore(^^^ItemsProcessedScore^^^); ]
I0322 21:30:22.800765  9948 processor.cc:802] Processor: start processing batch f5af66b6-d059-43d2-8636-1ab2105e4881 into model nwt
I0322 21:30:22.800765 18352 processor.cc:802] Processor: start processing batch 9bfe6bf2-3eac-4bd0-bcd2-024d866e5b74 into model nwt
I0322 21:30:22.803766 10832 processor.cc:717] No data in processing queue, waiting...
I0322 21:30:22.804766 12136 processor.cc:898] Processor: complete processing batch d448d8b4-90bc-4f3b-81a0-ed95698a5573 into model nwt
I0322 21:30:22.804766  1772 processor.cc:898] Processor: complete processing batch d6b90fad-7f88-462d-8845-c7b1a973dd0a into model nwt
I0322 21:30:22.804766 12136 cuckoo_watch.h:45] 5ms in ProcessBatch(habrahabr\aaaaah.batch) [including 0ms in LoadMessage; 0ms in InitializeSparseNdw; 2ms in InferThetaAndUpdateNwtSparse; 1ms in CalculateScore(^^^ItemsProcessedScore^^^); ]
I0322 21:30:22.804766  1772 cuckoo_watch.h:45] 5ms in ProcessBatch(habrahabr\aaaaae.batch) [including 0ms in LoadMessage; 0ms in InitializeSparseNdw; 2ms in InferThetaAndUpdateNwtSparse; 1ms in CalculateScore(^^^ItemsProcessedScore^^^); ]
I0322 21:30:22.808770 18376 processor.cc:898] Processor: complete processing batch 8cfd5d96-4bb6-4921-b27a-73bf3b305605 into model nwt
I0322 21:30:22.808770 18376 cuckoo_watch.h:45] 10ms in ProcessBatch(habrahabr\aaaaad.batch) [including 1ms in LoadMessage; 0ms in InitializeSparseNdw; 5ms in InferThetaAndUpdateNwtSparse; 3ms in CalculateScore(^^^ItemsProcessedScore^^^); ]
I0322 21:30:22.808770 18352 processor.cc:898] Processor: complete processing batch 9bfe6bf2-3eac-4bd0-bcd2-024d866e5b74 into model nwt
I0322 21:30:22.808770  9948 processor.cc:898] Processor: complete processing batch f5af66b6-d059-43d2-8636-1ab2105e4881 into model nwt
I0322 21:30:22.808770 18352 cuckoo_watch.h:45] 9ms in ProcessBatch(habrahabr\aaaaaf.batch) [including 1ms in LoadMessage; 0ms in InitializeSparseNdw; 4ms in InferThetaAndUpdateNwtSparse; 3ms in CalculateScore(^^^ItemsProcessedScore^^^); ]
I0322 21:30:22.808770  9948 cuckoo_watch.h:45] 9ms in ProcessBatch(habrahabr\aaaaag.batch) [including 1ms in LoadMessage; 0ms in InitializeSparseNdw; 4ms in InferThetaAndUpdateNwtSparse; 3ms in CalculateScore(^^^ItemsProcessedScore^^^); ]
I0322 21:30:22.811684 16456 master_component.cc:1391] NormalizeModelArgs: pwt_target_name=pwt, nwt_source_name=nwt, rwt_source_name=
I0322 21:30:22.811684 16456 master_component.cc:952] MasterComponent: start normalizing model nwt
I0322 21:30:22.819694 16456 master_component.cc:980] MasterComponent: complete normalizing model nwt
I0322 21:30:22.823698 16456 master_component.cc:1415] DisposeModel rwt
I0322 21:30:22.823698 16456 master_component.cc:1005] FitOffline: ItemsProcessed, num_items=45, num_batches=8, token_weight=264805, token_weight_in_effect=264805
I0322 21:30:22.823698  1476 c_interface.cc:559] Pass GetScoreValueArgs, score_name=^^^ItemsProcessedScore^^^ to MasterComponent::Request
I0322 21:30:22.824699  1476 c_interface.cc:230] ArtmCopyRequestedMessage is copying 45 bytes...
I0322 21:30:22.824699 16456 c_interface.cc:386] Pass FitOfflineMasterModelArgs, batch_filename_size=8, batch_weight_size=8, num_collection_passes=1 to void (__cdecl artm::core::MasterComponent::*)(class artm::FitOfflineMasterModelArgs const & __ptr64) __ptr64
I0322 21:30:22.824699 16456 master_component.cc:1340] ProcessBatchesArgs: nwt_target_name=nwt, batch_filename_size=8, batch_size=0, batch_weight_size=8, pwt_source_name=pwt, num_document_passes=10, reuse_theta=no, opt_for_avx=yes, predict_class_id=
I0322 21:30:22.835708 18016 processor.cc:724] Processing queue has data, processing started
I0322 21:30:22.835708 10832 processor.cc:724] Processing queue has data, processing started
I0322 21:30:22.835708  2468 processor.cc:724] Processing queue has data, processing started
I0322 21:30:22.835708 11900 processor.cc:724] Processing queue has data, processing started
I0322 21:30:22.835708 18016 processor.cc:802] Processor: start processing batch 89a4094b-d803-4a30-a075-c1acd0c80e0b into model nwt
I0322 21:30:22.835708  7068 processor.cc:802] Processor: start processing batch 9c14840e-99cf-455b-886d-54596f83f41a into model nwt
I0322 21:30:22.836709 10832 processor.cc:802] Processor: start processing batch d448d8b4-90bc-4f3b-81a0-ed95698a5573 into model nwt
I0322 21:30:22.836709 18376 processor.cc:802] Processor: start processing batch 2fb45dcf-f7cf-4706-9ac9-5f8564d79017 into model nwt
I0322 21:30:22.836709 11900 processor.cc:802] Processor: start processing batch d6b90fad-7f88-462d-8845-c7b1a973dd0a into model nwt
I0322 21:30:22.836709  2468 processor.cc:802] Processor: start processing batch 8cfd5d96-4bb6-4921-b27a-73bf3b305605 into model nwt
I0322 21:30:22.836709 20928 processor.cc:802] Processor: start processing batch 9bfe6bf2-3eac-4bd0-bcd2-024d866e5b74 into model nwt
I0322 21:30:22.837709  8576 processor.cc:802] Processor: start processing batch f5af66b6-d059-43d2-8636-1ab2105e4881 into model nwt
I0322 21:30:22.838711 13720 processor.cc:717] No data in processing queue, waiting...
I0322 21:30:22.838711 15332 processor.cc:717] No data in processing queue, waiting...
I0322 21:30:22.838711 18016 processor.cc:898] Processor: complete processing batch 89a4094b-d803-4a30-a075-c1acd0c80e0b into model nwt
I0322 21:30:22.838711 18016 cuckoo_watch.h:45] 3ms in ProcessBatch(habrahabr\aaaaab.batch) [including 0ms in LoadMessage; 0ms in InitializeSparseNdw; 1ms in InferThetaAndUpdateNwtSparse; 0ms in CalculateScore(^^^ItemsProcessedScore^^^); ]
I0322 21:30:22.839712  7068 processor.cc:898] Processor: complete processing batch 9c14840e-99cf-455b-886d-54596f83f41a into model nwt
I0322 21:30:22.839712  7068 cuckoo_watch.h:45] 4ms in ProcessBatch(habrahabr\aaaaaa.batch) [including 0ms in LoadMessage; 0ms in InitializeSparseNdw; 1ms in InferThetaAndUpdateNwtSparse; 1ms in CalculateScore(^^^ItemsProcessedScore^^^); ]
I0322 21:30:22.840713 10832 processor.cc:898] Processor: complete processing batch d448d8b4-90bc-4f3b-81a0-ed95698a5573 into model nwt
I0322 21:30:22.840713 18376 processor.cc:898] Processor: complete processing batch 2fb45dcf-f7cf-4706-9ac9-5f8564d79017 into model nwt
I0322 21:30:22.840713 10832 cuckoo_watch.h:45] 5ms in ProcessBatch(habrahabr\aaaaah.batch) [including 0ms in LoadMessage; 0ms in InitializeSparseNdw; 2ms in InferThetaAndUpdateNwtSparse; 1ms in CalculateScore(^^^ItemsProcessedScore^^^); ]
I0322 21:30:22.840713 18376 cuckoo_watch.h:45] 5ms in ProcessBatch(habrahabr\aaaaac.batch) [including 0ms in LoadMessage; 0ms in InitializeSparseNdw; 2ms in InferThetaAndUpdateNwtSparse; 1ms in CalculateScore(^^^ItemsProcessedScore^^^); ]
I0322 21:30:22.840713 11900 processor.cc:898] Processor: complete processing batch d6b90fad-7f88-462d-8845-c7b1a973dd0a into model nwt
I0322 21:30:22.840713 11900 cuckoo_watch.h:45] 5ms in ProcessBatch(habrahabr\aaaaae.batch) [including 0ms in LoadMessage; 0ms in InitializeSparseNdw; 2ms in InferThetaAndUpdateNwtSparse; 1ms in CalculateScore(^^^ItemsProcessedScore^^^); ]
I0322 21:30:22.844717  2468 processor.cc:898] Processor: complete processing batch 8cfd5d96-4bb6-4921-b27a-73bf3b305605 into model nwt
I0322 21:30:22.844717  2468 cuckoo_watch.h:45] 9ms in ProcessBatch(habrahabr\aaaaad.batch) [including 1ms in LoadMessage; 0ms in InitializeSparseNdw; 4ms in InferThetaAndUpdateNwtSparse; 3ms in CalculateScore(^^^ItemsProcessedScore^^^); ]
I0322 21:30:22.844717 20928 processor.cc:898] Processor: complete processing batch 9bfe6bf2-3eac-4bd0-bcd2-024d866e5b74 into model nwt
I0322 21:30:22.845717 11600 processor.cc:717] No data in processing queue, waiting...
I0322 21:30:22.845717 20928 cuckoo_watch.h:45] 10ms in ProcessBatch(habrahabr\aaaaaf.batch) [including 1ms in LoadMessage; 0ms in InitializeSparseNdw; 4ms in InferThetaAndUpdateNwtSparse; 3ms in CalculateScore(^^^ItemsProcessedScore^^^); ]
I0322 21:30:22.845717  8576 processor.cc:898] Processor: complete processing batch f5af66b6-d059-43d2-8636-1ab2105e4881 into model nwt
I0322 21:30:22.845717  8576 cuckoo_watch.h:45] 10ms in ProcessBatch(habrahabr\aaaaag.batch) [including 1ms in LoadMessage; 0ms in InitializeSparseNdw; 4ms in InferThetaAndUpdateNwtSparse; 3ms in CalculateScore(^^^ItemsProcessedScore^^^); ]
I0322 21:30:22.849714 16456 master_component.cc:1391] NormalizeModelArgs: pwt_target_name=pwt, nwt_source_name=nwt, rwt_source_name=
I0322 21:30:22.849714 16456 master_component.cc:952] MasterComponent: start normalizing model nwt
I0322 21:30:22.857723 16456 master_component.cc:980] MasterComponent: complete normalizing model nwt
I0322 21:30:22.861727 16456 master_component.cc:1415] DisposeModel rwt
I0322 21:30:22.861727 16456 master_component.cc:1005] FitOffline: ItemsProcessed, num_items=45, num_batches=8, token_weight=264805, token_weight_in_effect=264805
I0322 21:30:22.862728  1476 c_interface.cc:559] Pass GetScoreValueArgs, score_name=^^^ItemsProcessedScore^^^ to MasterComponent::Request
I0322 21:30:22.862728  1476 c_interface.cc:230] ArtmCopyRequestedMessage is copying 45 bytes...
I0322 21:30:22.862728  1476 c_interface.cc:230] ArtmCopyRequestedMessage is copying 20380 bytes...
I0322 21:30:22.865731  1476 c_interface.cc:230] ArtmCopyRequestedMessage is copying 20380 bytes...
I0322 21:30:22.867733  1476 c_interface.cc:230] ArtmCopyRequestedMessage is copying 20380 bytes...
I0322 21:30:22.868734  1476 c_interface.cc:230] ArtmCopyRequestedMessage is copying 20380 bytes...
I0322 21:30:22.870736  1476 c_interface.cc:230] ArtmCopyRequestedMessage is copying 20380 bytes...
I0322 21:30:22.872737  1476 c_interface.cc:230] ArtmCopyRequestedMessage is copying 20380 bytes...
I0322 21:30:22.874739  1476 c_interface.cc:230] ArtmCopyRequestedMessage is copying 20380 bytes...
I0322 21:30:22.876741 12136 processor.cc:717] No data in processing queue, waiting...
I0322 21:30:22.876741  1772 processor.cc:717] No data in processing queue, waiting...
I0322 21:30:22.876741  1476 c_interface.cc:230] ArtmCopyRequestedMessage is copying 20380 bytes...
I0322 21:30:22.878742  1476 c_interface.cc:230] ArtmCopyRequestedMessage is copying 20380 bytes...
I0322 21:30:22.880745 18352 processor.cc:717] No data in processing queue, waiting...
I0322 21:30:22.880745  9948 processor.cc:717] No data in processing queue, waiting...
I0322 21:30:22.880745  1476 c_interface.cc:230] ArtmCopyRequestedMessage is copying 20380 bytes...
I0322 21:30:22.882746  1476 c_interface.cc:230] ArtmCopyRequestedMessage is copying 20380 bytes...
I0322 21:30:22.884748  1476 c_interface.cc:230] ArtmCopyRequestedMessage is copying 20380 bytes...
I0322 21:30:22.886749  1476 c_interface.cc:230] ArtmCopyRequestedMessage is copying 20380 bytes...
I0322 21:30:22.887751  1476 c_interface.cc:230] ArtmCopyRequestedMessage is copying 20380 bytes...
I0322 21:30:22.889752  1476 c_interface.cc:230] ArtmCopyRequestedMessage is copying 20380 bytes...
I0322 21:30:22.891754  1476 c_interface.cc:230] ArtmCopyRequestedMessage is copying 20380 bytes...
I0322 21:30:22.893756  1476 c_interface.cc:230] ArtmCopyRequestedMessage is copying 20380 bytes...
I0322 21:30:22.895757  1476 c_interface.cc:230] ArtmCopyRequestedMessage is copying 20380 bytes...
I0322 21:30:22.897760  1476 c_interface.cc:230] ArtmCopyRequestedMessage is copying 20380 bytes...
I0322 21:30:22.899761  1476 c_interface.cc:230] ArtmCopyRequestedMessage is copying 20380 bytes...
I0322 21:30:22.901763  1476 c_interface.cc:230] ArtmCopyRequestedMessage is copying 20380 bytes...
I0322 21:30:22.903765  1476 c_interface.cc:230] ArtmCopyRequestedMessage is copying 20380 bytes...
I0322 21:30:22.905767  1476 c_interface.cc:230] ArtmCopyRequestedMessage is copying 20380 bytes...
I0322 21:30:22.907769  1476 c_interface.cc:230] ArtmCopyRequestedMessage is copying 20380 bytes...
I0322 21:30:22.908771  1476 c_interface.cc:230] ArtmCopyRequestedMessage is copying 20380 bytes...
I0322 21:30:22.910771  1476 c_interface.cc:230] ArtmCopyRequestedMessage is copying 20380 bytes...
I0322 21:30:22.911772 18016 processor.cc:717] No data in processing queue, waiting...
I0322 21:30:22.911772  7068 processor.cc:717] No data in processing queue, waiting...
I0322 21:30:22.911772 10832 processor.cc:717] No data in processing queue, waiting...
I0322 21:30:22.911772 11900 processor.cc:717] No data in processing queue, waiting...
I0322 21:30:22.911772 18376 processor.cc:717] No data in processing queue, waiting...
I0322 21:30:22.912775  1476 c_interface.cc:230] ArtmCopyRequestedMessage is copying 20380 bytes...
I0322 21:30:22.914775  1476 c_interface.cc:230] ArtmCopyRequestedMessage is copying 20380 bytes...
I0322 21:30:22.915776  2468 processor.cc:717] No data in processing queue, waiting...
I0322 21:30:22.916777  1476 c_interface.cc:230] ArtmCopyRequestedMessage is copying 20380 bytes...
I0322 21:30:22.918779 20928 processor.cc:717] No data in processing queue, waiting...
I0322 21:30:22.918779  8576 processor.cc:717] No data in processing queue, waiting...
I0322 21:30:22.918779  1476 c_interface.cc:230] ArtmCopyRequestedMessage is copying 20380 bytes...
I0322 21:30:22.920780  1476 c_interface.cc:230] ArtmCopyRequestedMessage is copying 20380 bytes...
I0322 21:30:22.922782  1476 c_interface.cc:230] ArtmCopyRequestedMessage is copying 20380 bytes...
I0322 21:30:22.924784  1476 c_interface.cc:230] ArtmCopyRequestedMessage is copying 20380 bytes...
I0322 21:30:22.925786  1476 c_interface.cc:230] ArtmCopyRequestedMessage is copying 20380 bytes...
I0322 21:30:22.927788  1476 c_interface.cc:230] ArtmCopyRequestedMessage is copying 20380 bytes...
I0322 21:30:22.929788  1476 c_interface.cc:230] ArtmCopyRequestedMessage is copying 20380 bytes...
I0322 21:30:22.931792  1476 c_interface.cc:230] ArtmCopyRequestedMessage is copying 20380 bytes...
I0322 21:30:22.933794  1476 c_interface.cc:230] ArtmCopyRequestedMessage is copying 20380 bytes...
I0322 21:30:22.935796  1476 c_interface.cc:230] ArtmCopyRequestedMessage is copying 20380 bytes...
I0322 21:30:22.937798  1476 c_interface.cc:230] ArtmCopyRequestedMessage is copying 20380 bytes...
I0322 21:30:22.939800  1476 c_interface.cc:230] ArtmCopyRequestedMessage is copying 20380 bytes...
I0322 21:30:22.940799  1476 c_interface.cc:230] ArtmCopyRequestedMessage is copying 20380 bytes...
I0322 21:30:22.943804  1476 c_interface.cc:230] ArtmCopyRequestedMessage is copying 20380 bytes...
I0322 21:30:22.945804  1476 c_interface.cc:230] ArtmCopyRequestedMessage is copying 20380 bytes...
I0322 21:30:22.946806  1476 c_interface.cc:230] ArtmCopyRequestedMessage is copying 20380 bytes...
I0322 21:30:22.948807  1476 c_interface.cc:230] ArtmCopyRequestedMessage is copying 20380 bytes...
I0322 21:30:22.950809  1476 c_interface.cc:230] ArtmCopyRequestedMessage is copying 20380 bytes...
I0322 21:30:22.952811  1476 c_interface.cc:230] ArtmCopyRequestedMessage is copying 20380 bytes...
I0322 21:30:22.954813  1476 c_interface.cc:230] ArtmCopyRequestedMessage is copying 20380 bytes...
I0322 21:30:22.956815  1476 c_interface.cc:230] ArtmCopyRequestedMessage is copying 20380 bytes...
I0322 21:30:22.958817  1476 c_interface.cc:230] ArtmCopyRequestedMessage is copying 20380 bytes...
I0322 21:30:22.960817  1476 c_interface.cc:230] ArtmCopyRequestedMessage is copying 20380 bytes...
I0322 21:30:22.962819  1476 c_interface.cc:230] ArtmCopyRequestedMessage is copying 20380 bytes...
I0322 21:30:22.964821  1476 c_interface.cc:230] ArtmCopyRequestedMessage is copying 20380 bytes...
I0322 21:30:22.966825  1476 c_interface.cc:230] ArtmCopyRequestedMessage is copying 20380 bytes...
I0322 21:30:22.967824  1476 c_interface.cc:230] ArtmCopyRequestedMessage is copying 20380 bytes...
I0322 21:30:22.969826  1476 c_interface.cc:230] ArtmCopyRequestedMessage is copying 20380 bytes...
I0322 21:30:22.971827  1476 c_interface.cc:230] ArtmCopyRequestedMessage is copying 20380 bytes...
I0322 21:30:22.973829  1476 c_interface.cc:230] ArtmCopyRequestedMessage is copying 20380 bytes...
I0322 21:30:22.975831  1476 c_interface.cc:230] ArtmCopyRequestedMessage is copying 20380 bytes...
I0322 21:30:22.977833  1476 c_interface.cc:230] ArtmCopyRequestedMessage is copying 20380 bytes...
I0322 21:30:22.979835  1476 c_interface.cc:230] ArtmCopyRequestedMessage is copying 20380 bytes...
I0322 21:30:22.981837  1476 c_interface.cc:230] ArtmCopyRequestedMessage is copying 20380 bytes...
I0322 21:30:22.983839  1476 c_interface.cc:230] ArtmCopyRequestedMessage is copying 20380 bytes...
I0322 21:30:22.985841  1476 c_interface.cc:230] ArtmCopyRequestedMessage is copying 20380 bytes...
I0322 21:30:22.987843  1476 c_interface.cc:230] ArtmCopyRequestedMessage is copying 20380 bytes...
I0322 21:30:22.989843  1476 c_interface.cc:230] ArtmCopyRequestedMessage is copying 20380 bytes...
I0322 21:30:22.991845  1476 c_interface.cc:230] ArtmCopyRequestedMessage is copying 20380 bytes...
I0322 21:30:22.993847  1476 c_interface.cc:230] ArtmCopyRequestedMessage is copying 20380 bytes...
I0322 21:30:22.995851  1476 c_interface.cc:230] ArtmCopyRequestedMessage is copying 20380 bytes...
I0322 21:30:22.997851  1476 c_interface.cc:230] ArtmCopyRequestedMessage is copying 20380 bytes...
I0322 21:30:22.999853  1476 c_interface.cc:230] ArtmCopyRequestedMessage is copying 20380 bytes...
I0322 21:30:23.001855  1476 c_interface.cc:230] ArtmCopyRequestedMessage is copying 20380 bytes...
I0322 21:30:23.003856  1476 c_interface.cc:230] ArtmCopyRequestedMessage is copying 20380 bytes...
I0322 21:30:23.004858  1476 c_interface.cc:230] ArtmCopyRequestedMessage is copying 20380 bytes...
I0322 21:30:23.006860  1476 c_interface.cc:230] ArtmCopyRequestedMessage is copying 20380 bytes...
I0322 21:30:23.008862  1476 c_interface.cc:230] ArtmCopyRequestedMessage is copying 20380 bytes...
I0322 21:30:23.010864  1476 c_interface.cc:230] ArtmCopyRequestedMessage is copying 20380 bytes...
I0322 21:30:23.012866  1476 c_interface.cc:230] ArtmCopyRequestedMessage is copying 20380 bytes...
I0322 21:30:23.014868  1476 c_interface.cc:230] ArtmCopyRequestedMessage is copying 20380 bytes...
I0322 21:30:23.016870  1476 c_interface.cc:230] ArtmCopyRequestedMessage is copying 20380 bytes...
I0322 21:30:23.018872  1476 c_interface.cc:230] ArtmCopyRequestedMessage is copying 20380 bytes...
I0322 21:30:23.020872  1476 c_interface.cc:230] ArtmCopyRequestedMessage is copying 20380 bytes...
I0322 21:30:23.022874  1476 c_interface.cc:230] ArtmCopyRequestedMessage is copying 20380 bytes...
I0322 21:30:23.024875  1476 c_interface.cc:230] ArtmCopyRequestedMessage is copying 20380 bytes...
I0322 21:30:23.025876  1476 c_interface.cc:230] ArtmCopyRequestedMessage is copying 20380 bytes...
I0322 21:30:23.027878  1476 c_interface.cc:230] ArtmCopyRequestedMessage is copying 20380 bytes...
I0322 21:30:23.029881  1476 c_interface.cc:230] ArtmCopyRequestedMessage is copying 20380 bytes...
I0322 21:30:23.031883  1476 c_interface.cc:230] ArtmCopyRequestedMessage is copying 20380 bytes...
I0322 21:30:23.033885  1476 c_interface.cc:230] ArtmCopyRequestedMessage is copying 20380 bytes...
I0322 21:30:23.035885  1476 c_interface.cc:230] ArtmCopyRequestedMessage is copying 20380 bytes...
I0322 21:30:23.037887  1476 c_interface.cc:230] ArtmCopyRequestedMessage is copying 20380 bytes...
I0322 21:30:23.039889  1476 c_interface.cc:230] ArtmCopyRequestedMessage is copying 20380 bytes...
I0322 21:30:23.040890  1476 c_interface.cc:230] ArtmCopyRequestedMessage is copying 20380 bytes...
I0322 21:30:23.042892  1476 c_interface.cc:230] ArtmCopyRequestedMessage is copying 20380 bytes...
I0322 21:30:23.044893  1476 c_interface.cc:230] ArtmCopyRequestedMessage is copying 20380 bytes...
I0322 21:30:23.046896  1476 c_interface.cc:230] ArtmCopyRequestedMessage is copying 20380 bytes...
I0322 21:30:23.048897  1476 c_interface.cc:230] ArtmCopyRequestedMessage is copying 20380 bytes...
I0322 21:30:23.050899  1476 c_interface.cc:230] ArtmCopyRequestedMessage is copying 20380 bytes...
I0322 21:30:23.052901  1476 c_interface.cc:230] ArtmCopyRequestedMessage is copying 20380 bytes...
I0322 21:30:23.053902  1476 c_interface.cc:230] ArtmCopyRequestedMessage is copying 20380 bytes...
I0322 21:30:23.055904  1476 c_interface.cc:230] ArtmCopyRequestedMessage is copying 20380 bytes...
I0322 21:30:23.057906  1476 c_interface.cc:230] ArtmCopyRequestedMessage is copying 20380 bytes...
I0322 21:30:23.059908  1476 c_interface.cc:230] ArtmCopyRequestedMessage is copying 20380 bytes...
I0322 21:30:23.061910  1476 c_interface.cc:230] ArtmCopyRequestedMessage is copying 20380 bytes...
I0322 21:30:23.063911  1476 c_interface.cc:230] ArtmCopyRequestedMessage is copying 20380 bytes...
I0322 21:30:23.065913  1476 c_interface.cc:230] ArtmCopyRequestedMessage is copying 20380 bytes...
I0322 21:30:23.067915  1476 c_interface.cc:230] ArtmCopyRequestedMessage is copying 20380 bytes...
I0322 21:30:23.069916  1476 c_interface.cc:230] ArtmCopyRequestedMessage is copying 20380 bytes...
I0322 21:30:23.071918  1476 c_interface.cc:230] ArtmCopyRequestedMessage is copying 20380 bytes...
I0322 21:30:23.073920  1476 c_interface.cc:230] ArtmCopyRequestedMessage is copying 20380 bytes...
I0322 21:30:23.074921  1476 c_interface.cc:230] ArtmCopyRequestedMessage is copying 20380 bytes...
I0322 21:30:23.076923  1476 c_interface.cc:230] ArtmCopyRequestedMessage is copying 20380 bytes...
I0322 21:30:23.078925  1476 c_interface.cc:230] ArtmCopyRequestedMessage is copying 20380 bytes...
I0322 21:30:23.080927  1476 c_interface.cc:230] ArtmCopyRequestedMessage is copying 20380 bytes...
I0322 21:30:23.082928  1476 c_interface.cc:230] ArtmCopyRequestedMessage is copying 20380 bytes...
I0322 21:30:23.084930  1476 c_interface.cc:230] ArtmCopyRequestedMessage is copying 20380 bytes...
I0322 21:30:23.086932  1476 c_interface.cc:230] ArtmCopyRequestedMessage is copying 20380 bytes...
I0322 21:30:23.088934  1476 c_interface.cc:230] ArtmCopyRequestedMessage is copying 20380 bytes...
I0322 21:30:23.090935  1476 c_interface.cc:230] ArtmCopyRequestedMessage is copying 20380 bytes...
I0322 21:30:23.091936  1476 c_interface.cc:230] ArtmCopyRequestedMessage is copying 20380 bytes...
I0322 21:30:23.093938  1476 c_interface.cc:230] ArtmCopyRequestedMessage is copying 20380 bytes...
I0322 21:30:23.095940  1476 c_interface.cc:230] ArtmCopyRequestedMessage is copying 20380 bytes...
I0322 21:30:23.097942  1476 c_interface.cc:230] ArtmCopyRequestedMessage is copying 20380 bytes...
I0322 21:30:23.099944  1476 c_interface.cc:230] ArtmCopyRequestedMessage is copying 20380 bytes...
I0322 21:30:23.101946  1476 c_interface.cc:230] ArtmCopyRequestedMessage is copying 20380 bytes...
I0322 21:30:23.103947  1476 c_interface.cc:230] ArtmCopyRequestedMessage is copying 20380 bytes...
I0322 21:30:23.105949  1476 c_interface.cc:230] ArtmCopyRequestedMessage is copying 20380 bytes...
I0322 21:30:23.107951  1476 c_interface.cc:230] ArtmCopyRequestedMessage is copying 20380 bytes...
I0322 21:30:23.109953  1476 c_interface.cc:230] ArtmCopyRequestedMessage is copying 20380 bytes...
I0322 21:30:23.111955  1476 c_interface.cc:230] ArtmCopyRequestedMessage is copying 20380 bytes...
I0322 21:30:23.113956  1476 c_interface.cc:230] ArtmCopyRequestedMessage is copying 20380 bytes...
I0322 21:30:23.114959  1476 c_interface.cc:230] ArtmCopyRequestedMessage is copying 20380 bytes...
I0322 21:30:23.116961  1476 c_interface.cc:230] ArtmCopyRequestedMessage is copying 20380 bytes...
I0322 21:30:23.118961  1476 c_interface.cc:230] ArtmCopyRequestedMessage is copying 20380 bytes...
I0322 21:30:23.120963  1476 c_interface.cc:230] ArtmCopyRequestedMessage is copying 20380 bytes...
I0322 21:30:23.122965  1476 c_interface.cc:230] ArtmCopyRequestedMessage is copying 20380 bytes...
I0322 21:30:23.124967  1476 c_interface.cc:230] ArtmCopyRequestedMessage is copying 20380 bytes...
I0322 21:30:23.126969  1476 c_interface.cc:230] ArtmCopyRequestedMessage is copying 20380 bytes...
I0322 21:30:23.128970  1476 c_interface.cc:230] ArtmCopyRequestedMessage is copying 20380 bytes...
I0322 21:30:23.129971  1476 c_interface.cc:230] ArtmCopyRequestedMessage is copying 20380 bytes...
I0322 21:30:23.132974  1476 c_interface.cc:230] ArtmCopyRequestedMessage is copying 20380 bytes...
I0322 21:30:23.133975  1476 c_interface.cc:230] ArtmCopyRequestedMessage is copying 20380 bytes...
I0322 21:30:23.136978  1476 c_interface.cc:230] ArtmCopyRequestedMessage is copying 20380 bytes...
I0322 21:30:23.138979  1476 c_interface.cc:230] ArtmCopyRequestedMessage is copying 20380 bytes...
I0322 21:30:23.140982  1476 c_interface.cc:230] ArtmCopyRequestedMessage is copying 20380 bytes...
I0322 21:30:23.733717  1476 c_interface.cc:372] Pass 909f796d-7c37-4e1f-bd54-35a73292f00e to void (__cdecl artm::core::MasterComponent::*)(class std::basic_string<char,struct std::char_traits<char>,class std::allocator<char> > const & __ptr64) __ptr64
I0322 21:30:23.734717  1476 c_interface.cc:336] Disposing MasterComponent (id=1)...
I0322 21:30:23.734717  1476 c_interface.cc:372] Pass 43caa77a-c768-431a-8fca-7cd669324fa3 to void (__cdecl artm::core::MasterComponent::*)(class std::basic_string<char,struct std::char_traits<char>,class std::allocator<char> > const & __ptr64) __ptr64
I0322 21:30:23.734717  1476 c_interface.cc:336] Disposing MasterComponent (id=2)...
I0322 21:30:23.738714  8576 processor.cc:709] Processor thread stopped
I0322 21:30:23.738714  8576 processor.cc:710] Total number of processed batches: 4
I0322 21:30:23.742733 12136 processor.cc:709] Processor thread stopped
I0322 21:30:23.742733 12136 processor.cc:710] Total number of processed batches: 6
I0322 21:30:23.746640  7068 processor.cc:709] Processor thread stopped
I0322 21:30:23.746640  7068 processor.cc:710] Total number of processed batches: 9
I0322 21:30:23.750736 11900 processor.cc:709] Processor thread stopped
I0322 21:30:23.750736 11900 processor.cc:710] Total number of processed batches: 5
I0322 21:30:23.754798 15332 processor.cc:709] Processor thread stopped
I0322 21:30:23.754798 15332 processor.cc:710] Total number of processed batches: 5
I0322 21:30:23.758647  1772 processor.cc:709] Processor thread stopped
I0322 21:30:23.758647  1772 processor.cc:710] Total number of processed batches: 5
I0322 21:30:23.761798 18376 processor.cc:709] Processor thread stopped
I0322 21:30:23.761798 18376 processor.cc:710] Total number of processed batches: 7
I0322 21:30:23.765635 18352 processor.cc:709] Processor thread stopped
I0322 21:30:23.765635 18352 processor.cc:710] Total number of processed batches: 4
I0322 21:30:23.769639 18684 processor.cc:709] Processor thread stopped
I0322 21:30:23.769639 18684 processor.cc:710] Total number of processed batches: 2
I0322 21:30:23.773802 11600 processor.cc:709] Processor thread stopped
I0322 21:30:23.773802 11600 processor.cc:710] Total number of processed batches: 4
I0322 21:30:23.777801  9948 processor.cc:709] Processor thread stopped
I0322 21:30:23.777801  9948 processor.cc:710] Total number of processed batches: 6
I0322 21:30:23.781801 20928 processor.cc:709] Processor thread stopped
I0322 21:30:23.781801 20928 processor.cc:710] Total number of processed batches: 8
I0322 21:30:23.784802 13720 processor.cc:709] Processor thread stopped
I0322 21:30:23.784802 13720 processor.cc:710] Total number of processed batches: 5
I0322 21:30:23.788806  2468 processor.cc:709] Processor thread stopped
I0322 21:30:23.788806  2468 processor.cc:710] Total number of processed batches: 6
I0322 21:30:23.791808 10832 processor.cc:709] Processor thread stopped
I0322 21:30:23.791808 10832 processor.cc:710] Total number of processed batches: 2
I0322 21:30:23.794811 18016 processor.cc:709] Processor thread stopped
I0322 21:30:23.794811 18016 processor.cc:710] Total number of processed batches: 2
I0322 21:30:23.797814  1476 c_interface.cc:336] Disposing MasterComponent (id=3)...
