I0322 20:58:37.551472  6476 processor.cc:802] Processor: start processing batch fbcf3c05-3978-40b7-9f26-f8ad6b771168 into model nwt
I0322 20:58:37.551472  5704 processor.cc:802] Processor: start processing batch f0ffc316-3c24-4a62-9ece-34e5140b7f5e into model nwt
I0322 20:58:37.551472 20772 processor.cc:898] Processor: complete processing batch c2fdd60d-3f50-4ccb-9702-c3b8efd18833 into model nwt
I0322 20:58:37.551472 12080 processor.cc:802] Processor: start processing batch fbab37c2-d0fb-4124-bf3b-def6768d2bdc into model nwt
I0322 20:58:37.551472 20772 cuckoo_watch.h:45] 1ms in ProcessBatch(habrahabr\aaaaaa.batch) [including 0ms in LoadMessage; 0ms in InitializeSparseNdw; 0ms in InferThetaAndUpdateNwtSparse; 0ms in CalculateScore(^^^ItemsProcessedScore^^^); ]
I0322 20:58:37.551472  6960 processor.cc:802] Processor: start processing batch d1a13ee5-094f-4e27-bcdc-4bd9bd8a42eb into model nwt
I0322 20:58:37.552474 20432 processor.cc:898] Processor: complete processing batch e3fc8f53-a30d-445f-acfb-922376a89901 into model nwt
I0322 20:58:37.552474 20432 cuckoo_watch.h:45] 2ms in ProcessBatch(habrahabr\aaaaab.batch) [including 0ms in LoadMessage; 0ms in InitializeSparseNdw; 1ms in InferThetaAndUpdateNwtSparse; 0ms in CalculateScore(^^^ItemsProcessedScore^^^); ]
I0322 20:58:37.554476 17556 processor.cc:717] No data in processing queue, waiting...
I0322 20:58:37.555476 19304 processor.cc:898] Processor: complete processing batch f283a5b5-1717-42db-977b-d0fae510922e into model nwt
I0322 20:58:37.555476 19304 cuckoo_watch.h:45] 5ms in ProcessBatch(habrahabr\aaaaac.batch) [including 0ms in LoadMessage; 0ms in InitializeSparseNdw; 2ms in InferThetaAndUpdateNwtSparse; 1ms in CalculateScore(^^^ItemsProcessedScore^^^); ]
I0322 20:58:37.555476  6476 processor.cc:898] Processor: complete processing batch fbcf3c05-3978-40b7-9f26-f8ad6b771168 into model nwt
I0322 20:58:37.555476  6476 cuckoo_watch.h:45] 5ms in ProcessBatch(habrahabr\aaaaae.batch) [including 0ms in LoadMessage; 0ms in InitializeSparseNdw; 2ms in InferThetaAndUpdateNwtSparse; 2ms in CalculateScore(^^^ItemsProcessedScore^^^); ]
I0322 20:58:37.558480  5704 processor.cc:898] Processor: complete processing batch f0ffc316-3c24-4a62-9ece-34e5140b7f5e into model nwt
I0322 20:58:37.558480 16332 processor.cc:717] No data in processing queue, waiting...
I0322 20:58:37.558480 12080 processor.cc:898] Processor: complete processing batch fbab37c2-d0fb-4124-bf3b-def6768d2bdc into model nwt
I0322 20:58:37.558480 12080 cuckoo_watch.h:45] 8ms in ProcessBatch(habrahabr\aaaaaf.batch) [including 1ms in LoadMessage; 0ms in InitializeSparseNdw; 3ms in InferThetaAndUpdateNwtSparse; 3ms in CalculateScore(^^^ItemsProcessedScore^^^); ]
I0322 20:58:37.558480  5704 cuckoo_watch.h:45] 8ms in ProcessBatch(habrahabr\aaaaag.batch) [including 1ms in LoadMessage; 0ms in InitializeSparseNdw; 3ms in InferThetaAndUpdateNwtSparse; 3ms in CalculateScore(^^^ItemsProcessedScore^^^); ]
I0322 20:58:37.559480  6960 processor.cc:898] Processor: complete processing batch d1a13ee5-094f-4e27-bcdc-4bd9bd8a42eb into model nwt
I0322 20:58:37.559480  6960 cuckoo_watch.h:45] 9ms in ProcessBatch(habrahabr\aaaaad.batch) [including 1ms in LoadMessage; 0ms in InitializeSparseNdw; 4ms in InferThetaAndUpdateNwtSparse; 3ms in CalculateScore(^^^ItemsProcessedScore^^^); ]
I0322 20:58:37.562484 15468 master_component.cc:1391] NormalizeModelArgs: pwt_target_name=pwt, nwt_source_name=nwt, rwt_source_name=
I0322 20:58:37.562484 15468 master_component.cc:952] MasterComponent: start normalizing model nwt
I0322 20:58:37.570490 15468 master_component.cc:980] MasterComponent: complete normalizing model nwt
I0322 20:58:37.574493 15468 master_component.cc:1415] DisposeModel rwt
I0322 20:58:37.574493 15468 master_component.cc:1005] FitOffline: ItemsProcessed, num_items=40, num_batches=7, token_weight=179147, token_weight_in_effect=179147
I0322 20:58:37.574493 21476 c_interface.cc:559] Pass GetScoreValueArgs, score_name=^^^ItemsProcessedScore^^^ to MasterComponent::Request
I0322 20:58:37.574493 21476 c_interface.cc:230] ArtmCopyRequestedMessage is copying 45 bytes...
I0322 20:58:37.575495 15468 c_interface.cc:386] Pass FitOfflineMasterModelArgs, batch_filename_size=7, batch_weight_size=7, num_collection_passes=1 to void (__cdecl artm::core::MasterComponent::*)(class artm::FitOfflineMasterModelArgs const & __ptr64) __ptr64
I0322 20:58:37.575495 15468 master_component.cc:1340] ProcessBatchesArgs: nwt_target_name=nwt, batch_filename_size=7, batch_size=0, batch_weight_size=7, pwt_source_name=pwt, num_document_passes=10, reuse_theta=no, opt_for_avx=yes, predict_class_id=
I0322 20:58:37.584502 16332 processor.cc:724] Processing queue has data, processing started
I0322 20:58:37.584502 12608 processor.cc:724] Processing queue has data, processing started
I0322 20:58:37.584502 12408 processor.cc:802] Processor: start processing batch c2fdd60d-3f50-4ccb-9702-c3b8efd18833 into model nwt
I0322 20:58:37.584502 12608 processor.cc:802] Processor: start processing batch e3fc8f53-a30d-445f-acfb-922376a89901 into model nwt
I0322 20:58:37.584502  5912 processor.cc:802] Processor: start processing batch f283a5b5-1717-42db-977b-d0fae510922e into model nwt
I0322 20:58:37.585503 20772 processor.cc:802] Processor: start processing batch fbcf3c05-3978-40b7-9f26-f8ad6b771168 into model nwt
I0322 20:58:37.585503 12408 processor.cc:898] Processor: complete processing batch c2fdd60d-3f50-4ccb-9702-c3b8efd18833 into model nwt
I0322 20:58:37.585503 12408 cuckoo_watch.h:45] 1ms in ProcessBatch(habrahabr\aaaaaa.batch) [including 0ms in LoadMessage; 0ms in InitializeSparseNdw; 0ms in InferThetaAndUpdateNwtSparse; 0ms in CalculateScore(^^^ItemsProcessedScore^^^); ]
I0322 20:58:37.585503 16332 processor.cc:802] Processor: start processing batch d1a13ee5-094f-4e27-bcdc-4bd9bd8a42eb into model nwt
I0322 20:58:37.586504 12408 processor.cc:802] Processor: start processing batch fbab37c2-d0fb-4124-bf3b-def6768d2bdc into model nwt
I0322 20:58:37.587505 12608 processor.cc:898] Processor: complete processing batch e3fc8f53-a30d-445f-acfb-922376a89901 into model nwt
I0322 20:58:37.587505 12608 cuckoo_watch.h:45] 3ms in ProcessBatch(habrahabr\aaaaab.batch) [including 0ms in LoadMessage; 0ms in InitializeSparseNdw; 1ms in InferThetaAndUpdateNwtSparse; 0ms in CalculateScore(^^^ItemsProcessedScore^^^); ]
I0322 20:58:37.588506 16956 processor.cc:717] No data in processing queue, waiting...
I0322 20:58:37.588506 12608 processor.cc:802] Processor: start processing batch f0ffc316-3c24-4a62-9ece-34e5140b7f5e into model nwt
I0322 20:58:37.588506  5912 processor.cc:898] Processor: complete processing batch f283a5b5-1717-42db-977b-d0fae510922e into model nwt
I0322 20:58:37.589507  5912 cuckoo_watch.h:45] 5ms in ProcessBatch(habrahabr\aaaaac.batch) [including 0ms in LoadMessage; 0ms in InitializeSparseNdw; 2ms in InferThetaAndUpdateNwtSparse; 1ms in CalculateScore(^^^ItemsProcessedScore^^^); ]
I0322 20:58:37.590509 20772 processor.cc:898] Processor: complete processing batch fbcf3c05-3978-40b7-9f26-f8ad6b771168 into model nwt
I0322 20:58:37.590509 20772 cuckoo_watch.h:45] 6ms in ProcessBatch(habrahabr\aaaaae.batch) [including 0ms in LoadMessage; 0ms in InitializeSparseNdw; 2ms in InferThetaAndUpdateNwtSparse; 2ms in CalculateScore(^^^ItemsProcessedScore^^^); ]
I0322 20:58:37.592510  8272 processor.cc:717] No data in processing queue, waiting...
I0322 20:58:37.592510 16332 processor.cc:898] Processor: complete processing batch d1a13ee5-094f-4e27-bcdc-4bd9bd8a42eb into model nwt
I0322 20:58:37.592510 16332 cuckoo_watch.h:45] 8ms in ProcessBatch(habrahabr\aaaaad.batch) [including 1ms in LoadMessage; 0ms in InitializeSparseNdw; 3ms in InferThetaAndUpdateNwtSparse; 3ms in CalculateScore(^^^ItemsProcessedScore^^^); ]
I0322 20:58:37.592510 12408 processor.cc:898] Processor: complete processing batch fbab37c2-d0fb-4124-bf3b-def6768d2bdc into model nwt
I0322 20:58:37.593511 12408 cuckoo_watch.h:45] 7ms in ProcessBatch(habrahabr\aaaaaf.batch) [including 1ms in LoadMessage; 0ms in InitializeSparseNdw; 3ms in InferThetaAndUpdateNwtSparse; 3ms in CalculateScore(^^^ItemsProcessedScore^^^); ]
I0322 20:58:37.595513 12608 processor.cc:898] Processor: complete processing batch f0ffc316-3c24-4a62-9ece-34e5140b7f5e into model nwt
I0322 20:58:37.595513 12608 cuckoo_watch.h:45] 8ms in ProcessBatch(habrahabr\aaaaag.batch) [including 1ms in LoadMessage; 0ms in InitializeSparseNdw; 3ms in InferThetaAndUpdateNwtSparse; 2ms in CalculateScore(^^^ItemsProcessedScore^^^); ]
I0322 20:58:37.596513 15468 master_component.cc:1391] NormalizeModelArgs: pwt_target_name=pwt, nwt_source_name=nwt, rwt_source_name=
I0322 20:58:37.596513 15468 master_component.cc:952] MasterComponent: start normalizing model nwt
I0322 20:58:37.607524 15468 master_component.cc:980] MasterComponent: complete normalizing model nwt
I0322 20:58:37.610527 15468 master_component.cc:1415] DisposeModel rwt
I0322 20:58:37.610527 15468 master_component.cc:1005] FitOffline: ItemsProcessed, num_items=40, num_batches=7, token_weight=179147, token_weight_in_effect=179147
I0322 20:58:37.611528 21476 c_interface.cc:559] Pass GetScoreValueArgs, score_name=^^^ItemsProcessedScore^^^ to MasterComponent::Request
I0322 20:58:37.611528 21476 c_interface.cc:230] ArtmCopyRequestedMessage is copying 45 bytes...
I0322 20:58:37.611528 21476 c_interface.cc:230] ArtmCopyRequestedMessage is copying 17702 bytes...
I0322 20:58:37.613529 21476 c_interface.cc:230] ArtmCopyRequestedMessage is copying 17702 bytes...
I0322 20:58:37.615531 21476 c_interface.cc:230] ArtmCopyRequestedMessage is copying 17702 bytes...
I0322 20:58:37.617532 21476 c_interface.cc:230] ArtmCopyRequestedMessage is copying 17702 bytes...
I0322 20:58:37.620537 21476 c_interface.cc:230] ArtmCopyRequestedMessage is copying 17702 bytes...
I0322 20:58:37.622539 20432 processor.cc:717] No data in processing queue, waiting...
I0322 20:58:37.623539 21476 c_interface.cc:230] ArtmCopyRequestedMessage is copying 17702 bytes...
I0322 20:58:37.625540 21476 c_interface.cc:230] ArtmCopyRequestedMessage is copying 17702 bytes...
I0322 20:58:37.626543 19304 processor.cc:717] No data in processing queue, waiting...
I0322 20:58:37.626543  6476 processor.cc:717] No data in processing queue, waiting...
I0322 20:58:37.628543 21476 c_interface.cc:230] ArtmCopyRequestedMessage is copying 17702 bytes...
I0322 20:58:37.630545  5704 processor.cc:717] No data in processing queue, waiting...
I0322 20:58:37.630545 12080 processor.cc:717] No data in processing queue, waiting...
I0322 20:58:37.630545  6960 processor.cc:717] No data in processing queue, waiting...
I0322 20:58:37.631546 21476 c_interface.cc:230] ArtmCopyRequestedMessage is copying 17702 bytes...
I0322 20:58:37.634548 21476 c_interface.cc:230] ArtmCopyRequestedMessage is copying 17702 bytes...
I0322 20:58:37.637552 21476 c_interface.cc:230] ArtmCopyRequestedMessage is copying 17702 bytes...
I0322 20:58:37.640553 21476 c_interface.cc:230] ArtmCopyRequestedMessage is copying 17702 bytes...
I0322 20:58:37.658571 20772 processor.cc:717] No data in processing queue, waiting...
I0322 20:58:37.658571  5912 processor.cc:717] No data in processing queue, waiting...
I0322 20:58:37.661572 16332 processor.cc:717] No data in processing queue, waiting...
I0322 20:58:37.661572 12408 processor.cc:717] No data in processing queue, waiting...
I0322 20:58:37.661572 12608 processor.cc:717] No data in processing queue, waiting...
I0322 20:59:10.060712 21476 c_interface.cc:230] ArtmCopyRequestedMessage is copying 204 bytes...
I0322 20:59:10.061714 21476 c_interface.cc:230] ArtmCopyRequestedMessage is copying 463 bytes...
I0322 20:59:58.706199 21476 c_interface.cc:230] ArtmCopyRequestedMessage is copying 463 bytes...
I0322 20:59:59.285265 21476 c_interface.cc:230] ArtmCopyRequestedMessage is copying 463 bytes...
I0322 20:59:59.285265 21476 phi_matrix_operations.cc:84] RetrieveExternalTopicModel() with 6 topics, 4318 tokens
I0322 20:59:59.288270 21476 c_interface.cc:230] ArtmCopyRequestedMessage is copying 160007 bytes...
I0322 20:59:59.314296 21476 phi_matrix_operations.cc:84] RetrieveExternalTopicModel() with 6 topics, 4318 tokens
I0322 20:59:59.319597 21476 c_interface.cc:230] ArtmCopyRequestedMessage is copying 142735 bytes...
I0322 20:59:59.320606 21476 c_interface.cc:235] ArtmCopyRequestedObject is copying 103632 bytes...
I0322 20:59:59.327773 21476 c_interface.cc:230] ArtmCopyRequestedMessage is copying 463 bytes...
I0322 20:59:59.328775 21476 c_interface.cc:230] ArtmCopyRequestedMessage is copying 463 bytes...
I0322 20:59:59.328775 21476 c_interface.cc:230] ArtmCopyRequestedMessage is copying 463 bytes...
I0322 20:59:59.328775 21476 c_interface.cc:230] ArtmCopyRequestedMessage is copying 463 bytes...
I0322 20:59:59.328775 21476 c_interface.cc:230] ArtmCopyRequestedMessage is copying 463 bytes...
I0322 20:59:59.328775 21476 c_interface.cc:230] ArtmCopyRequestedMessage is copying 463 bytes...
I0322 20:59:59.328775 21476 c_interface.cc:230] ArtmCopyRequestedMessage is copying 463 bytes...
I0322 20:59:59.328775 21476 c_interface.cc:230] ArtmCopyRequestedMessage is copying 463 bytes...
I0322 20:59:59.328775 21476 c_interface.cc:230] ArtmCopyRequestedMessage is copying 463 bytes...
I0322 20:59:59.329775 21476 c_interface.cc:230] ArtmCopyRequestedMessage is copying 463 bytes...
I0322 20:59:59.329775 21476 c_interface.cc:230] ArtmCopyRequestedMessage is copying 463 bytes...
I0322 20:59:59.331612 21476 c_interface.cc:230] ArtmCopyRequestedMessage is copying 463 bytes...
I0322 20:59:59.331612 21476 c_interface.cc:230] ArtmCopyRequestedMessage is copying 463 bytes...
I0322 20:59:59.360949 21476 c_interface.cc:230] ArtmCopyRequestedMessage is copying 463 bytes...
I0322 20:59:59.360949 21476 c_interface.cc:230] ArtmCopyRequestedMessage is copying 463 bytes...
I0322 20:59:59.360949 21476 c_interface.cc:230] ArtmCopyRequestedMessage is copying 463 bytes...
I0322 20:59:59.360949 21476 c_interface.cc:230] ArtmCopyRequestedMessage is copying 463 bytes...
I0322 20:59:59.360949 21476 c_interface.cc:230] ArtmCopyRequestedMessage is copying 463 bytes...
I0322 20:59:59.361949 21476 c_interface.cc:230] ArtmCopyRequestedMessage is copying 463 bytes...
I0322 20:59:59.361949 21476 c_interface.cc:230] ArtmCopyRequestedMessage is copying 463 bytes...
I0322 20:59:59.373960 21476 c_interface.cc:230] ArtmCopyRequestedMessage is copying 463 bytes...
I0322 20:59:59.374963 21476 c_interface.cc:230] ArtmCopyRequestedMessage is copying 463 bytes...
I0322 20:59:59.374963 21476 c_interface.cc:230] ArtmCopyRequestedMessage is copying 463 bytes...
I0322 20:59:59.374963 21476 c_interface.cc:230] ArtmCopyRequestedMessage is copying 463 bytes...
I0322 21:00:13.194623 21476 c_interface.cc:230] ArtmCopyRequestedMessage is copying 463 bytes...
I0322 21:00:19.632671 21476 c_interface.cc:230] ArtmCopyRequestedMessage is copying 17702 bytes...
I0322 21:00:19.633672 21476 c_interface.cc:230] ArtmCopyRequestedMessage is copying 17702 bytes...
I0322 21:00:27.568643 21476 c_interface.cc:230] ArtmCopyRequestedMessage is copying 17702 bytes...
I0322 21:00:28.113585 21476 c_interface.cc:230] ArtmCopyRequestedMessage is copying 17702 bytes...
I0322 21:00:31.274933 21476 c_interface.cc:230] ArtmCopyRequestedMessage is copying 17702 bytes...
I0322 21:00:32.384765 21476 c_interface.cc:230] ArtmCopyRequestedMessage is copying 17702 bytes...
I0322 21:00:39.725937 21476 c_interface.cc:230] ArtmCopyRequestedMessage is copying 17702 bytes...
I0322 21:00:39.751940 21476 c_interface.cc:230] ArtmCopyRequestedMessage is copying 463 bytes...
I0322 21:00:39.763595 21476 c_interface.cc:230] ArtmCopyRequestedMessage is copying 463 bytes...
I0322 21:00:39.764597 21476 c_interface.cc:230] ArtmCopyRequestedMessage is copying 463 bytes...
I0322 21:00:39.764597 21476 c_interface.cc:230] ArtmCopyRequestedMessage is copying 463 bytes...
I0322 21:00:39.764597 21476 c_interface.cc:230] ArtmCopyRequestedMessage is copying 463 bytes...
I0322 21:00:39.764597 21476 c_interface.cc:230] ArtmCopyRequestedMessage is copying 463 bytes...
I0322 21:00:39.764597 21476 c_interface.cc:230] ArtmCopyRequestedMessage is copying 463 bytes...
I0322 21:00:39.764597 21476 c_interface.cc:230] ArtmCopyRequestedMessage is copying 463 bytes...
I0322 21:00:39.765597 21476 c_interface.cc:230] ArtmCopyRequestedMessage is copying 463 bytes...
I0322 21:00:39.765597 21476 c_interface.cc:230] ArtmCopyRequestedMessage is copying 463 bytes...
I0322 21:00:39.765597 21476 c_interface.cc:230] ArtmCopyRequestedMessage is copying 463 bytes...
I0322 21:00:39.765597 21476 c_interface.cc:230] ArtmCopyRequestedMessage is copying 463 bytes...
I0322 21:00:39.765597 21476 c_interface.cc:230] ArtmCopyRequestedMessage is copying 463 bytes...
I0322 21:00:39.765597 21476 c_interface.cc:230] ArtmCopyRequestedMessage is copying 463 bytes...
I0322 21:00:39.765597 21476 c_interface.cc:230] ArtmCopyRequestedMessage is copying 463 bytes...
I0322 21:00:39.779611 21476 c_interface.cc:230] ArtmCopyRequestedMessage is copying 463 bytes...
I0322 21:00:39.779611 21476 c_interface.cc:230] ArtmCopyRequestedMessage is copying 463 bytes...
I0322 21:00:39.779611 21476 c_interface.cc:230] ArtmCopyRequestedMessage is copying 463 bytes...
I0322 21:00:39.779611 21476 c_interface.cc:230] ArtmCopyRequestedMessage is copying 463 bytes...
I0322 21:00:39.779611 21476 c_interface.cc:230] ArtmCopyRequestedMessage is copying 463 bytes...
I0322 21:00:39.792623 21476 c_interface.cc:230] ArtmCopyRequestedMessage is copying 463 bytes...
I0322 21:00:39.792623 21476 c_interface.cc:230] ArtmCopyRequestedMessage is copying 463 bytes...
I0322 21:00:39.804633 21476 c_interface.cc:230] ArtmCopyRequestedMessage is copying 463 bytes...
I0322 21:00:39.804633 21476 c_interface.cc:230] ArtmCopyRequestedMessage is copying 463 bytes...
I0322 21:00:39.805634 21476 c_interface.cc:230] ArtmCopyRequestedMessage is copying 463 bytes...
I0322 21:00:39.805634 21476 c_interface.cc:230] ArtmCopyRequestedMessage is copying 463 bytes...
I0322 21:01:06.627642 21476 c_interface.cc:230] ArtmCopyRequestedMessage is copying 463 bytes...
I0322 21:02:55.480351 21476 c_interface.cc:230] ArtmCopyRequestedMessage is copying 17702 bytes...
I0322 21:03:14.697446 21476 c_interface.cc:230] ArtmCopyRequestedMessage is copying 17702 bytes...
I0322 21:03:14.721768 21476 c_interface.cc:230] ArtmCopyRequestedMessage is copying 463 bytes...
I0322 21:03:21.530962 21476 c_interface.cc:230] ArtmCopyRequestedMessage is copying 17702 bytes...
I0322 21:03:21.556566 21476 c_interface.cc:230] ArtmCopyRequestedMessage is copying 463 bytes...
I0322 21:03:21.567800 21476 c_interface.cc:230] ArtmCopyRequestedMessage is copying 17702 bytes...
I0322 21:03:34.717242 21476 c_interface.cc:230] ArtmCopyRequestedMessage is copying 463 bytes...
