Log file created at: 2021/06/23 01:55:34
Running on machine: DESKTOP-C8JSSOH
Log line format: [IWEF]mmdd hh:mm:ss.uuuuuu threadid file:line] msg
I0623 01:55:34.407078 12676 c_interface.cc:127] Logging enabled to .
I0623 01:55:34.407745 12676 c_interface.cc:271] Creating MasterModel (id=1)...
I0623 01:55:34.410413 12676 collection_parser.cc:557] CollectionParserConfig.num_threads is automatically set to 16
W0623 01:55:34.412413 18288 helpers.cc:221] File already exists: modelsOfBAORIG\aaaaaa.batch
I0623 01:55:34.415747 12676 c_interface.cc:372] Pass 4cbe03d9-dbec-497e-a725-4a63b8af4264 to void (__cdecl artm::core::MasterComponent::*)(class std::basic_string<char,struct std::char_traits<char>,class std::allocator<char> > const & __ptr64) __ptr64
I0623 01:55:34.415747 12676 c_interface.cc:386] Pass GatherDictionaryArgs: dictionary_target_name=4cbe03d9-dbec-497e-a725-4a63b8af4264, data_path=modelsOfBAORIG, symmetric_cooc_values=0 to void (__cdecl artm::core::MasterComponent::*)(class artm::GatherDictionaryArgs const & __ptr64) __ptr64
I0623 01:55:34.416415 12676 dictionary_operations.cc:249] Found 1 batches in 'modelsOfBAORIG' folder
I0623 01:55:34.423749 12676 dictionary_operations.cc:313] Find 248 unique tokens in 1 items
I0623 01:55:34.425750 12676 c_interface.cc:271] Creating MasterModel (id=2)...
I0623 01:55:34.425750 12676 c_interface.cc:372] Pass f72e031c-377d-41b1-8b46-4d5bba518f40 to void (__cdecl artm::core::MasterComponent::*)(class std::basic_string<char,struct std::char_traits<char>,class std::allocator<char> > const & __ptr64) __ptr64
I0623 01:55:34.425750 12676 c_interface.cc:386] Pass GatherDictionaryArgs: dictionary_target_name=f72e031c-377d-41b1-8b46-4d5bba518f40, data_path=modelsOfBAORIG, symmetric_cooc_values=0 to void (__cdecl artm::core::MasterComponent::*)(class artm::GatherDictionaryArgs const & __ptr64) __ptr64
I0623 01:55:34.426416 12676 dictionary_operations.cc:249] Found 1 batches in 'modelsOfBAORIG' folder
I0623 01:55:34.426416 12676 dictionary_operations.cc:313] Find 248 unique tokens in 1 items
I0623 01:55:34.435084 12676 instance.cc:401] MasterModelConfig.processors_count is automatically set to 16
I0623 01:55:34.435084 10360 processor.cc:701] Processor thread started
I0623 01:55:34.435084 12584 processor.cc:701] Processor thread started
I0623 01:55:34.435084 21156 processor.cc:701] Processor thread started
I0623 01:55:34.435084 17552 processor.cc:701] Processor thread started
I0623 01:55:34.435752  9388 processor.cc:701] Processor thread started
I0623 01:55:34.435752 12676 c_interface.cc:271] Creating MasterModel (id=3)...
I0623 01:55:34.435752 19612 processor.cc:701] Processor thread started
I0623 01:55:34.435752  1000 processor.cc:701] Processor thread started
I0623 01:55:34.435752 19188 processor.cc:701] Processor thread started
I0623 01:55:34.435752  7108 processor.cc:701] Processor thread started
I0623 01:55:34.435752 11840 processor.cc:701] Processor thread started
I0623 01:55:34.435752  4000 processor.cc:701] Processor thread started
I0623 01:55:34.435752 12676 c_interface.cc:386] Pass MasterModelConfig: topic_name_size=1, score_config_size=2, num_processors=0, pwt_name=pwt, nwt_name=nwt, num_document_passes=10, reuse_theta=no, cache_theta=no, opt_for_avx=yes, disk_cache_path to void (__cdecl artm::core::MasterComponent::*)(class artm::MasterModelConfig const & __ptr64) __ptr64
I0623 01:55:34.435752 12676 instance.cc:401] MasterModelConfig.processors_count is automatically set to 16
I0623 01:55:34.435752  9540 processor.cc:701] Processor thread started
I0623 01:55:34.435752 11676 processor.cc:701] Processor thread started
I0623 01:55:34.435752 19888 processor.cc:701] Processor thread started
I0623 01:55:34.436419 12676 c_interface.cc:372] Pass pwt to void (__cdecl artm::core::MasterComponent::*)(class std::basic_string<char,struct std::char_traits<char>,class std::allocator<char> > const & __ptr64) __ptr64
I0623 01:55:34.436419 11416 processor.cc:701] Processor thread started
I0623 01:55:34.436419 12676 c_interface.cc:372] Pass nwt to void (__cdecl artm::core::MasterComponent::*)(class std::basic_string<char,struct std::char_traits<char>,class std::allocator<char> > const & __ptr64) __ptr64
I0623 01:55:34.436419  4444 processor.cc:701] Processor thread started
I0623 01:55:34.436419 12676 c_interface.cc:386] Pass InitializeModelArgs: model_name=pwt, dictionary_name=f72e031c-377d-41b1-8b46-4d5bba518f40, topic_name_size=1 to void (__cdecl artm::core::MasterComponent::*)(class artm::InitializeModelArgs const & __ptr64) __ptr64
I0623 01:55:34.437752 12676 master_component.cc:620] InitializeModel() created matrix pwt with 1 topics and 248 tokens; 
I0623 01:55:34.437752 12676 c_interface.cc:386] Pass InitializeModelArgs: model_name=nwt, dictionary_name=f72e031c-377d-41b1-8b46-4d5bba518f40, topic_name_size=1 to void (__cdecl artm::core::MasterComponent::*)(class artm::InitializeModelArgs const & __ptr64) __ptr64
I0623 01:55:34.439085 12676 master_component.cc:620] InitializeModel() created matrix nwt with 1 topics and 248 tokens; 
I0623 01:55:34.439754 12676 phi_matrix_operations.cc:84] RetrieveExternalTopicModel() with 1 topics, 248 tokens
I0623 01:55:34.439754 12676 c_interface.cc:230] ArtmCopyRequestedMessage is copying 9343 bytes...
I0623 01:55:34.443754 19920 c_interface.cc:386] Pass FitOfflineMasterModelArgs, batch_filename_size=1, batch_weight_size=1, num_collection_passes=1 to void (__cdecl artm::core::MasterComponent::*)(class artm::FitOfflineMasterModelArgs const & __ptr64) __ptr64
I0623 01:55:34.443754 19920 master_component.cc:1340] ProcessBatchesArgs: nwt_target_name=nwt, batch_filename_size=1, batch_size=0, batch_weight_size=1, pwt_source_name=pwt, num_document_passes=10, reuse_theta=no, opt_for_avx=yes, predict_class_id=
I0623 01:55:34.444420 19920 master_component.cc:772] Batches count (=1) is smaller than num processors (=16), which may cause suboptimal performance.
I0623 01:55:34.445087 19188 processor.cc:802] Processor: start processing batch 18538f77-49c1-40f8-9de6-6b8d8185ac3c into model nwt
I0623 01:55:34.445755 19188 processor.cc:898] Processor: complete processing batch 18538f77-49c1-40f8-9de6-6b8d8185ac3c into model nwt
I0623 01:55:34.445755 19188 cuckoo_watch.h:45] 0ms in ProcessBatch(modelsOfBAORIG\aaaaaa.batch) [including 0ms in LoadMessage; 0ms in InitializeSparseNdw; 0ms in InferThetaAndUpdateNwtSparse; 0ms in CalculateScore(^^^ItemsProcessedScore^^^); ]
I0623 01:55:34.447088 19920 master_component.cc:1391] NormalizeModelArgs: pwt_target_name=pwt, nwt_source_name=nwt, rwt_source_name=
I0623 01:55:34.447088 19920 master_component.cc:952] MasterComponent: start normalizing model nwt
I0623 01:55:34.447088 19920 master_component.cc:980] MasterComponent: complete normalizing model nwt
I0623 01:55:34.447754 19920 master_component.cc:1415] DisposeModel rwt
I0623 01:55:34.447754 19920 master_component.cc:1005] FitOffline: ItemsProcessed, num_items=1, num_batches=1, token_weight=1156, token_weight_in_effect=1156
I0623 01:55:34.448422 12676 c_interface.cc:559] Pass GetScoreValueArgs, score_name=^^^ItemsProcessedScore^^^ to MasterComponent::Request
I0623 01:55:34.448422 12676 c_interface.cc:230] ArtmCopyRequestedMessage is copying 45 bytes...
I0623 01:55:34.449755 19920 c_interface.cc:386] Pass FitOfflineMasterModelArgs, batch_filename_size=1, batch_weight_size=1, num_collection_passes=1 to void (__cdecl artm::core::MasterComponent::*)(class artm::FitOfflineMasterModelArgs const & __ptr64) __ptr64
I0623 01:55:34.449755 19920 master_component.cc:1340] ProcessBatchesArgs: nwt_target_name=nwt, batch_filename_size=1, batch_size=0, batch_weight_size=1, pwt_source_name=pwt, num_document_passes=10, reuse_theta=no, opt_for_avx=yes, predict_class_id=
I0623 01:55:34.451088 17552 processor.cc:802] Processor: start processing batch 18538f77-49c1-40f8-9de6-6b8d8185ac3c into model nwt
I0623 01:55:34.451088 17552 processor.cc:898] Processor: complete processing batch 18538f77-49c1-40f8-9de6-6b8d8185ac3c into model nwt
I0623 01:55:34.451756 17552 cuckoo_watch.h:45] 0ms in ProcessBatch(modelsOfBAORIG\aaaaaa.batch) [including 0ms in LoadMessage; 0ms in InitializeSparseNdw; 0ms in InferThetaAndUpdateNwtSparse; 0ms in CalculateScore(^^^ItemsProcessedScore^^^); ]
I0623 01:55:34.451756 19920 master_component.cc:1391] NormalizeModelArgs: pwt_target_name=pwt, nwt_source_name=nwt, rwt_source_name=
I0623 01:55:34.451756 19920 master_component.cc:952] MasterComponent: start normalizing model nwt
I0623 01:55:34.452422 19920 master_component.cc:980] MasterComponent: complete normalizing model nwt
I0623 01:55:34.452422 19920 master_component.cc:1415] DisposeModel rwt
I0623 01:55:34.452422 19920 master_component.cc:1005] FitOffline: ItemsProcessed, num_items=1, num_batches=1, token_weight=1156, token_weight_in_effect=1156
I0623 01:55:34.452422 12676 c_interface.cc:559] Pass GetScoreValueArgs, score_name=^^^ItemsProcessedScore^^^ to MasterComponent::Request
I0623 01:55:34.452422 12676 c_interface.cc:230] ArtmCopyRequestedMessage is copying 45 bytes...
I0623 01:55:34.453756 19920 c_interface.cc:386] Pass FitOfflineMasterModelArgs, batch_filename_size=1, batch_weight_size=1, num_collection_passes=1 to void (__cdecl artm::core::MasterComponent::*)(class artm::FitOfflineMasterModelArgs const & __ptr64) __ptr64
I0623 01:55:34.453756 19920 master_component.cc:1340] ProcessBatchesArgs: nwt_target_name=nwt, batch_filename_size=1, batch_size=0, batch_weight_size=1, pwt_source_name=pwt, num_document_passes=10, reuse_theta=no, opt_for_avx=yes, predict_class_id=
I0623 01:55:34.455090  4444 processor.cc:802] Processor: start processing batch 18538f77-49c1-40f8-9de6-6b8d8185ac3c into model nwt
I0623 01:55:34.455090  4444 processor.cc:898] Processor: complete processing batch 18538f77-49c1-40f8-9de6-6b8d8185ac3c into model nwt
I0623 01:55:34.455090  4444 cuckoo_watch.h:45] 0ms in ProcessBatch(modelsOfBAORIG\aaaaaa.batch) [including 0ms in LoadMessage; 0ms in InitializeSparseNdw; 0ms in InferThetaAndUpdateNwtSparse; 0ms in CalculateScore(^^^ItemsProcessedScore^^^); ]
I0623 01:55:34.455756 19920 master_component.cc:1391] NormalizeModelArgs: pwt_target_name=pwt, nwt_source_name=nwt, rwt_source_name=
I0623 01:55:34.455756 19920 master_component.cc:952] MasterComponent: start normalizing model nwt
I0623 01:55:34.455756 19920 master_component.cc:980] MasterComponent: complete normalizing model nwt
I0623 01:55:34.456423 19920 master_component.cc:1415] DisposeModel rwt
I0623 01:55:34.456423 19920 master_component.cc:1005] FitOffline: ItemsProcessed, num_items=1, num_batches=1, token_weight=1156, token_weight_in_effect=1156
I0623 01:55:34.456423 12676 c_interface.cc:559] Pass GetScoreValueArgs, score_name=^^^ItemsProcessedScore^^^ to MasterComponent::Request
I0623 01:55:34.456423 12676 c_interface.cc:230] ArtmCopyRequestedMessage is copying 45 bytes...
I0623 01:55:34.457090 19920 c_interface.cc:386] Pass FitOfflineMasterModelArgs, batch_filename_size=1, batch_weight_size=1, num_collection_passes=1 to void (__cdecl artm::core::MasterComponent::*)(class artm::FitOfflineMasterModelArgs const & __ptr64) __ptr64
I0623 01:55:34.457090 19920 master_component.cc:1340] ProcessBatchesArgs: nwt_target_name=nwt, batch_filename_size=1, batch_size=0, batch_weight_size=1, pwt_source_name=pwt, num_document_passes=10, reuse_theta=no, opt_for_avx=yes, predict_class_id=
I0623 01:55:34.458425  9388 processor.cc:802] Processor: start processing batch 18538f77-49c1-40f8-9de6-6b8d8185ac3c into model nwt
I0623 01:55:34.458425  9388 processor.cc:898] Processor: complete processing batch 18538f77-49c1-40f8-9de6-6b8d8185ac3c into model nwt
I0623 01:55:34.458425  9388 cuckoo_watch.h:45] 0ms in ProcessBatch(modelsOfBAORIG\aaaaaa.batch) [including 0ms in LoadMessage; 0ms in InitializeSparseNdw; 0ms in InferThetaAndUpdateNwtSparse; 0ms in CalculateScore(^^^ItemsProcessedScore^^^); ]
I0623 01:55:34.459091 19920 master_component.cc:1391] NormalizeModelArgs: pwt_target_name=pwt, nwt_source_name=nwt, rwt_source_name=
I0623 01:55:34.459091 19920 master_component.cc:952] MasterComponent: start normalizing model nwt
I0623 01:55:34.459091 19920 master_component.cc:980] MasterComponent: complete normalizing model nwt
I0623 01:55:34.459758 19920 master_component.cc:1415] DisposeModel rwt
I0623 01:55:34.459758 19920 master_component.cc:1005] FitOffline: ItemsProcessed, num_items=1, num_batches=1, token_weight=1156, token_weight_in_effect=1156
I0623 01:55:34.459758 12676 c_interface.cc:559] Pass GetScoreValueArgs, score_name=^^^ItemsProcessedScore^^^ to MasterComponent::Request
I0623 01:55:34.459758 12676 c_interface.cc:230] ArtmCopyRequestedMessage is copying 45 bytes...
I0623 01:55:34.460424 12584 processor.cc:717] No data in processing queue, waiting...
I0623 01:55:34.460424 21156 processor.cc:717] No data in processing queue, waiting...
I0623 01:55:34.460424 10360 processor.cc:717] No data in processing queue, waiting...
I0623 01:55:34.460424 19920 c_interface.cc:386] Pass FitOfflineMasterModelArgs, batch_filename_size=1, batch_weight_size=1, num_collection_passes=1 to void (__cdecl artm::core::MasterComponent::*)(class artm::FitOfflineMasterModelArgs const & __ptr64) __ptr64
I0623 01:55:34.460424 19920 master_component.cc:1340] ProcessBatchesArgs: nwt_target_name=nwt, batch_filename_size=1, batch_size=0, batch_weight_size=1, pwt_source_name=pwt, num_document_passes=10, reuse_theta=no, opt_for_avx=yes, predict_class_id=
I0623 01:55:34.461091  4000 processor.cc:717] No data in processing queue, waiting...
I0623 01:55:34.461091 19888 processor.cc:717] No data in processing queue, waiting...
I0623 01:55:34.461091  7108 processor.cc:717] No data in processing queue, waiting...
I0623 01:55:34.461091 11840 processor.cc:717] No data in processing queue, waiting...
I0623 01:55:34.461091  9540 processor.cc:717] No data in processing queue, waiting...
I0623 01:55:34.461091 11676 processor.cc:717] No data in processing queue, waiting...
I0623 01:55:34.461091  1000 processor.cc:717] No data in processing queue, waiting...
I0623 01:55:34.461091 19612 processor.cc:717] No data in processing queue, waiting...
I0623 01:55:34.461758 11416 processor.cc:717] No data in processing queue, waiting...
I0623 01:55:34.462425 17552 processor.cc:802] Processor: start processing batch 18538f77-49c1-40f8-9de6-6b8d8185ac3c into model nwt
I0623 01:55:34.462425 17552 processor.cc:898] Processor: complete processing batch 18538f77-49c1-40f8-9de6-6b8d8185ac3c into model nwt
I0623 01:55:34.462425 17552 cuckoo_watch.h:45] 0ms in ProcessBatch(modelsOfBAORIG\aaaaaa.batch) [including 0ms in LoadMessage; 0ms in InitializeSparseNdw; 0ms in InferThetaAndUpdateNwtSparse; 0ms in CalculateScore(^^^ItemsProcessedScore^^^); ]
I0623 01:55:34.463091 19920 master_component.cc:1391] NormalizeModelArgs: pwt_target_name=pwt, nwt_source_name=nwt, rwt_source_name=
I0623 01:55:34.463091 19920 master_component.cc:952] MasterComponent: start normalizing model nwt
I0623 01:55:34.463091 19920 master_component.cc:980] MasterComponent: complete normalizing model nwt
I0623 01:55:34.463758 19920 master_component.cc:1415] DisposeModel rwt
I0623 01:55:34.463758 19920 master_component.cc:1005] FitOffline: ItemsProcessed, num_items=1, num_batches=1, token_weight=1156, token_weight_in_effect=1156
I0623 01:55:34.463758 12676 c_interface.cc:559] Pass GetScoreValueArgs, score_name=^^^ItemsProcessedScore^^^ to MasterComponent::Request
I0623 01:55:34.463758 12676 c_interface.cc:230] ArtmCopyRequestedMessage is copying 45 bytes...
I0623 01:55:34.464426 19920 c_interface.cc:386] Pass FitOfflineMasterModelArgs, batch_filename_size=1, batch_weight_size=1, num_collection_passes=1 to void (__cdecl artm::core::MasterComponent::*)(class artm::FitOfflineMasterModelArgs const & __ptr64) __ptr64
I0623 01:55:34.465092 19920 master_component.cc:1340] ProcessBatchesArgs: nwt_target_name=nwt, batch_filename_size=1, batch_size=0, batch_weight_size=1, pwt_source_name=pwt, num_document_passes=10, reuse_theta=no, opt_for_avx=yes, predict_class_id=
I0623 01:55:34.465759 12584 processor.cc:724] Processing queue has data, processing started
I0623 01:55:34.466425 12584 processor.cc:802] Processor: start processing batch 18538f77-49c1-40f8-9de6-6b8d8185ac3c into model nwt
I0623 01:55:34.466425 12584 processor.cc:898] Processor: complete processing batch 18538f77-49c1-40f8-9de6-6b8d8185ac3c into model nwt
I0623 01:55:34.466425 12584 cuckoo_watch.h:45] 0ms in ProcessBatch(modelsOfBAORIG\aaaaaa.batch) [including 0ms in LoadMessage; 0ms in InitializeSparseNdw; 0ms in InferThetaAndUpdateNwtSparse; 0ms in CalculateScore(^^^ItemsProcessedScore^^^); ]
I0623 01:55:34.467092 19920 master_component.cc:1391] NormalizeModelArgs: pwt_target_name=pwt, nwt_source_name=nwt, rwt_source_name=
I0623 01:55:34.467092 19920 master_component.cc:952] MasterComponent: start normalizing model nwt
I0623 01:55:34.467092 19920 master_component.cc:980] MasterComponent: complete normalizing model nwt
I0623 01:55:34.467759 19920 master_component.cc:1415] DisposeModel rwt
I0623 01:55:34.467759 19920 master_component.cc:1005] FitOffline: ItemsProcessed, num_items=1, num_batches=1, token_weight=1156, token_weight_in_effect=1156
I0623 01:55:34.467759 12676 c_interface.cc:559] Pass GetScoreValueArgs, score_name=^^^ItemsProcessedScore^^^ to MasterComponent::Request
I0623 01:55:34.467759 12676 c_interface.cc:230] ArtmCopyRequestedMessage is copying 45 bytes...
I0623 01:55:34.469094 19920 c_interface.cc:386] Pass FitOfflineMasterModelArgs, batch_filename_size=1, batch_weight_size=1, num_collection_passes=1 to void (__cdecl artm::core::MasterComponent::*)(class artm::FitOfflineMasterModelArgs const & __ptr64) __ptr64
I0623 01:55:34.469094 19920 master_component.cc:1340] ProcessBatchesArgs: nwt_target_name=nwt, batch_filename_size=1, batch_size=0, batch_weight_size=1, pwt_source_name=pwt, num_document_passes=10, reuse_theta=no, opt_for_avx=yes, predict_class_id=
I0623 01:55:34.470427 11676 processor.cc:724] Processing queue has data, processing started
I0623 01:55:34.470427 11676 processor.cc:802] Processor: start processing batch 18538f77-49c1-40f8-9de6-6b8d8185ac3c into model nwt
I0623 01:55:34.470427 11676 processor.cc:898] Processor: complete processing batch 18538f77-49c1-40f8-9de6-6b8d8185ac3c into model nwt
I0623 01:55:34.470427 11676 cuckoo_watch.h:45] 0ms in ProcessBatch(modelsOfBAORIG\aaaaaa.batch) [including 0ms in LoadMessage; 0ms in InitializeSparseNdw; 0ms in InferThetaAndUpdateNwtSparse; 0ms in CalculateScore(^^^ItemsProcessedScore^^^); ]
I0623 01:55:34.471093 19188 processor.cc:717] No data in processing queue, waiting...
I0623 01:55:34.471093 19920 master_component.cc:1391] NormalizeModelArgs: pwt_target_name=pwt, nwt_source_name=nwt, rwt_source_name=
I0623 01:55:34.471093 19920 master_component.cc:952] MasterComponent: start normalizing model nwt
I0623 01:55:34.471093 19920 master_component.cc:980] MasterComponent: complete normalizing model nwt
I0623 01:55:34.471760 19920 master_component.cc:1415] DisposeModel rwt
I0623 01:55:34.471760 19920 master_component.cc:1005] FitOffline: ItemsProcessed, num_items=1, num_batches=1, token_weight=1156, token_weight_in_effect=1156
I0623 01:55:34.471760 12676 c_interface.cc:559] Pass GetScoreValueArgs, score_name=^^^ItemsProcessedScore^^^ to MasterComponent::Request
I0623 01:55:34.471760 12676 c_interface.cc:230] ArtmCopyRequestedMessage is copying 45 bytes...
I0623 01:55:34.472427 19920 c_interface.cc:386] Pass FitOfflineMasterModelArgs, batch_filename_size=1, batch_weight_size=1, num_collection_passes=1 to void (__cdecl artm::core::MasterComponent::*)(class artm::FitOfflineMasterModelArgs const & __ptr64) __ptr64
I0623 01:55:34.472427 19920 master_component.cc:1340] ProcessBatchesArgs: nwt_target_name=nwt, batch_filename_size=1, batch_size=0, batch_weight_size=1, pwt_source_name=pwt, num_document_passes=10, reuse_theta=no, opt_for_avx=yes, predict_class_id=
I0623 01:55:34.473760 11676 processor.cc:802] Processor: start processing batch 18538f77-49c1-40f8-9de6-6b8d8185ac3c into model nwt
I0623 01:55:34.473760 11676 processor.cc:898] Processor: complete processing batch 18538f77-49c1-40f8-9de6-6b8d8185ac3c into model nwt
I0623 01:55:34.473760 11676 cuckoo_watch.h:45] 0ms in ProcessBatch(modelsOfBAORIG\aaaaaa.batch) [including 0ms in LoadMessage; 0ms in InitializeSparseNdw; 0ms in InferThetaAndUpdateNwtSparse; 0ms in CalculateScore(^^^ItemsProcessedScore^^^); ]
I0623 01:55:34.474427 19920 master_component.cc:1391] NormalizeModelArgs: pwt_target_name=pwt, nwt_source_name=nwt, rwt_source_name=
I0623 01:55:34.474427 19920 master_component.cc:952] MasterComponent: start normalizing model nwt
I0623 01:55:34.474427 19920 master_component.cc:980] MasterComponent: complete normalizing model nwt
I0623 01:55:34.475095 19920 master_component.cc:1415] DisposeModel rwt
I0623 01:55:34.475095 19920 master_component.cc:1005] FitOffline: ItemsProcessed, num_items=1, num_batches=1, token_weight=1156, token_weight_in_effect=1156
I0623 01:55:34.475095 12676 c_interface.cc:559] Pass GetScoreValueArgs, score_name=^^^ItemsProcessedScore^^^ to MasterComponent::Request
I0623 01:55:34.475095 12676 c_interface.cc:230] ArtmCopyRequestedMessage is copying 45 bytes...
I0623 01:55:34.475761 19920 c_interface.cc:386] Pass FitOfflineMasterModelArgs, batch_filename_size=1, batch_weight_size=1, num_collection_passes=1 to void (__cdecl artm::core::MasterComponent::*)(class artm::FitOfflineMasterModelArgs const & __ptr64) __ptr64
I0623 01:55:34.475761 19920 master_component.cc:1340] ProcessBatchesArgs: nwt_target_name=nwt, batch_filename_size=1, batch_size=0, batch_weight_size=1, pwt_source_name=pwt, num_document_passes=10, reuse_theta=no, opt_for_avx=yes, predict_class_id=
I0623 01:55:34.477095  7108 processor.cc:724] Processing queue has data, processing started
I0623 01:55:34.477095  7108 processor.cc:802] Processor: start processing batch 18538f77-49c1-40f8-9de6-6b8d8185ac3c into model nwt
I0623 01:55:34.477095  7108 processor.cc:898] Processor: complete processing batch 18538f77-49c1-40f8-9de6-6b8d8185ac3c into model nwt
I0623 01:55:34.477095  7108 cuckoo_watch.h:45] 0ms in ProcessBatch(modelsOfBAORIG\aaaaaa.batch) [including 0ms in LoadMessage; 0ms in InitializeSparseNdw; 0ms in InferThetaAndUpdateNwtSparse; 0ms in CalculateScore(^^^ItemsProcessedScore^^^); ]
I0623 01:55:34.477761 19920 master_component.cc:1391] NormalizeModelArgs: pwt_target_name=pwt, nwt_source_name=nwt, rwt_source_name=
I0623 01:55:34.477761 19920 master_component.cc:952] MasterComponent: start normalizing model nwt
I0623 01:55:34.477761 19920 master_component.cc:980] MasterComponent: complete normalizing model nwt
I0623 01:55:34.478430 19920 master_component.cc:1415] DisposeModel rwt
I0623 01:55:34.478430 19920 master_component.cc:1005] FitOffline: ItemsProcessed, num_items=1, num_batches=1, token_weight=1156, token_weight_in_effect=1156
I0623 01:55:34.478430 12676 c_interface.cc:559] Pass GetScoreValueArgs, score_name=^^^ItemsProcessedScore^^^ to MasterComponent::Request
I0623 01:55:34.478430 12676 c_interface.cc:230] ArtmCopyRequestedMessage is copying 45 bytes...
I0623 01:55:34.479095 19920 c_interface.cc:386] Pass FitOfflineMasterModelArgs, batch_filename_size=1, batch_weight_size=1, num_collection_passes=1 to void (__cdecl artm::core::MasterComponent::*)(class artm::FitOfflineMasterModelArgs const & __ptr64) __ptr64
I0623 01:55:34.479095 19920 master_component.cc:1340] ProcessBatchesArgs: nwt_target_name=nwt, batch_filename_size=1, batch_size=0, batch_weight_size=1, pwt_source_name=pwt, num_document_passes=10, reuse_theta=no, opt_for_avx=yes, predict_class_id=
I0623 01:55:34.480429  4444 processor.cc:717] No data in processing queue, waiting...
I0623 01:55:34.480429 11676 processor.cc:802] Processor: start processing batch 18538f77-49c1-40f8-9de6-6b8d8185ac3c into model nwt
I0623 01:55:34.480429 11676 processor.cc:898] Processor: complete processing batch 18538f77-49c1-40f8-9de6-6b8d8185ac3c into model nwt
I0623 01:55:34.480429 11676 cuckoo_watch.h:45] 0ms in ProcessBatch(modelsOfBAORIG\aaaaaa.batch) [including 0ms in LoadMessage; 0ms in InitializeSparseNdw; 0ms in InferThetaAndUpdateNwtSparse; 0ms in CalculateScore(^^^ItemsProcessedScore^^^); ]
I0623 01:55:34.481096 19920 master_component.cc:1391] NormalizeModelArgs: pwt_target_name=pwt, nwt_source_name=nwt, rwt_source_name=
I0623 01:55:34.481096 19920 master_component.cc:952] MasterComponent: start normalizing model nwt
I0623 01:55:34.481096 19920 master_component.cc:980] MasterComponent: complete normalizing model nwt
I0623 01:55:34.481763 19920 master_component.cc:1415] DisposeModel rwt
I0623 01:55:34.481763 19920 master_component.cc:1005] FitOffline: ItemsProcessed, num_items=1, num_batches=1, token_weight=1156, token_weight_in_effect=1156
I0623 01:55:34.481763 12676 c_interface.cc:559] Pass GetScoreValueArgs, score_name=^^^ItemsProcessedScore^^^ to MasterComponent::Request
I0623 01:55:34.481763 12676 c_interface.cc:230] ArtmCopyRequestedMessage is copying 45 bytes...
I0623 01:55:34.483763  9388 processor.cc:717] No data in processing queue, waiting...
I0623 01:55:34.487763 17552 processor.cc:717] No data in processing queue, waiting...
I0623 01:55:34.491765 12584 processor.cc:717] No data in processing queue, waiting...
I0623 01:55:34.502435  7108 processor.cc:717] No data in processing queue, waiting...
I0623 01:55:34.505769 11676 processor.cc:717] No data in processing queue, waiting...
I0623 01:55:34.648582 12676 c_interface.cc:230] ArtmCopyRequestedMessage is copying 3280 bytes...
I0623 01:55:39.454762 12676 c_interface.cc:230] ArtmCopyRequestedMessage is copying 3280 bytes...
I0623 01:55:50.226137 12676 c_interface.cc:230] ArtmCopyRequestedMessage is copying 3280 bytes...
I0623 01:55:51.322448 12676 c_interface.cc:230] ArtmCopyRequestedMessage is copying 3280 bytes...
I0623 01:55:51.785778 12676 c_interface.cc:271] Creating MasterModel (id=4)...
I0623 01:55:51.786445 12676 collection_parser.cc:557] CollectionParserConfig.num_threads is automatically set to 16
W0623 01:55:51.788446 18288 helpers.cc:221] File already exists: modelsOfBA\aaaaaa.batch
I0623 01:55:51.790446 12676 c_interface.cc:372] Pass 6107f8da-d832-4cfa-aff7-36ada6360d5c to void (__cdecl artm::core::MasterComponent::*)(class std::basic_string<char,struct std::char_traits<char>,class std::allocator<char> > const & __ptr64) __ptr64
I0623 01:55:51.790446 12676 c_interface.cc:386] Pass GatherDictionaryArgs: dictionary_target_name=6107f8da-d832-4cfa-aff7-36ada6360d5c, data_path=modelsOfBA, symmetric_cooc_values=0 to void (__cdecl artm::core::MasterComponent::*)(class artm::GatherDictionaryArgs const & __ptr64) __ptr64
I0623 01:55:51.791113 12676 dictionary_operations.cc:249] Found 15 batches in 'modelsOfBA' folder
I0623 01:55:51.804450 12676 dictionary_operations.cc:313] Find 2506 unique tokens in 15 items
I0623 01:55:51.939249 12676 c_interface.cc:230] ArtmCopyRequestedMessage is copying 3280 bytes...
I0623 01:56:03.881388 12676 c_interface.cc:271] Creating MasterModel (id=5)...
I0623 01:56:03.882055 12676 c_interface.cc:372] Pass 96173232-a237-4275-89ce-493452e2acda to void (__cdecl artm::core::MasterComponent::*)(class std::basic_string<char,struct std::char_traits<char>,class std::allocator<char> > const & __ptr64) __ptr64
I0623 01:56:03.882055 12676 c_interface.cc:386] Pass GatherDictionaryArgs: dictionary_target_name=96173232-a237-4275-89ce-493452e2acda, data_path=modelsOfBA, symmetric_cooc_values=0 to void (__cdecl artm::core::MasterComponent::*)(class artm::GatherDictionaryArgs const & __ptr64) __ptr64
I0623 01:56:03.882722 12676 dictionary_operations.cc:249] Found 15 batches in 'modelsOfBA' folder
I0623 01:56:03.886723 12676 dictionary_operations.cc:313] Find 2506 unique tokens in 15 items
I0623 01:56:04.031424 12676 c_interface.cc:230] ArtmCopyRequestedMessage is copying 3280 bytes...
I0623 01:56:04.934077 12676 c_interface.cc:230] ArtmCopyRequestedMessage is copying 3280 bytes...
I0623 01:56:05.427404 12676 c_interface.cc:230] ArtmCopyRequestedMessage is copying 3280 bytes...
I0623 01:56:05.809398 12676 c_interface.cc:230] ArtmCopyRequestedMessage is copying 3280 bytes...
I0623 01:56:06.336095 12676 instance.cc:401] MasterModelConfig.processors_count is automatically set to 16
I0623 01:56:06.336095 15460 processor.cc:701] Processor thread started
I0623 01:56:06.336095 21076 processor.cc:701] Processor thread started
I0623 01:56:06.336763 16524 processor.cc:701] Processor thread started
I0623 01:56:06.336763 16520 processor.cc:701] Processor thread started
I0623 01:56:06.336763 12676 c_interface.cc:271] Creating MasterModel (id=6)...
I0623 01:56:06.336763 15008 processor.cc:701] Processor thread started
I0623 01:56:06.336763 12936 processor.cc:701] Processor thread started
I0623 01:56:06.336763 15172 processor.cc:701] Processor thread started
I0623 01:56:06.336763 15736 processor.cc:701] Processor thread started
I0623 01:56:06.336763 12048 processor.cc:701] Processor thread started
I0623 01:56:06.336763  8652 processor.cc:701] Processor thread started
I0623 01:56:06.336763 12676 c_interface.cc:386] Pass MasterModelConfig: topic_name_size=1, score_config_size=2, num_processors=0, pwt_name=pwt, nwt_name=nwt, num_document_passes=10, reuse_theta=no, cache_theta=no, opt_for_avx=yes, disk_cache_path to void (__cdecl artm::core::MasterComponent::*)(class artm::MasterModelConfig const & __ptr64) __ptr64
I0623 01:56:06.336763 17100 processor.cc:701] Processor thread started
I0623 01:56:06.336763 12676 instance.cc:401] MasterModelConfig.processors_count is automatically set to 16
I0623 01:56:06.336763 13636 processor.cc:701] Processor thread started
I0623 01:56:06.336763 16276 processor.cc:701] Processor thread started
I0623 01:56:06.336763 12676 c_interface.cc:372] Pass pwt to void (__cdecl artm::core::MasterComponent::*)(class std::basic_string<char,struct std::char_traits<char>,class std::allocator<char> > const & __ptr64) __ptr64
I0623 01:56:06.337430  6700 processor.cc:701] Processor thread started
I0623 01:56:06.337430 15928 processor.cc:701] Processor thread started
I0623 01:56:06.337430 12676 c_interface.cc:372] Pass nwt to void (__cdecl artm::core::MasterComponent::*)(class std::basic_string<char,struct std::char_traits<char>,class std::allocator<char> > const & __ptr64) __ptr64
I0623 01:56:06.337430 17592 processor.cc:701] Processor thread started
I0623 01:56:06.337430 12676 c_interface.cc:386] Pass InitializeModelArgs: model_name=pwt, dictionary_name=96173232-a237-4275-89ce-493452e2acda, topic_name_size=1 to void (__cdecl artm::core::MasterComponent::*)(class artm::InitializeModelArgs const & __ptr64) __ptr64
I0623 01:56:06.350765 12676 master_component.cc:620] InitializeModel() created matrix pwt with 1 topics and 2506 tokens; 
I0623 01:56:06.350765 12676 c_interface.cc:386] Pass InitializeModelArgs: model_name=nwt, dictionary_name=96173232-a237-4275-89ce-493452e2acda, topic_name_size=1 to void (__cdecl artm::core::MasterComponent::*)(class artm::InitializeModelArgs const & __ptr64) __ptr64
I0623 01:56:06.362208 12048 processor.cc:717] No data in processing queue, waiting...
I0623 01:56:06.362208 17100 processor.cc:717] No data in processing queue, waiting...
I0623 01:56:06.362208 12936 processor.cc:717] No data in processing queue, waiting...
I0623 01:56:06.362208  8652 processor.cc:717] No data in processing queue, waiting...
I0623 01:56:06.362208 21076 processor.cc:717] No data in processing queue, waiting...
I0623 01:56:06.362208 16520 processor.cc:717] No data in processing queue, waiting...
I0623 01:56:06.362208 15736 processor.cc:717] No data in processing queue, waiting...
I0623 01:56:06.362208 16276 processor.cc:717] No data in processing queue, waiting...
I0623 01:56:06.362208 15172 processor.cc:717] No data in processing queue, waiting...
I0623 01:56:06.362208 15008 processor.cc:717] No data in processing queue, waiting...
I0623 01:56:06.362208 16524 processor.cc:717] No data in processing queue, waiting...
I0623 01:56:06.362208 13636 processor.cc:717] No data in processing queue, waiting...
I0623 01:56:06.362208 15460 processor.cc:717] No data in processing queue, waiting...
I0623 01:56:06.363543 17592 processor.cc:717] No data in processing queue, waiting...
I0623 01:56:06.363543  6700 processor.cc:717] No data in processing queue, waiting...
I0623 01:56:06.363543 15928 processor.cc:717] No data in processing queue, waiting...
I0623 01:56:06.364208 12676 master_component.cc:620] InitializeModel() created matrix nwt with 1 topics and 2506 tokens; 
I0623 01:56:06.364876 12676 phi_matrix_operations.cc:84] RetrieveExternalTopicModel() with 1 topics, 2506 tokens
I0623 01:56:06.366209 12676 c_interface.cc:230] ArtmCopyRequestedMessage is copying 88285 bytes...
I0623 01:56:06.499738 12676 c_interface.cc:230] ArtmCopyRequestedMessage is copying 3280 bytes...
I0623 01:56:09.097399 12676 c_interface.cc:230] ArtmCopyRequestedMessage is copying 511 bytes...
I0623 01:56:09.127405 12676 c_interface.cc:230] ArtmCopyRequestedMessage is copying 3280 bytes...
I0623 01:56:10.110752 12676 c_interface.cc:230] ArtmCopyRequestedMessage is copying 511 bytes...
I0623 01:56:10.110752 12676 phi_matrix_operations.cc:84] RetrieveExternalTopicModel() with 1 topics, 2506 tokens
I0623 01:56:10.112087 12676 c_interface.cc:230] ArtmCopyRequestedMessage is copying 88285 bytes...
I0623 01:56:10.114086 12676 phi_matrix_operations.cc:84] RetrieveExternalTopicModel() with 1 topics, 2506 tokens
I0623 01:56:10.115420 12676 c_interface.cc:230] ArtmCopyRequestedMessage is copying 78261 bytes...
I0623 01:56:10.116087 12676 c_interface.cc:235] ArtmCopyRequestedObject is copying 10024 bytes...
I0623 01:56:10.119421 12676 c_interface.cc:230] ArtmCopyRequestedMessage is copying 511 bytes...
I0623 01:56:10.119421 12676 c_interface.cc:230] ArtmCopyRequestedMessage is copying 511 bytes...
I0623 01:56:10.119421 12676 c_interface.cc:230] ArtmCopyRequestedMessage is copying 511 bytes...
I0623 01:56:10.119421 12676 c_interface.cc:230] ArtmCopyRequestedMessage is copying 511 bytes...
I0623 01:56:10.120088 12676 c_interface.cc:230] ArtmCopyRequestedMessage is copying 511 bytes...
I0623 01:56:10.120088 12676 c_interface.cc:230] ArtmCopyRequestedMessage is copying 511 bytes...
I0623 01:56:10.120088 12676 c_interface.cc:230] ArtmCopyRequestedMessage is copying 511 bytes...
I0623 01:56:10.120088 12676 c_interface.cc:230] ArtmCopyRequestedMessage is copying 511 bytes...
I0623 01:56:10.120088 12676 c_interface.cc:230] ArtmCopyRequestedMessage is copying 511 bytes...
I0623 01:56:10.120088 12676 c_interface.cc:230] ArtmCopyRequestedMessage is copying 511 bytes...
I0623 01:56:10.120755 12676 c_interface.cc:230] ArtmCopyRequestedMessage is copying 511 bytes...
I0623 01:56:10.120755 12676 c_interface.cc:230] ArtmCopyRequestedMessage is copying 511 bytes...
I0623 01:56:10.120755 12676 c_interface.cc:230] ArtmCopyRequestedMessage is copying 511 bytes...
I0623 01:56:10.133425 12676 c_interface.cc:230] ArtmCopyRequestedMessage is copying 511 bytes...
I0623 01:56:10.133425 12676 c_interface.cc:230] ArtmCopyRequestedMessage is copying 511 bytes...
I0623 01:56:10.134092 12676 c_interface.cc:230] ArtmCopyRequestedMessage is copying 511 bytes...
I0623 01:56:10.134092 12676 c_interface.cc:230] ArtmCopyRequestedMessage is copying 511 bytes...
I0623 01:56:10.134092 12676 c_interface.cc:230] ArtmCopyRequestedMessage is copying 511 bytes...
I0623 01:56:10.134759 12676 c_interface.cc:230] ArtmCopyRequestedMessage is copying 511 bytes...
I0623 01:56:10.134759 12676 c_interface.cc:230] ArtmCopyRequestedMessage is copying 511 bytes...
I0623 01:56:10.140094 12676 c_interface.cc:230] ArtmCopyRequestedMessage is copying 511 bytes...
I0623 01:56:10.140760 12676 c_interface.cc:230] ArtmCopyRequestedMessage is copying 511 bytes...
I0623 01:56:10.140760 12676 c_interface.cc:230] ArtmCopyRequestedMessage is copying 511 bytes...
I0623 01:56:10.140760 12676 c_interface.cc:230] ArtmCopyRequestedMessage is copying 511 bytes...
I0623 01:56:20.007757 12676 c_interface.cc:230] ArtmCopyRequestedMessage is copying 511 bytes...
I0623 01:56:30.605103 12676 c_interface.cc:230] ArtmCopyRequestedMessage is copying 3280 bytes...
I0623 01:56:34.722402 19212 c_interface.cc:386] Pass FitOfflineMasterModelArgs, batch_filename_size=15, batch_weight_size=15, num_collection_passes=1 to void (__cdecl artm::core::MasterComponent::*)(class artm::FitOfflineMasterModelArgs const & __ptr64) __ptr64
I0623 01:56:34.722402 19212 master_component.cc:1340] ProcessBatchesArgs: nwt_target_name=nwt, batch_filename_size=15, batch_size=0, batch_weight_size=15, pwt_source_name=pwt, num_document_passes=10, reuse_theta=no, opt_for_avx=yes, predict_class_id=
I0623 01:56:34.727738 16524 processor.cc:724] Processing queue has data, processing started
I0623 01:56:34.727738 16276 processor.cc:724] Processing queue has data, processing started
I0623 01:56:34.727738 17100 processor.cc:724] Processing queue has data, processing started
I0623 01:56:34.727738 17100 processor.cc:802] Processor: start processing batch 767ed1e0-8004-40de-8587-72dc5f5cb4c3 into model nwt
I0623 01:56:34.727738 16276 processor.cc:802] Processor: start processing batch 9eacf609-9863-4d19-a87a-976373f9c6ab into model nwt
I0623 01:56:34.727738 17100 processor.cc:898] Processor: complete processing batch 767ed1e0-8004-40de-8587-72dc5f5cb4c3 into model nwt
I0623 01:56:34.727738 17100 cuckoo_watch.h:45] 0ms in ProcessBatch(modelsOfBA\aaaaaa.batch) [including 0ms in LoadMessage; 0ms in InitializeSparseNdw; 0ms in InferThetaAndUpdateNwtSparse; 0ms in CalculateScore(^^^ItemsProcessedScore^^^); ]
I0623 01:56:34.727738 16524 processor.cc:802] Processor: start processing batch 4fae714e-72a2-49d1-abbd-0a8aa06059b8 into model nwt
I0623 01:56:34.728405 16276 processor.cc:898] Processor: complete processing batch 9eacf609-9863-4d19-a87a-976373f9c6ab into model nwt
I0623 01:56:34.728405 16276 cuckoo_watch.h:45] 0ms in ProcessBatch(modelsOfBA\aaaaab.batch) [including 0ms in LoadMessage; 0ms in InitializeSparseNdw; 0ms in InferThetaAndUpdateNwtSparse; 0ms in CalculateScore(^^^ItemsProcessedScore^^^); ]
I0623 01:56:34.728405 17100 processor.cc:802] Processor: start processing batch 8b69008b-3a50-4688-914d-c3529566f023 into model nwt
I0623 01:56:34.728405 16276 processor.cc:802] Processor: start processing batch 84b2bbb3-f03d-45e4-a233-09b2710e09da into model nwt
I0623 01:56:34.728405 17100 processor.cc:898] Processor: complete processing batch 8b69008b-3a50-4688-914d-c3529566f023 into model nwt
I0623 01:56:34.728405 17100 cuckoo_watch.h:45] 0ms in ProcessBatch(modelsOfBA\aaaaad.batch) [including 0ms in LoadMessage; 0ms in InitializeSparseNdw; 0ms in InferThetaAndUpdateNwtSparse; 0ms in CalculateScore(^^^ItemsProcessedScore^^^); ]
I0623 01:56:34.729070 17100 processor.cc:802] Processor: start processing batch 8bfb2576-c9e6-41ee-8c10-bd888b951365 into model nwt
I0623 01:56:34.729070 16276 processor.cc:898] Processor: complete processing batch 84b2bbb3-f03d-45e4-a233-09b2710e09da into model nwt
I0623 01:56:34.729070 16276 cuckoo_watch.h:45] 0ms in ProcessBatch(modelsOfBA\aaaaae.batch) [including 0ms in LoadMessage; 0ms in InitializeSparseNdw; 0ms in InferThetaAndUpdateNwtSparse; 0ms in CalculateScore(^^^ItemsProcessedScore^^^); ]
I0623 01:56:34.729070 16276 processor.cc:802] Processor: start processing batch e210276c-0a83-4eff-a751-e7d204a3e32c into model nwt
I0623 01:56:34.729738 16276 processor.cc:898] Processor: complete processing batch e210276c-0a83-4eff-a751-e7d204a3e32c into model nwt
I0623 01:56:34.729738 16276 cuckoo_watch.h:45] 0ms in ProcessBatch(modelsOfBA\aaaaag.batch) [including 0ms in LoadMessage; 0ms in InitializeSparseNdw; 0ms in InferThetaAndUpdateNwtSparse; 0ms in CalculateScore(^^^ItemsProcessedScore^^^); ]
I0623 01:56:34.729738 17100 processor.cc:898] Processor: complete processing batch 8bfb2576-c9e6-41ee-8c10-bd888b951365 into model nwt
I0623 01:56:34.729738 17100 cuckoo_watch.h:45] 0ms in ProcessBatch(modelsOfBA\aaaaaf.batch) [including 0ms in LoadMessage; 0ms in InitializeSparseNdw; 0ms in InferThetaAndUpdateNwtSparse; 0ms in CalculateScore(^^^ItemsProcessedScore^^^); ]
I0623 01:56:34.729738 16276 processor.cc:802] Processor: start processing batch 18ba30ca-4694-4c0e-a74d-9717410add4f into model nwt
I0623 01:56:34.729738 17100 processor.cc:802] Processor: start processing batch 329c1f36-e25f-451a-8967-a9fb9a8858ee into model nwt
I0623 01:56:34.730404 15460 processor.cc:724] Processing queue has data, processing started
I0623 01:56:34.730404 15928 processor.cc:724] Processing queue has data, processing started
I0623 01:56:34.730404 16524 processor.cc:898] Processor: complete processing batch 4fae714e-72a2-49d1-abbd-0a8aa06059b8 into model nwt
I0623 01:56:34.730404 17100 processor.cc:898] Processor: complete processing batch 329c1f36-e25f-451a-8967-a9fb9a8858ee into model nwt
I0623 01:56:34.730404 17100 cuckoo_watch.h:45] 0ms in ProcessBatch(modelsOfBA\aaaaai.batch) [including 0ms in LoadMessage; 0ms in InitializeSparseNdw; 0ms in InferThetaAndUpdateNwtSparse; 0ms in CalculateScore(^^^ItemsProcessedScore^^^); ]
I0623 01:56:34.730404 16524 cuckoo_watch.h:45] 2ms in ProcessBatch(modelsOfBA\aaaaac.batch) [including 0ms in LoadMessage; 0ms in InitializeSparseNdw; 1ms in InferThetaAndUpdateNwtSparse; 0ms in CalculateScore(^^^ItemsProcessedScore^^^); ]
I0623 01:56:34.730404 15928 processor.cc:802] Processor: start processing batch 22ad4f32-e277-412d-ab8a-833104cdcba2 into model nwt
I0623 01:56:34.730404 15928 processor.cc:898] Processor: complete processing batch 22ad4f32-e277-412d-ab8a-833104cdcba2 into model nwt
I0623 01:56:34.730404 15928 cuckoo_watch.h:45] 0ms in ProcessBatch(modelsOfBA\aaaaaj.batch) [including 0ms in LoadMessage; 0ms in InitializeSparseNdw; 0ms in InferThetaAndUpdateNwtSparse; 0ms in CalculateScore(^^^ItemsProcessedScore^^^); ]
I0623 01:56:34.730404 15460 processor.cc:802] Processor: start processing batch a5e3d4de-04d1-433e-b722-18574415e45a into model nwt
I0623 01:56:34.730404 16276 processor.cc:898] Processor: complete processing batch 18ba30ca-4694-4c0e-a74d-9717410add4f into model nwt
I0623 01:56:34.730404 16276 cuckoo_watch.h:45] 1ms in ProcessBatch(modelsOfBA\aaaaah.batch) [including 0ms in LoadMessage; 0ms in InitializeSparseNdw; 0ms in InferThetaAndUpdateNwtSparse; 0ms in CalculateScore(^^^ItemsProcessedScore^^^); ]
I0623 01:56:34.730404 15460 processor.cc:898] Processor: complete processing batch a5e3d4de-04d1-433e-b722-18574415e45a into model nwt
I0623 01:56:34.730404 15460 cuckoo_watch.h:45] 0ms in ProcessBatch(modelsOfBA\aaaaak.batch) [including 0ms in LoadMessage; 0ms in InitializeSparseNdw; 0ms in InferThetaAndUpdateNwtSparse; 0ms in CalculateScore(^^^ItemsProcessedScore^^^); ]
I0623 01:56:34.731071 16276 processor.cc:802] Processor: start processing batch 9ede6664-f412-4e38-af96-a0de7feb9a97 into model nwt
I0623 01:56:34.731071 16276 processor.cc:898] Processor: complete processing batch 9ede6664-f412-4e38-af96-a0de7feb9a97 into model nwt
I0623 01:56:34.731071 16276 cuckoo_watch.h:45] 0ms in ProcessBatch(modelsOfBA\aaaaal.batch) [including 0ms in LoadMessage; 0ms in InitializeSparseNdw; 0ms in InferThetaAndUpdateNwtSparse; 0ms in CalculateScore(^^^ItemsProcessedScore^^^); ]
I0623 01:56:34.731071 16276 processor.cc:802] Processor: start processing batch 5e8b9fc7-6a8a-42e0-abe3-3c7432777cdb into model nwt
I0623 01:56:34.731739 16276 processor.cc:898] Processor: complete processing batch 5e8b9fc7-6a8a-42e0-abe3-3c7432777cdb into model nwt
I0623 01:56:34.731739 16276 cuckoo_watch.h:45] 0ms in ProcessBatch(modelsOfBA\aaaaam.batch) [including 0ms in LoadMessage; 0ms in InitializeSparseNdw; 0ms in InferThetaAndUpdateNwtSparse; 0ms in CalculateScore(^^^ItemsProcessedScore^^^); ]
I0623 01:56:34.731739 16276 processor.cc:802] Processor: start processing batch 4b826b71-f723-49f7-8570-18d521c76bb8 into model nwt
I0623 01:56:34.731739 16276 processor.cc:898] Processor: complete processing batch 4b826b71-f723-49f7-8570-18d521c76bb8 into model nwt
I0623 01:56:34.731739 16276 cuckoo_watch.h:45] 0ms in ProcessBatch(modelsOfBA\aaaaan.batch) [including 0ms in LoadMessage; 0ms in InitializeSparseNdw; 0ms in InferThetaAndUpdateNwtSparse; 0ms in CalculateScore(^^^ItemsProcessedScore^^^); ]
I0623 01:56:34.732404 16276 processor.cc:802] Processor: start processing batch 354953cb-8176-40b5-80c5-c073ade3acf4 into model nwt
I0623 01:56:34.732404 16276 processor.cc:898] Processor: complete processing batch 354953cb-8176-40b5-80c5-c073ade3acf4 into model nwt
I0623 01:56:34.732404 16276 cuckoo_watch.h:45] 0ms in ProcessBatch(modelsOfBA\aaaaao.batch) [including 0ms in LoadMessage; 0ms in InitializeSparseNdw; 0ms in InferThetaAndUpdateNwtSparse; 0ms in CalculateScore(^^^ItemsProcessedScore^^^); ]
I0623 01:56:34.733072 19212 master_component.cc:1391] NormalizeModelArgs: pwt_target_name=pwt, nwt_source_name=nwt, rwt_source_name=
I0623 01:56:34.733072 19212 master_component.cc:952] MasterComponent: start normalizing model nwt
I0623 01:56:34.737740 19212 master_component.cc:980] MasterComponent: complete normalizing model nwt
I0623 01:56:34.739074 19212 master_component.cc:1415] DisposeModel rwt
I0623 01:56:34.739074 19212 master_component.cc:1005] FitOffline: ItemsProcessed, num_items=15, num_batches=15, token_weight=20124, token_weight_in_effect=20124
I0623 01:56:34.739740 12676 c_interface.cc:559] Pass GetScoreValueArgs, score_name=^^^ItemsProcessedScore^^^ to MasterComponent::Request
I0623 01:56:34.739740 12676 c_interface.cc:230] ArtmCopyRequestedMessage is copying 45 bytes...
I0623 01:56:34.740406 19212 c_interface.cc:386] Pass FitOfflineMasterModelArgs, batch_filename_size=15, batch_weight_size=15, num_collection_passes=1 to void (__cdecl artm::core::MasterComponent::*)(class artm::FitOfflineMasterModelArgs const & __ptr64) __ptr64
I0623 01:56:34.740406 19212 master_component.cc:1340] ProcessBatchesArgs: nwt_target_name=nwt, batch_filename_size=15, batch_size=0, batch_weight_size=15, pwt_source_name=pwt, num_document_passes=10, reuse_theta=no, opt_for_avx=yes, predict_class_id=
I0623 01:56:34.745741 15172 processor.cc:724] Processing queue has data, processing started
I0623 01:56:34.745741 15172 processor.cc:802] Processor: start processing batch 767ed1e0-8004-40de-8587-72dc5f5cb4c3 into model nwt
I0623 01:56:34.745741 15460 processor.cc:802] Processor: start processing batch 9eacf609-9863-4d19-a87a-976373f9c6ab into model nwt
I0623 01:56:34.745741 15172 processor.cc:898] Processor: complete processing batch 767ed1e0-8004-40de-8587-72dc5f5cb4c3 into model nwt
I0623 01:56:34.746408 15172 cuckoo_watch.h:45] 0ms in ProcessBatch(modelsOfBA\aaaaaa.batch) [including 0ms in LoadMessage; 0ms in InitializeSparseNdw; 0ms in InferThetaAndUpdateNwtSparse; 0ms in CalculateScore(^^^ItemsProcessedScore^^^); ]
I0623 01:56:34.746408 15460 processor.cc:898] Processor: complete processing batch 9eacf609-9863-4d19-a87a-976373f9c6ab into model nwt
I0623 01:56:34.746408 15460 cuckoo_watch.h:45] 0ms in ProcessBatch(modelsOfBA\aaaaab.batch) [including 0ms in LoadMessage; 0ms in InitializeSparseNdw; 0ms in InferThetaAndUpdateNwtSparse; 0ms in CalculateScore(^^^ItemsProcessedScore^^^); ]
I0623 01:56:34.746408 15172 processor.cc:802] Processor: start processing batch 4fae714e-72a2-49d1-abbd-0a8aa06059b8 into model nwt
I0623 01:56:34.746408 15460 processor.cc:802] Processor: start processing batch 8b69008b-3a50-4688-914d-c3529566f023 into model nwt
I0623 01:56:34.747076 15736 processor.cc:724] Processing queue has data, processing started
I0623 01:56:34.747076 15736 processor.cc:802] Processor: start processing batch 84b2bbb3-f03d-45e4-a233-09b2710e09da into model nwt
I0623 01:56:34.747076 15460 processor.cc:898] Processor: complete processing batch 8b69008b-3a50-4688-914d-c3529566f023 into model nwt
I0623 01:56:34.747076 15928 processor.cc:802] Processor: start processing batch 8bfb2576-c9e6-41ee-8c10-bd888b951365 into model nwt
I0623 01:56:34.747076 15460 cuckoo_watch.h:45] 0ms in ProcessBatch(modelsOfBA\aaaaad.batch) [including 0ms in LoadMessage; 0ms in InitializeSparseNdw; 0ms in InferThetaAndUpdateNwtSparse; 0ms in CalculateScore(^^^ItemsProcessedScore^^^); ]
I0623 01:56:34.747076 15460 processor.cc:802] Processor: start processing batch e210276c-0a83-4eff-a751-e7d204a3e32c into model nwt
I0623 01:56:34.747743 15460 processor.cc:898] Processor: complete processing batch e210276c-0a83-4eff-a751-e7d204a3e32c into model nwt
I0623 01:56:34.747743 15460 cuckoo_watch.h:45] 0ms in ProcessBatch(modelsOfBA\aaaaag.batch) [including 0ms in LoadMessage; 0ms in InitializeSparseNdw; 0ms in InferThetaAndUpdateNwtSparse; 0ms in CalculateScore(^^^ItemsProcessedScore^^^); ]
I0623 01:56:34.747743 15736 processor.cc:898] Processor: complete processing batch 84b2bbb3-f03d-45e4-a233-09b2710e09da into model nwt
I0623 01:56:34.747743 15736 cuckoo_watch.h:45] 0ms in ProcessBatch(modelsOfBA\aaaaae.batch) [including 0ms in LoadMessage; 0ms in InitializeSparseNdw; 0ms in InferThetaAndUpdateNwtSparse; 0ms in CalculateScore(^^^ItemsProcessedScore^^^); ]
I0623 01:56:34.747743 15928 processor.cc:898] Processor: complete processing batch 8bfb2576-c9e6-41ee-8c10-bd888b951365 into model nwt
I0623 01:56:34.747743 15928 cuckoo_watch.h:45] 1ms in ProcessBatch(modelsOfBA\aaaaaf.batch) [including 0ms in LoadMessage; 0ms in InitializeSparseNdw; 0ms in InferThetaAndUpdateNwtSparse; 0ms in CalculateScore(^^^ItemsProcessedScore^^^); ]
I0623 01:56:34.747743 15460 processor.cc:802] Processor: start processing batch 18ba30ca-4694-4c0e-a74d-9717410add4f into model nwt
I0623 01:56:34.747743 15736 processor.cc:802] Processor: start processing batch 329c1f36-e25f-451a-8967-a9fb9a8858ee into model nwt
I0623 01:56:34.748410 15736 processor.cc:898] Processor: complete processing batch 329c1f36-e25f-451a-8967-a9fb9a8858ee into model nwt
