I0322 21:48:34.652217 18804 processor.cc:898] Processor: complete processing batch 8cfd5d96-4bb6-4921-b27a-73bf3b305605 into model nwt
I0322 21:48:34.652217 18428 cuckoo_watch.h:45] 11ms in ProcessBatch(habrahabr\aaaaaf.batch) [including 1ms in LoadMessage; 0ms in InitializeSparseNdw; 4ms in InferThetaAndUpdateNwtSparse; 4ms in CalculateScore(^^^ItemsProcessedScore^^^); ]
I0322 21:48:34.652217 18804 cuckoo_watch.h:45] 11ms in ProcessBatch(habrahabr\aaaaad.batch) [including 1ms in LoadMessage; 0ms in InitializeSparseNdw; 4ms in InferThetaAndUpdateNwtSparse; 4ms in CalculateScore(^^^ItemsProcessedScore^^^); ]
I0322 21:48:34.653218 18228 master_component.cc:1391] NormalizeModelArgs: pwt_target_name=pwt, nwt_source_name=nwt, rwt_source_name=
I0322 21:48:34.653218 18228 master_component.cc:952] MasterComponent: start normalizing model nwt
I0322 21:48:34.662227 18228 master_component.cc:980] MasterComponent: complete normalizing model nwt
I0322 21:48:34.666230 18228 master_component.cc:1415] DisposeModel rwt
I0322 21:48:34.666230 18228 master_component.cc:1005] FitOffline: ItemsProcessed, num_items=45, num_batches=8, token_weight=264876, token_weight_in_effect=264876
I0322 21:48:34.666230 10920 c_interface.cc:559] Pass GetScoreValueArgs, score_name=^^^ItemsProcessedScore^^^ to MasterComponent::Request
I0322 21:48:34.667232 10920 c_interface.cc:230] ArtmCopyRequestedMessage is copying 45 bytes...
I0322 21:48:34.667232 18228 c_interface.cc:386] Pass FitOfflineMasterModelArgs, batch_filename_size=8, batch_weight_size=8, num_collection_passes=1 to void (__cdecl artm::core::MasterComponent::*)(class artm::FitOfflineMasterModelArgs const & __ptr64) __ptr64
I0322 21:48:34.667232 18228 master_component.cc:1340] ProcessBatchesArgs: nwt_target_name=nwt, batch_filename_size=8, batch_size=0, batch_weight_size=8, pwt_source_name=pwt, num_document_passes=10, reuse_theta=no, opt_for_avx=yes, predict_class_id=
I0322 21:48:34.677239 17728 processor.cc:802] Processor: start processing batch 89a4094b-d803-4a30-a075-c1acd0c80e0b into model nwt
I0322 21:48:34.678242 19108 processor.cc:802] Processor: start processing batch bf4921ba-fcd5-48e5-b42e-55ce347613c5 into model nwt
I0322 21:48:34.678242  7768 processor.cc:802] Processor: start processing batch d448d8b4-90bc-4f3b-81a0-ed95698a5573 into model nwt
I0322 21:48:34.678242 12452 processor.cc:802] Processor: start processing batch 2fb45dcf-f7cf-4706-9ac9-5f8564d79017 into model nwt
I0322 21:48:34.678242  4084 processor.cc:802] Processor: start processing batch d6b90fad-7f88-462d-8845-c7b1a973dd0a into model nwt
I0322 21:48:34.678242 21492 processor.cc:802] Processor: start processing batch 8cfd5d96-4bb6-4921-b27a-73bf3b305605 into model nwt
I0322 21:48:34.678242 18804 processor.cc:802] Processor: start processing batch 9bfe6bf2-3eac-4bd0-bcd2-024d866e5b74 into model nwt
I0322 21:48:34.678242 18428 processor.cc:802] Processor: start processing batch f5af66b6-d059-43d2-8636-1ab2105e4881 into model nwt
I0322 21:48:34.680243 17728 processor.cc:898] Processor: complete processing batch 89a4094b-d803-4a30-a075-c1acd0c80e0b into model nwt
I0322 21:48:34.680243 17728 cuckoo_watch.h:45] 3ms in ProcessBatch(habrahabr\aaaaab.batch) [including 0ms in LoadMessage; 0ms in InitializeSparseNdw; 1ms in InferThetaAndUpdateNwtSparse; 0ms in CalculateScore(^^^ItemsProcessedScore^^^); ]
I0322 21:48:34.681243 19108 processor.cc:898] Processor: complete processing batch bf4921ba-fcd5-48e5-b42e-55ce347613c5 into model nwt
I0322 21:48:34.681243 19108 cuckoo_watch.h:45] 4ms in ProcessBatch(habrahabr\aaaaaa.batch) [including 0ms in LoadMessage; 0ms in InitializeSparseNdw; 1ms in InferThetaAndUpdateNwtSparse; 1ms in CalculateScore(^^^ItemsProcessedScore^^^); ]
I0322 21:48:34.682245 12452 processor.cc:898] Processor: complete processing batch 2fb45dcf-f7cf-4706-9ac9-5f8564d79017 into model nwt
I0322 21:48:34.682245 12452 cuckoo_watch.h:45] 5ms in ProcessBatch(habrahabr\aaaaac.batch) [including 0ms in LoadMessage; 0ms in InitializeSparseNdw; 2ms in InferThetaAndUpdateNwtSparse; 1ms in CalculateScore(^^^ItemsProcessedScore^^^); ]
I0322 21:48:34.682245  4084 processor.cc:898] Processor: complete processing batch d6b90fad-7f88-462d-8845-c7b1a973dd0a into model nwt
I0322 21:48:34.682245  7768 processor.cc:898] Processor: complete processing batch d448d8b4-90bc-4f3b-81a0-ed95698a5573 into model nwt
I0322 21:48:34.682245  4084 cuckoo_watch.h:45] 5ms in ProcessBatch(habrahabr\aaaaae.batch) [including 0ms in LoadMessage; 0ms in InitializeSparseNdw; 2ms in InferThetaAndUpdateNwtSparse; 1ms in CalculateScore(^^^ItemsProcessedScore^^^); ]
I0322 21:48:34.683246  7768 cuckoo_watch.h:45] 6ms in ProcessBatch(habrahabr\aaaaah.batch) [including 0ms in LoadMessage; 0ms in InitializeSparseNdw; 2ms in InferThetaAndUpdateNwtSparse; 2ms in CalculateScore(^^^ItemsProcessedScore^^^); ]
I0322 21:48:34.685247  7080 processor.cc:717] No data in processing queue, waiting...
I0322 21:48:34.685247 15604 processor.cc:717] No data in processing queue, waiting...
I0322 21:48:34.685247  8704 processor.cc:717] No data in processing queue, waiting...
I0322 21:48:34.686249 18804 processor.cc:898] Processor: complete processing batch 9bfe6bf2-3eac-4bd0-bcd2-024d866e5b74 into model nwt
I0322 21:48:34.686249 21492 processor.cc:898] Processor: complete processing batch 8cfd5d96-4bb6-4921-b27a-73bf3b305605 into model nwt
I0322 21:48:34.686249 18804 cuckoo_watch.h:45] 9ms in ProcessBatch(habrahabr\aaaaaf.batch) [including 1ms in LoadMessage; 0ms in InitializeSparseNdw; 4ms in InferThetaAndUpdateNwtSparse; 3ms in CalculateScore(^^^ItemsProcessedScore^^^); ]
I0322 21:48:34.686249 18428 processor.cc:898] Processor: complete processing batch f5af66b6-d059-43d2-8636-1ab2105e4881 into model nwt
I0322 21:48:34.687249 18428 cuckoo_watch.h:45] 10ms in ProcessBatch(habrahabr\aaaaag.batch) [including 1ms in LoadMessage; 0ms in InitializeSparseNdw; 4ms in InferThetaAndUpdateNwtSparse; 3ms in CalculateScore(^^^ItemsProcessedScore^^^); ]
I0322 21:48:34.687249 21492 cuckoo_watch.h:45] 10ms in ProcessBatch(habrahabr\aaaaad.batch) [including 1ms in LoadMessage; 0ms in InitializeSparseNdw; 4ms in InferThetaAndUpdateNwtSparse; 3ms in CalculateScore(^^^ItemsProcessedScore^^^); ]
I0322 21:48:34.689250 18228 master_component.cc:1391] NormalizeModelArgs: pwt_target_name=pwt, nwt_source_name=nwt, rwt_source_name=
I0322 21:48:34.689250 18228 master_component.cc:952] MasterComponent: start normalizing model nwt
I0322 21:48:34.699260 18228 master_component.cc:980] MasterComponent: complete normalizing model nwt
I0322 21:48:34.703263 18228 master_component.cc:1415] DisposeModel rwt
I0322 21:48:34.703263 18228 master_component.cc:1005] FitOffline: ItemsProcessed, num_items=45, num_batches=8, token_weight=264876, token_weight_in_effect=264876
I0322 21:48:34.704264 10920 c_interface.cc:559] Pass GetScoreValueArgs, score_name=^^^ItemsProcessedScore^^^ to MasterComponent::Request
I0322 21:48:34.704264 10920 c_interface.cc:230] ArtmCopyRequestedMessage is copying 45 bytes...
I0322 21:48:34.705266 18228 c_interface.cc:386] Pass FitOfflineMasterModelArgs, batch_filename_size=8, batch_weight_size=8, num_collection_passes=1 to void (__cdecl artm::core::MasterComponent::*)(class artm::FitOfflineMasterModelArgs const & __ptr64) __ptr64
I0322 21:48:34.705266 18228 master_component.cc:1340] ProcessBatchesArgs: nwt_target_name=nwt, batch_filename_size=8, batch_size=0, batch_weight_size=8, pwt_source_name=pwt, num_document_passes=10, reuse_theta=no, opt_for_avx=yes, predict_class_id=
I0322 21:48:34.713272 15604 processor.cc:724] Processing queue has data, processing started
I0322 21:48:34.713272  8704 processor.cc:724] Processing queue has data, processing started
I0322 21:48:34.713272 21492 processor.cc:802] Processor: start processing batch 89a4094b-d803-4a30-a075-c1acd0c80e0b into model nwt
I0322 21:48:34.713272 15604 processor.cc:802] Processor: start processing batch bf4921ba-fcd5-48e5-b42e-55ce347613c5 into model nwt
I0322 21:48:34.713272  8704 processor.cc:802] Processor: start processing batch 2fb45dcf-f7cf-4706-9ac9-5f8564d79017 into model nwt
I0322 21:48:34.715274 21492 processor.cc:898] Processor: complete processing batch 89a4094b-d803-4a30-a075-c1acd0c80e0b into model nwt
I0322 21:48:34.715274 21492 cuckoo_watch.h:45] 2ms in ProcessBatch(habrahabr\aaaaab.batch) [including 0ms in LoadMessage; 0ms in InitializeSparseNdw; 1ms in InferThetaAndUpdateNwtSparse; 0ms in CalculateScore(^^^ItemsProcessedScore^^^); ]
I0322 21:48:34.716274 15604 processor.cc:898] Processor: complete processing batch bf4921ba-fcd5-48e5-b42e-55ce347613c5 into model nwt
I0322 21:48:34.716274 15604 cuckoo_watch.h:45] 3ms in ProcessBatch(habrahabr\aaaaaa.batch) [including 0ms in LoadMessage; 0ms in InitializeSparseNdw; 1ms in InferThetaAndUpdateNwtSparse; 1ms in CalculateScore(^^^ItemsProcessedScore^^^); ]
I0322 21:48:34.717275 15468 processor.cc:724] Processing queue has data, processing started
I0322 21:48:34.717275 21492 processor.cc:802] Processor: start processing batch 8cfd5d96-4bb6-4921-b27a-73bf3b305605 into model nwt
I0322 21:48:34.717275  8704 processor.cc:898] Processor: complete processing batch 2fb45dcf-f7cf-4706-9ac9-5f8564d79017 into model nwt
I0322 21:48:34.717275  8704 cuckoo_watch.h:45] 4ms in ProcessBatch(habrahabr\aaaaac.batch) [including 0ms in LoadMessage; 0ms in InitializeSparseNdw; 1ms in InferThetaAndUpdateNwtSparse; 1ms in CalculateScore(^^^ItemsProcessedScore^^^); ]
I0322 21:48:34.717275 15604 processor.cc:802] Processor: start processing batch d6b90fad-7f88-462d-8845-c7b1a973dd0a into model nwt
I0322 21:48:34.718278 15512 processor.cc:802] Processor: start processing batch 9bfe6bf2-3eac-4bd0-bcd2-024d866e5b74 into model nwt
I0322 21:48:34.718278 15468 processor.cc:802] Processor: start processing batch d448d8b4-90bc-4f3b-81a0-ed95698a5573 into model nwt
I0322 21:48:34.718278 18428 processor.cc:802] Processor: start processing batch f5af66b6-d059-43d2-8636-1ab2105e4881 into model nwt
I0322 21:48:34.720279 19076 processor.cc:717] No data in processing queue, waiting...
I0322 21:48:34.721280 15604 processor.cc:898] Processor: complete processing batch d6b90fad-7f88-462d-8845-c7b1a973dd0a into model nwt
I0322 21:48:34.722280 15604 cuckoo_watch.h:45] 5ms in ProcessBatch(habrahabr\aaaaae.batch) [including 0ms in LoadMessage; 0ms in InitializeSparseNdw; 2ms in InferThetaAndUpdateNwtSparse; 1ms in CalculateScore(^^^ItemsProcessedScore^^^); ]
I0322 21:48:34.723281 15468 processor.cc:898] Processor: complete processing batch d448d8b4-90bc-4f3b-81a0-ed95698a5573 into model nwt
I0322 21:48:34.723281 15468 cuckoo_watch.h:45] 6ms in ProcessBatch(habrahabr\aaaaah.batch) [including 1ms in LoadMessage; 0ms in InitializeSparseNdw; 2ms in InferThetaAndUpdateNwtSparse; 2ms in CalculateScore(^^^ItemsProcessedScore^^^); ]
I0322 21:48:34.724282 15512 processor.cc:898] Processor: complete processing batch 9bfe6bf2-3eac-4bd0-bcd2-024d866e5b74 into model nwt
I0322 21:48:34.725284 15512 cuckoo_watch.h:45] 8ms in ProcessBatch(habrahabr\aaaaaf.batch) [including 1ms in LoadMessage; 0ms in InitializeSparseNdw; 3ms in InferThetaAndUpdateNwtSparse; 3ms in CalculateScore(^^^ItemsProcessedScore^^^); ]
I0322 21:48:34.727285 21492 processor.cc:898] Processor: complete processing batch 8cfd5d96-4bb6-4921-b27a-73bf3b305605 into model nwt
I0322 21:48:34.727285 18428 processor.cc:898] Processor: complete processing batch f5af66b6-d059-43d2-8636-1ab2105e4881 into model nwt
I0322 21:48:34.727285 21492 cuckoo_watch.h:45] 11ms in ProcessBatch(habrahabr\aaaaad.batch) [including 1ms in LoadMessage; 0ms in InitializeSparseNdw; 5ms in InferThetaAndUpdateNwtSparse; 4ms in CalculateScore(^^^ItemsProcessedScore^^^); ]
I0322 21:48:34.727285 18428 cuckoo_watch.h:45] 10ms in ProcessBatch(habrahabr\aaaaag.batch) [including 1ms in LoadMessage; 0ms in InitializeSparseNdw; 4ms in InferThetaAndUpdateNwtSparse; 4ms in CalculateScore(^^^ItemsProcessedScore^^^); ]
I0322 21:48:34.731290 18228 master_component.cc:1391] NormalizeModelArgs: pwt_target_name=pwt, nwt_source_name=nwt, rwt_source_name=
I0322 21:48:34.731290 18228 master_component.cc:952] MasterComponent: start normalizing model nwt
I0322 21:48:34.739298 18228 master_component.cc:980] MasterComponent: complete normalizing model nwt
I0322 21:48:34.743302 18228 master_component.cc:1415] DisposeModel rwt
I0322 21:48:34.743302 18228 master_component.cc:1005] FitOffline: ItemsProcessed, num_items=45, num_batches=8, token_weight=264876, token_weight_in_effect=264876
I0322 21:48:34.744303 10920 c_interface.cc:559] Pass GetScoreValueArgs, score_name=^^^ItemsProcessedScore^^^ to MasterComponent::Request
I0322 21:48:34.744303 10920 c_interface.cc:230] ArtmCopyRequestedMessage is copying 45 bytes...
I0322 21:48:34.744303 10920 c_interface.cc:230] ArtmCopyRequestedMessage is copying 20380 bytes...
I0322 21:48:34.746305 10920 c_interface.cc:230] ArtmCopyRequestedMessage is copying 20380 bytes...
I0322 21:48:34.748306 10920 c_interface.cc:230] ArtmCopyRequestedMessage is copying 20380 bytes...
I0322 21:48:34.750308 10920 c_interface.cc:230] ArtmCopyRequestedMessage is copying 20380 bytes...
I0322 21:48:34.751309 17728 processor.cc:717] No data in processing queue, waiting...
I0322 21:48:34.752310 10920 c_interface.cc:230] ArtmCopyRequestedMessage is copying 20380 bytes...
I0322 21:48:34.754312 10920 c_interface.cc:230] ArtmCopyRequestedMessage is copying 20380 bytes...
I0322 21:48:34.755312  7768 processor.cc:717] No data in processing queue, waiting...
I0322 21:48:34.755312 19108 processor.cc:717] No data in processing queue, waiting...
I0322 21:48:34.755312 12452 processor.cc:717] No data in processing queue, waiting...
I0322 21:48:34.755312  4084 processor.cc:717] No data in processing queue, waiting...
I0322 21:48:34.756314 10920 c_interface.cc:230] ArtmCopyRequestedMessage is copying 20380 bytes...
I0322 21:48:34.758316 10920 c_interface.cc:230] ArtmCopyRequestedMessage is copying 20380 bytes...
I0322 21:48:34.759316 18804 processor.cc:717] No data in processing queue, waiting...
I0322 21:48:34.760318 10920 c_interface.cc:230] ArtmCopyRequestedMessage is copying 20380 bytes...
I0322 21:48:34.762320 10920 c_interface.cc:230] ArtmCopyRequestedMessage is copying 20380 bytes...
I0322 21:48:34.764322 10920 c_interface.cc:230] ArtmCopyRequestedMessage is copying 20380 bytes...
I0322 21:48:34.766324 10920 c_interface.cc:230] ArtmCopyRequestedMessage is copying 20380 bytes...
I0322 21:48:34.768326 10920 c_interface.cc:230] ArtmCopyRequestedMessage is copying 20380 bytes...
I0322 21:48:34.770328 10920 c_interface.cc:230] ArtmCopyRequestedMessage is copying 20380 bytes...
I0322 21:48:34.771327 10920 c_interface.cc:230] ArtmCopyRequestedMessage is copying 20380 bytes...
I0322 21:48:34.773329 10920 c_interface.cc:230] ArtmCopyRequestedMessage is copying 20380 bytes...
I0322 21:48:34.775331 10920 c_interface.cc:230] ArtmCopyRequestedMessage is copying 20380 bytes...
I0322 21:48:34.777333 10920 c_interface.cc:230] ArtmCopyRequestedMessage is copying 20380 bytes...
I0322 21:48:34.779335 10920 c_interface.cc:230] ArtmCopyRequestedMessage is copying 20380 bytes...
I0322 21:48:34.781337 10920 c_interface.cc:230] ArtmCopyRequestedMessage is copying 20380 bytes...
I0322 21:48:34.783339 10920 c_interface.cc:230] ArtmCopyRequestedMessage is copying 20380 bytes...
I0322 21:48:34.785341 10920 c_interface.cc:230] ArtmCopyRequestedMessage is copying 20380 bytes...
I0322 21:48:34.787343 10920 c_interface.cc:230] ArtmCopyRequestedMessage is copying 20380 bytes...
I0322 21:48:34.789345 10920 c_interface.cc:230] ArtmCopyRequestedMessage is copying 20380 bytes...
I0322 21:48:34.791347  8704 processor.cc:717] No data in processing queue, waiting...
I0322 21:48:34.791347 10920 c_interface.cc:230] ArtmCopyRequestedMessage is copying 20380 bytes...
I0322 21:48:34.793347 10920 c_interface.cc:230] ArtmCopyRequestedMessage is copying 20380 bytes...
I0322 21:48:34.795349 15604 processor.cc:717] No data in processing queue, waiting...
I0322 21:48:34.795349 15468 processor.cc:717] No data in processing queue, waiting...
I0322 21:48:34.795349 10920 c_interface.cc:230] ArtmCopyRequestedMessage is copying 20380 bytes...
I0322 21:48:34.797351 10920 c_interface.cc:230] ArtmCopyRequestedMessage is copying 20380 bytes...
I0322 21:48:34.799353 15512 processor.cc:717] No data in processing queue, waiting...
I0322 21:48:34.799353 10920 c_interface.cc:230] ArtmCopyRequestedMessage is copying 20380 bytes...
I0322 21:48:34.801355 10920 c_interface.cc:230] ArtmCopyRequestedMessage is copying 20380 bytes...
I0322 21:48:34.803357 21492 processor.cc:717] No data in processing queue, waiting...
I0322 21:48:34.803357 18428 processor.cc:717] No data in processing queue, waiting...
I0322 21:48:34.803357 10920 c_interface.cc:230] ArtmCopyRequestedMessage is copying 20380 bytes...
I0322 21:48:34.805358 10920 c_interface.cc:230] ArtmCopyRequestedMessage is copying 20380 bytes...
I0322 21:48:34.806360 10920 c_interface.cc:230] ArtmCopyRequestedMessage is copying 20380 bytes...
I0322 21:48:34.808362 10920 c_interface.cc:230] ArtmCopyRequestedMessage is copying 20380 bytes...
I0322 21:48:34.810362 10920 c_interface.cc:230] ArtmCopyRequestedMessage is copying 20380 bytes...
I0322 21:48:34.812366 10920 c_interface.cc:230] ArtmCopyRequestedMessage is copying 20380 bytes...
I0322 21:48:34.814366 10920 c_interface.cc:230] ArtmCopyRequestedMessage is copying 20380 bytes...
I0322 21:48:34.816370 10920 c_interface.cc:230] ArtmCopyRequestedMessage is copying 20380 bytes...
I0322 21:48:34.818370 10920 c_interface.cc:230] ArtmCopyRequestedMessage is copying 20380 bytes...
I0322 21:48:34.820374 10920 c_interface.cc:230] ArtmCopyRequestedMessage is copying 20380 bytes...
I0322 21:48:34.822373 10920 c_interface.cc:230] ArtmCopyRequestedMessage is copying 20380 bytes...
I0322 21:48:34.824376 10920 c_interface.cc:230] ArtmCopyRequestedMessage is copying 20380 bytes...
I0322 21:48:34.825376 10920 c_interface.cc:230] ArtmCopyRequestedMessage is copying 20380 bytes...
I0322 21:48:34.827379 10920 c_interface.cc:230] ArtmCopyRequestedMessage is copying 20380 bytes...
I0322 21:48:34.829380 10920 c_interface.cc:230] ArtmCopyRequestedMessage is copying 20380 bytes...
I0322 21:48:34.831382 10920 c_interface.cc:230] ArtmCopyRequestedMessage is copying 20380 bytes...
I0322 21:48:34.833384 10920 c_interface.cc:230] ArtmCopyRequestedMessage is copying 20380 bytes...
I0322 21:48:34.835386 10920 c_interface.cc:230] ArtmCopyRequestedMessage is copying 20380 bytes...
I0322 21:48:34.837388 10920 c_interface.cc:230] ArtmCopyRequestedMessage is copying 20380 bytes...
I0322 21:48:34.839390 10920 c_interface.cc:230] ArtmCopyRequestedMessage is copying 20380 bytes...
I0322 21:48:34.841392 10920 c_interface.cc:230] ArtmCopyRequestedMessage is copying 20380 bytes...
I0322 21:48:34.843394 10920 c_interface.cc:230] ArtmCopyRequestedMessage is copying 20380 bytes...
I0322 21:48:34.844393 10920 c_interface.cc:230] ArtmCopyRequestedMessage is copying 20380 bytes...
I0322 21:48:34.846395 10920 c_interface.cc:230] ArtmCopyRequestedMessage is copying 20380 bytes...
I0322 21:48:34.848398 10920 c_interface.cc:230] ArtmCopyRequestedMessage is copying 20380 bytes...
I0322 21:48:34.850399 10920 c_interface.cc:230] ArtmCopyRequestedMessage is copying 20380 bytes...
I0322 21:48:34.852401 10920 c_interface.cc:230] ArtmCopyRequestedMessage is copying 20380 bytes...
I0322 21:48:34.854403 10920 c_interface.cc:230] ArtmCopyRequestedMessage is copying 20380 bytes...
I0322 21:48:34.856406 10920 c_interface.cc:230] ArtmCopyRequestedMessage is copying 20380 bytes...
I0322 21:48:34.858407 10920 c_interface.cc:230] ArtmCopyRequestedMessage is copying 20380 bytes...
I0322 21:48:34.860409 10920 c_interface.cc:230] ArtmCopyRequestedMessage is copying 20380 bytes...
I0322 21:48:34.862411 10920 c_interface.cc:230] ArtmCopyRequestedMessage is copying 20380 bytes...
I0322 21:48:34.864413 10920 c_interface.cc:230] ArtmCopyRequestedMessage is copying 20380 bytes...
I0322 21:48:34.866415 10920 c_interface.cc:230] ArtmCopyRequestedMessage is copying 20380 bytes...
I0322 21:48:34.868415 10920 c_interface.cc:230] ArtmCopyRequestedMessage is copying 20380 bytes...
I0322 21:48:34.870417 10920 c_interface.cc:230] ArtmCopyRequestedMessage is copying 20380 bytes...
I0322 21:48:34.872421 10920 c_interface.cc:230] ArtmCopyRequestedMessage is copying 20380 bytes...
I0322 21:48:34.874421 10920 c_interface.cc:230] ArtmCopyRequestedMessage is copying 20380 bytes...
I0322 21:48:34.876423 10920 c_interface.cc:230] ArtmCopyRequestedMessage is copying 20380 bytes...
I0322 21:48:34.877424 10920 c_interface.cc:230] ArtmCopyRequestedMessage is copying 20380 bytes...
I0322 21:48:34.879426 10920 c_interface.cc:230] ArtmCopyRequestedMessage is copying 20380 bytes...
I0322 21:48:34.881428 10920 c_interface.cc:230] ArtmCopyRequestedMessage is copying 20380 bytes...
I0322 21:48:34.883430 10920 c_interface.cc:230] ArtmCopyRequestedMessage is copying 20380 bytes...
I0322 21:48:34.885432 10920 c_interface.cc:230] ArtmCopyRequestedMessage is copying 20380 bytes...
I0322 21:48:34.887434 10920 c_interface.cc:230] ArtmCopyRequestedMessage is copying 20380 bytes...
I0322 21:48:34.889436 10920 c_interface.cc:230] ArtmCopyRequestedMessage is copying 20380 bytes...
I0322 21:48:34.891438 10920 c_interface.cc:230] ArtmCopyRequestedMessage is copying 20380 bytes...
I0322 21:48:34.893440 10920 c_interface.cc:230] ArtmCopyRequestedMessage is copying 20380 bytes...
I0322 21:48:34.895440 10920 c_interface.cc:230] ArtmCopyRequestedMessage is copying 20380 bytes...
I0322 21:48:34.897442 10920 c_interface.cc:230] ArtmCopyRequestedMessage is copying 20380 bytes...
I0322 21:48:34.899444 10920 c_interface.cc:230] ArtmCopyRequestedMessage is copying 20380 bytes...
I0322 21:48:34.900445 10920 c_interface.cc:230] ArtmCopyRequestedMessage is copying 20380 bytes...
I0322 21:48:34.902446 10920 c_interface.cc:230] ArtmCopyRequestedMessage is copying 20380 bytes...
I0322 21:48:34.904448 10920 c_interface.cc:230] ArtmCopyRequestedMessage is copying 20380 bytes...
I0322 21:48:34.906450 10920 c_interface.cc:230] ArtmCopyRequestedMessage is copying 20380 bytes...
I0322 21:48:34.908452 10920 c_interface.cc:230] ArtmCopyRequestedMessage is copying 20380 bytes...
I0322 21:48:34.910454 10920 c_interface.cc:230] ArtmCopyRequestedMessage is copying 20380 bytes...
I0322 21:48:34.912456 10920 c_interface.cc:230] ArtmCopyRequestedMessage is copying 20380 bytes...
I0322 21:48:34.914458 10920 c_interface.cc:230] ArtmCopyRequestedMessage is copying 20380 bytes...
I0322 21:48:34.916460 10920 c_interface.cc:230] ArtmCopyRequestedMessage is copying 20380 bytes...
I0322 21:48:34.918462 10920 c_interface.cc:230] ArtmCopyRequestedMessage is copying 20380 bytes...
I0322 21:48:34.919462 10920 c_interface.cc:230] ArtmCopyRequestedMessage is copying 20380 bytes...
I0322 21:48:34.921464 10920 c_interface.cc:230] ArtmCopyRequestedMessage is copying 20380 bytes...
I0322 21:48:34.923466 10920 c_interface.cc:230] ArtmCopyRequestedMessage is copying 20380 bytes...
I0322 21:48:34.925467 10920 c_interface.cc:230] ArtmCopyRequestedMessage is copying 20380 bytes...
I0322 21:48:34.927470 10920 c_interface.cc:230] ArtmCopyRequestedMessage is copying 20380 bytes...
I0322 21:48:34.929471 10920 c_interface.cc:230] ArtmCopyRequestedMessage is copying 20380 bytes...
I0322 21:48:34.931474 10920 c_interface.cc:230] ArtmCopyRequestedMessage is copying 20380 bytes...
I0322 21:48:34.933475 10920 c_interface.cc:230] ArtmCopyRequestedMessage is copying 20380 bytes...
I0322 21:48:34.935477 10920 c_interface.cc:230] ArtmCopyRequestedMessage is copying 20380 bytes...
I0322 21:48:34.936477 10920 c_interface.cc:230] ArtmCopyRequestedMessage is copying 20380 bytes...
I0322 21:48:34.939481 10920 c_interface.cc:230] ArtmCopyRequestedMessage is copying 20380 bytes...
I0322 21:48:34.940481 10920 c_interface.cc:230] ArtmCopyRequestedMessage is copying 20380 bytes...
I0322 21:48:34.942484 10920 c_in